10.240.0.224 - - [08/Sep/2017:07:44:07 +0000] "GET /hello-world.html HTTP/1.1" 200 1017 "-" "Mozilla/5.0 (X11; Linux x86_64; rv:45.0) Gecko/20100101 Firefox/45.0"
10.240.0.224 - - [08/Sep/2017:07:44:12 +0000] "GET /hello-world.html HTTP/1.1" 200 1017 "-" "Mozilla/5.0 (X11; Linux x86_64; rv:45.0) Gecko/20100101 Firefox/45.0"
10.240.1.45 - - [08/Sep/2017:07:45:58 +0000] "GET /hello-world.html HTTP/1.1" 200 1065 "-" "Mozilla/5.0 (X11; Linux x86_64; rv:45.0) Gecko/20100101 Firefox/45.0"
10.240.1.31 - - [08/Sep/2017:09:20:11 +0000] "GET /favicon.ico HTTP/1.1" 404 522 "https://web-application-n0ne.c9users.io/homePage.html" "Mozilla/5.0 (Windows NT 10.0; Win64; x64) AppleWebKit/537.36 (KHTML, like Gecko) Chrome/60.0.3112.113 Safari/537.36"
10.240.1.18 - - [08/Sep/2017:09:20:12 +0000] "GET /homePage.html HTTP/1.1" 200 557 "https://web-application-n0ne.c9users.io/homePage.html" "Mozilla/5.0 (Windows NT 10.0; Win64; x64) AppleWebKit/537.36 (KHTML, like Gecko) Chrome/60.0.3112.113 Safari/537.36"
10.240.0.189 - - [08/Sep/2017:09:20:13 +0000] "GET /img/naruto.png HTTP/1.1" 200 682057 "https://web-application-n0ne.c9users.io/homePage.html" "Mozilla/5.0 (Windows NT 10.0; Win64; x64) AppleWebKit/537.36 (KHTML, like Gecko) Chrome/60.0.3112.113 Safari/537.36"
10.240.1.18 - - [08/Sep/2017:09:20:16 +0000] "GET /hello-world.html HTTP/1.1" 200 1017 "https://web-application-n0ne.c9users.io/homePage.html" "Mozilla/5.0 (Windows NT 10.0; Win64; x64) AppleWebKit/537.36 (KHTML, like Gecko) Chrome/60.0.3112.113 Safari/537.36"
10.240.1.18 - - [08/Sep/2017:09:22:45 +0000] "GET /homePage.html HTTP/1.1" 200 570 "https://web-application-n0ne.c9users.io/homePage.html" "Mozilla/5.0 (Windows NT 10.0; Win64; x64) AppleWebKit/537.36 (KHTML, like Gecko) Chrome/60.0.3112.113 Safari/537.36"
10.240.1.14 - - [08/Sep/2017:09:22:45 +0000] "GET /img/naruto.png HTTP/1.1" 304 182 "https://web-application-n0ne.c9users.io/homePage.html" "Mozilla/5.0 (Windows NT 10.0; Win64; x64) AppleWebKit/537.36 (KHTML, like Gecko) Chrome/60.0.3112.113 Safari/537.36"
10.240.1.18 - - [08/Sep/2017:09:24:47 +0000] "GET /homePage.html HTTP/1.1" 200 564 "https://web-application-n0ne.c9users.io/homePage.html" "Mozilla/5.0 (Windows NT 10.0; Win64; x64) AppleWebKit/537.36 (KHTML, like Gecko) Chrome/60.0.3112.113 Safari/537.36"
10.240.1.18 - - [08/Sep/2017:09:24:47 +0000] "GET /img/naruto.png HTTP/1.1" 304 182 "https://web-application-n0ne.c9users.io/homePage.html" "Mozilla/5.0 (Windows NT 10.0; Win64; x64) AppleWebKit/537.36 (KHTML, like Gecko) Chrome/60.0.3112.113 Safari/537.36"
10.240.1.4 - - [08/Sep/2017:09:24:49 +0000] "GET /hello-world.html HTTP/1.1" 200 1017 "https://web-application-n0ne.c9users.io/homePage.html" "Mozilla/5.0 (Windows NT 10.0; Win64; x64) AppleWebKit/537.36 (KHTML, like Gecko) Chrome/60.0.3112.113 Safari/537.36"
10.240.1.14 - - [08/Sep/2017:09:28:12 +0000] "GET /homePage.html HTTP/1.1" 200 585 "https://web-application-n0ne.c9users.io/homePage.html" "Mozilla/5.0 (Windows NT 10.0; Win64; x64) AppleWebKit/537.36 (KHTML, like Gecko) Chrome/60.0.3112.113 Safari/537.36"
10.240.1.14 - - [08/Sep/2017:09:28:12 +0000] "GET /img/naruto.png HTTP/1.1" 304 182 "https://web-application-n0ne.c9users.io/homePage.html" "Mozilla/5.0 (Windows NT 10.0; Win64; x64) AppleWebKit/537.36 (KHTML, like Gecko) Chrome/60.0.3112.113 Safari/537.36"
10.240.1.4 - - [08/Sep/2017:09:28:13 +0000] "GET /img/nanatsu.png HTTP/1.1" 404 526 "https://web-application-n0ne.c9users.io/homePage.html" "Mozilla/5.0 (Windows NT 10.0; Win64; x64) AppleWebKit/537.36 (KHTML, like Gecko) Chrome/60.0.3112.113 Safari/537.36"
10.240.1.31 - - [08/Sep/2017:09:30:35 +0000] "GET /homePage.html HTTP/1.1" 200 590 "https://web-application-n0ne.c9users.io/homePage.html" "Mozilla/5.0 (Windows NT 10.0; Win64; x64) AppleWebKit/537.36 (KHTML, like Gecko) Chrome/60.0.3112.113 Safari/537.36"
10.240.1.4 - - [08/Sep/2017:09:30:35 +0000] "GET /img/naruto.png HTTP/1.1" 304 182 "https://web-application-n0ne.c9users.io/homePage.html" "Mozilla/5.0 (Windows NT 10.0; Win64; x64) AppleWebKit/537.36 (KHTML, like Gecko) Chrome/60.0.3112.113 Safari/537.36"
10.240.1.31 - - [08/Sep/2017:09:30:35 +0000] "GET /img/escanor.png HTTP/1.1" 200 1358822 "https://web-application-n0ne.c9users.io/homePage.html" "Mozilla/5.0 (Windows NT 10.0; Win64; x64) AppleWebKit/537.36 (KHTML, like Gecko) Chrome/60.0.3112.113 Safari/537.36"
10.240.1.67 - - [08/Sep/2017:09:32:12 +0000] "GET /homePage.html HTTP/1.1" 200 645 "https://web-application-n0ne.c9users.io/homePage.html" "Mozilla/5.0 (Windows NT 10.0; Win64; x64) AppleWebKit/537.36 (KHTML, like Gecko) Chrome/60.0.3112.113 Safari/537.36"
10.240.1.45 - - [08/Sep/2017:09:32:13 +0000] "GET /img/naruto.png HTTP/1.1" 304 182 "https://web-application-n0ne.c9users.io/homePage.html" "Mozilla/5.0 (Windows NT 10.0; Win64; x64) AppleWebKit/537.36 (KHTML, like Gecko) Chrome/60.0.3112.113 Safari/537.36"
10.240.1.4 - - [08/Sep/2017:09:32:13 +0000] "GET /img/escanor.png HTTP/1.1" 304 183 "https://web-application-n0ne.c9users.io/homePage.html" "Mozilla/5.0 (Windows NT 10.0; Win64; x64) AppleWebKit/537.36 (KHTML, like Gecko) Chrome/60.0.3112.113 Safari/537.36"
10.240.1.4 - - [08/Sep/2017:09:32:35 +0000] "GET /homePage.html HTTP/1.1" 200 646 "https://web-application-n0ne.c9users.io/homePage.html" "Mozilla/5.0 (Windows NT 10.0; Win64; x64) AppleWebKit/537.36 (KHTML, like Gecko) Chrome/60.0.3112.113 Safari/537.36"
10.240.1.4 - - [08/Sep/2017:09:32:35 +0000] "GET /img/escanor.png HTTP/1.1" 304 183 "https://web-application-n0ne.c9users.io/homePage.html" "Mozilla/5.0 (Windows NT 10.0; Win64; x64) AppleWebKit/537.36 (KHTML, like Gecko) Chrome/60.0.3112.113 Safari/537.36"
10.240.1.18 - - [08/Sep/2017:12:21:14 +0000] "GET /homePage.html HTTP/1.1" 200 646 "-" "Mozilla/5.0 (Windows NT 10.0; Win64; x64) AppleWebKit/537.36 (KHTML, like Gecko) Chrome/60.0.3112.113 Safari/537.36"
10.240.1.18 - - [08/Sep/2017:12:21:14 +0000] "GET /img/naruto.png HTTP/1.1" 304 182 "https://web-application-n0ne.c9users.io/homePage.html" "Mozilla/5.0 (Windows NT 10.0; Win64; x64) AppleWebKit/537.36 (KHTML, like Gecko) Chrome/60.0.3112.113 Safari/537.36"
10.240.1.45 - - [08/Sep/2017:12:21:15 +0000] "GET /img/escanor.png HTTP/1.1" 304 183 "https://web-application-n0ne.c9users.io/homePage.html" "Mozilla/5.0 (Windows NT 10.0; Win64; x64) AppleWebKit/537.36 (KHTML, like Gecko) Chrome/60.0.3112.113 Safari/537.36"
10.240.1.45 - - [08/Sep/2017:12:24:24 +0000] "GET /hello-world.html HTTP/1.1" 200 1017 "https://web-application-n0ne.c9users.io/homePage.html" "Mozilla/5.0 (Windows NT 10.0; Win64; x64) AppleWebKit/537.36 (KHTML, like Gecko) Chrome/60.0.3112.113 Safari/537.36"
10.240.1.31 - - [09/Sep/2017:16:58:21 +0000] "GET /favicon.ico HTTP/1.1" 404 522 "https://web-application-n0ne.c9users.io/homePage.html" "Mozilla/5.0 (X11; Linux x86_64) AppleWebKit/537.36 (KHTML, like Gecko) Chrome/57.0.2987.110 Safari/537.36"
10.240.1.45 - - [09/Sep/2017:16:58:22 +0000] "GET /homePage.html HTTP/1.1" 200 646 "https://web-application-n0ne.c9users.io/homePage.html" "Mozilla/5.0 (X11; Linux x86_64) AppleWebKit/537.36 (KHTML, like Gecko) Chrome/57.0.2987.110 Safari/537.36"
10.240.1.31 - - [09/Sep/2017:16:58:22 +0000] "GET /img/naruto.png HTTP/1.1" 200 682057 "https://web-application-n0ne.c9users.io/homePage.html" "Mozilla/5.0 (X11; Linux x86_64) AppleWebKit/537.36 (KHTML, like Gecko) Chrome/57.0.2987.110 Safari/537.36"
10.240.1.14 - - [09/Sep/2017:16:58:23 +0000] "GET /img/escanor.png HTTP/1.1" 200 1358822 "https://web-application-n0ne.c9users.io/homePage.html" "Mozilla/5.0 (X11; Linux x86_64) AppleWebKit/537.36 (KHTML, like Gecko) Chrome/57.0.2987.110 Safari/537.36"
10.240.1.14 - - [09/Sep/2017:16:58:28 +0000] "GET /hello-world.html HTTP/1.1" 200 1017 "https://web-application-n0ne.c9users.io/homePage.html" "Mozilla/5.0 (X11; Linux x86_64) AppleWebKit/537.36 (KHTML, like Gecko) Chrome/57.0.2987.110 Safari/537.36"
10.240.1.4 - - [09/Sep/2017:17:00:07 +0000] "GET /homePage.html HTTP/1.1" 200 649 "https://web-application-n0ne.c9users.io/homePage.html" "Mozilla/5.0 (X11; Linux x86_64) AppleWebKit/537.36 (KHTML, like Gecko) Chrome/57.0.2987.110 Safari/537.36"
10.240.1.18 - - [09/Sep/2017:17:01:03 +0000] "GET /homePage.html HTTP/1.1" 200 658 "https://web-application-n0ne.c9users.io/homePage.html" "Mozilla/5.0 (X11; Linux x86_64) AppleWebKit/537.36 (KHTML, like Gecko) Chrome/57.0.2987.110 Safari/537.36"
10.240.1.14 - - [09/Sep/2017:17:03:58 +0000] "GET /homePage.html HTTP/1.1" 200 682 "https://web-application-n0ne.c9users.io/homePage.html" "Mozilla/5.0 (X11; Linux x86_64) AppleWebKit/537.36 (KHTML, like Gecko) Chrome/57.0.2987.110 Safari/537.36"
10.240.0.224 - - [09/Sep/2017:17:09:15 +0000] "GET /homePage.html HTTP/1.1" 200 756 "https://web-application-n0ne.c9users.io/homePage.html" "Mozilla/5.0 (X11; Linux x86_64) AppleWebKit/537.36 (KHTML, like Gecko) Chrome/57.0.2987.110 Safari/537.36"
10.240.1.67 - - [09/Sep/2017:17:14:46 +0000] "GET /homePage.html HTTP/1.1" 200 756 "https://canvas.aup.edu/courses/11/assignments/12" "Mozilla/5.0 (X11; Linux x86_64) AppleWebKit/537.36 (KHTML, like Gecko) Chrome/57.0.2987.110 Safari/537.36"
10.240.1.45 - - [09/Sep/2017:19:39:09 +0000] "GET /favicon.ico HTTP/1.1" 404 522 "https://web-application-n0ne.c9users.io/homePage.html" "Mozilla/5.0 (X11; Linux x86_64) AppleWebKit/537.36 (KHTML, like Gecko) Chrome/60.0.3112.78 Safari/537.36"
10.240.1.45 - - [09/Sep/2017:19:39:11 +0000] "GET /homePage.html HTTP/1.1" 200 756 "https://web-application-n0ne.c9users.io/homePage.html" "Mozilla/5.0 (X11; Linux x86_64) AppleWebKit/537.36 (KHTML, like Gecko) Chrome/60.0.3112.78 Safari/537.36"
10.240.1.45 - - [09/Sep/2017:19:39:12 +0000] "GET /img/naruto.png HTTP/1.1" 200 682057 "https://web-application-n0ne.c9users.io/homePage.html" "Mozilla/5.0 (X11; Linux x86_64) AppleWebKit/537.36 (KHTML, like Gecko) Chrome/60.0.3112.78 Safari/537.36"
10.240.1.4 - - [09/Sep/2017:19:39:12 +0000] "GET /img/escanor.png HTTP/1.1" 200 1358822 "https://web-application-n0ne.c9users.io/homePage.html" "Mozilla/5.0 (X11; Linux x86_64) AppleWebKit/537.36 (KHTML, like Gecko) Chrome/60.0.3112.78 Safari/537.36"
10.240.0.189 - - [10/Sep/2017:00:24:15 +0000] "GET /homePage.html HTTP/1.1" 200 802 "-" "Mozilla/5.0 (X11; Linux x86_64) AppleWebKit/537.36 (KHTML, like Gecko) Chrome/57.0.2987.110 Safari/537.36"
10.240.1.4 - - [10/Sep/2017:00:24:15 +0000] "GET /img/escanor.png HTTP/1.1" 304 183 "https://web-application-n0ne.c9users.io/homePage.html" "Mozilla/5.0 (X11; Linux x86_64) AppleWebKit/537.36 (KHTML, like Gecko) Chrome/57.0.2987.110 Safari/537.36"
10.240.1.18 - - [10/Sep/2017:00:24:16 +0000] "GET /img/saitama.jpg HTTP/1.1" 200 168085 "https://web-application-n0ne.c9users.io/homePage.html" "Mozilla/5.0 (X11; Linux x86_64) AppleWebKit/537.36 (KHTML, like Gecko) Chrome/57.0.2987.110 Safari/537.36"
10.240.1.45 - - [10/Sep/2017:00:24:16 +0000] "GET /img/naruto.png HTTP/1.1" 304 182 "https://web-application-n0ne.c9users.io/homePage.html" "Mozilla/5.0 (X11; Linux x86_64) AppleWebKit/537.36 (KHTML, like Gecko) Chrome/57.0.2987.110 Safari/537.36"
10.240.1.45 - - [12/Sep/2017:08:57:17 +0000] "GET /favicon.ico HTTP/1.1" 404 522 "https://web-application-n0ne.c9users.io/homePage.html" "Mozilla/5.0 (Windows NT 10.0; Win64; x64) AppleWebKit/537.36 (KHTML, like Gecko) Chrome/60.0.3112.113 Safari/537.36"
10.240.1.45 - - [12/Sep/2017:08:57:19 +0000] "GET /homePage.html HTTP/1.1" 200 816 "https://web-application-n0ne.c9users.io/homePage.html" "Mozilla/5.0 (Windows NT 10.0; Win64; x64) AppleWebKit/537.36 (KHTML, like Gecko) Chrome/60.0.3112.113 Safari/537.36"
10.240.0.189 - - [12/Sep/2017:08:57:19 +0000] "GET /img/saitama.jpg HTTP/1.1" 200 168085 "https://web-application-n0ne.c9users.io/homePage.html" "Mozilla/5.0 (Windows NT 10.0; Win64; x64) AppleWebKit/537.36 (KHTML, like Gecko) Chrome/60.0.3112.113 Safari/537.36"
10.240.1.45 - - [12/Sep/2017:08:57:19 +0000] "GET /img/naruto.png HTTP/1.1" 200 682057 "https://web-application-n0ne.c9users.io/homePage.html" "Mozilla/5.0 (Windows NT 10.0; Win64; x64) AppleWebKit/537.36 (KHTML, like Gecko) Chrome/60.0.3112.113 Safari/537.36"
10.240.1.45 - - [12/Sep/2017:08:57:19 +0000] "GET /img/escanor.png HTTP/1.1" 200 1358822 "https://web-application-n0ne.c9users.io/homePage.html" "Mozilla/5.0 (Windows NT 10.0; Win64; x64) AppleWebKit/537.36 (KHTML, like Gecko) Chrome/60.0.3112.113 Safari/537.36"
10.240.1.31 - - [12/Sep/2017:09:00:33 +0000] "GET /homePage.html HTTP/1.1" 200 840 "https://web-application-n0ne.c9users.io/homePage.html" "Mozilla/5.0 (Windows NT 10.0; Win64; x64) AppleWebKit/537.36 (KHTML, like Gecko) Chrome/60.0.3112.113 Safari/537.36"
10.240.1.4 - - [12/Sep/2017:09:00:34 +0000] "GET /img/kirito.jpg HTTP/1.1" 404 525 "https://web-application-n0ne.c9users.io/homePage.html" "Mozilla/5.0 (Windows NT 10.0; Win64; x64) AppleWebKit/537.36 (KHTML, like Gecko) Chrome/60.0.3112.113 Safari/537.36"
10.240.1.4 - - [12/Sep/2017:09:01:14 +0000] "GET /homePage.html HTTP/1.1" 200 840 "https://web-application-n0ne.c9users.io/homePage.html" "Mozilla/5.0 (Windows NT 10.0; Win64; x64) AppleWebKit/537.36 (KHTML, like Gecko) Chrome/60.0.3112.113 Safari/537.36"
10.240.1.18 - - [12/Sep/2017:09:01:14 +0000] "GET /img/kirito.jpg HTTP/1.1" 404 525 "https://web-application-n0ne.c9users.io/homePage.html" "Mozilla/5.0 (Windows NT 10.0; Win64; x64) AppleWebKit/537.36 (KHTML, like Gecko) Chrome/60.0.3112.113 Safari/537.36"
10.240.1.18 - - [12/Sep/2017:09:06:45 +0000] "GET /randomPage.html HTTP/1.1" 200 514 "-" "Mozilla/5.0 (Windows NT 10.0; Win64; x64) AppleWebKit/537.36 (KHTML, like Gecko) Chrome/60.0.3112.113 Safari/537.36"
10.240.1.18 - - [12/Sep/2017:09:07:25 +0000] "GET /randomPage.html HTTP/1.1" 200 540 "-" "Mozilla/5.0 (Windows NT 10.0; Win64; x64) AppleWebKit/537.36 (KHTML, like Gecko) Chrome/60.0.3112.113 Safari/537.36"
10.240.0.224 - - [12/Sep/2017:09:07:45 +0000] "GET /randomPage.html HTTP/1.1" 200 541 "-" "Mozilla/5.0 (Windows NT 10.0; Win64; x64) AppleWebKit/537.36 (KHTML, like Gecko) Chrome/60.0.3112.113 Safari/537.36"
10.240.1.31 - - [12/Sep/2017:09:09:32 +0000] "GET /randomPage.html HTTP/1.1" 200 565 "-" "Mozilla/5.0 (Windows NT 10.0; Win64; x64) AppleWebKit/537.36 (KHTML, like Gecko) Chrome/60.0.3112.113 Safari/537.36"
10.240.1.67 - - [12/Sep/2017:09:09:45 +0000] "GET /randomPage.html HTTP/1.1" 200 566 "-" "Mozilla/5.0 (Windows NT 10.0; Win64; x64) AppleWebKit/537.36 (KHTML, like Gecko) Chrome/60.0.3112.113 Safari/537.36"
10.240.0.224 - - [12/Sep/2017:09:13:29 +0000] "GET /randomPage.html HTTP/1.1" 200 538 "-" "Mozilla/5.0 (Windows NT 10.0; Win64; x64) AppleWebKit/537.36 (KHTML, like Gecko) Chrome/60.0.3112.113 Safari/537.36"
10.240.1.67 - - [12/Sep/2017:09:16:01 +0000] "GET /randomPage.html HTTP/1.1" 200 552 "-" "Mozilla/5.0 (Windows NT 10.0; Win64; x64) AppleWebKit/537.36 (KHTML, like Gecko) Chrome/60.0.3112.113 Safari/537.36"
10.240.1.18 - - [12/Sep/2017:09:16:11 +0000] "GET /randomPage.html HTTP/1.1" 200 550 "-" "Mozilla/5.0 (Windows NT 10.0; Win64; x64) AppleWebKit/537.36 (KHTML, like Gecko) Chrome/60.0.3112.113 Safari/537.36"
10.240.1.31 - - [12/Sep/2017:09:17:38 +0000] "GET /randomPage.html HTTP/1.1" 200 547 "-" "Mozilla/5.0 (Windows NT 10.0; Win64; x64) AppleWebKit/537.36 (KHTML, like Gecko) Chrome/60.0.3112.113 Safari/537.36"
10.240.1.67 - - [12/Sep/2017:09:18:00 +0000] "GET /randomPage.html HTTP/1.1" 200 546 "-" "Mozilla/5.0 (Windows NT 10.0; Win64; x64) AppleWebKit/537.36 (KHTML, like Gecko) Chrome/60.0.3112.113 Safari/537.36"
10.240.1.18 - - [12/Sep/2017:09:18:15 +0000] "GET /randomPage.html HTTP/1.1" 200 546 "-" "Mozilla/5.0 (Windows NT 10.0; Win64; x64) AppleWebKit/537.36 (KHTML, like Gecko) Chrome/60.0.3112.113 Safari/537.36"
10.240.1.45 - - [12/Sep/2017:09:24:39 +0000] "GET /randomPage.html HTTP/1.1" 200 586 "-" "Mozilla/5.0 (Windows NT 10.0; Win64; x64) AppleWebKit/537.36 (KHTML, like Gecko) Chrome/60.0.3112.113 Safari/537.36"
10.240.0.189 - - [12/Sep/2017:09:25:08 +0000] "GET /randomPage.html HTTP/1.1" 200 597 "-" "Mozilla/5.0 (Windows NT 10.0; Win64; x64) AppleWebKit/537.36 (KHTML, like Gecko) Chrome/60.0.3112.113 Safari/537.36"
10.240.1.14 - - [12/Sep/2017:09:28:57 +0000] "GET /randomPage.html HTTP/1.1" 200 700 "-" "Mozilla/5.0 (Windows NT 10.0; Win64; x64) AppleWebKit/537.36 (KHTML, like Gecko) Chrome/60.0.3112.113 Safari/537.36"
10.240.1.18 - - [12/Sep/2017:09:29:38 +0000] "GET /randomPage.html HTTP/1.1" 200 698 "-" "Mozilla/5.0 (Windows NT 10.0; Win64; x64) AppleWebKit/537.36 (KHTML, like Gecko) Chrome/60.0.3112.113 Safari/537.36"
10.240.1.4 - - [12/Sep/2017:09:30:17 +0000] "GET /randomPage.html HTTP/1.1" 200 696 "-" "Mozilla/5.0 (Windows NT 10.0; Win64; x64) AppleWebKit/537.36 (KHTML, like Gecko) Chrome/60.0.3112.113 Safari/537.36"
10.240.1.31 - - [12/Sep/2017:09:30:29 +0000] "GET /randomPage.html HTTP/1.1" 200 700 "-" "Mozilla/5.0 (Windows NT 10.0; Win64; x64) AppleWebKit/537.36 (KHTML, like Gecko) Chrome/60.0.3112.113 Safari/537.36"
10.240.1.18 - - [12/Sep/2017:09:30:47 +0000] "GET /randomPage.html HTTP/1.1" 200 690 "-" "Mozilla/5.0 (Windows NT 10.0; Win64; x64) AppleWebKit/537.36 (KHTML, like Gecko) Chrome/60.0.3112.113 Safari/537.36"
10.240.0.224 - - [12/Sep/2017:09:31:55 +0000] "GET /randomPage.html HTTP/1.1" 200 688 "-" "Mozilla/5.0 (Windows NT 10.0; Win64; x64) AppleWebKit/537.36 (KHTML, like Gecko) Chrome/60.0.3112.113 Safari/537.36"
10.240.0.189 - - [12/Sep/2017:09:32:09 +0000] "GET /randomPage.html HTTP/1.1" 200 683 "-" "Mozilla/5.0 (Windows NT 10.0; Win64; x64) AppleWebKit/537.36 (KHTML, like Gecko) Chrome/60.0.3112.113 Safari/537.36"
10.240.1.4 - - [12/Sep/2017:09:38:16 +0000] "GET /randomPage.html HTTP/1.1" 200 734 "-" "Mozilla/5.0 (Windows NT 10.0; Win64; x64) AppleWebKit/537.36 (KHTML, like Gecko) Chrome/60.0.3112.113 Safari/537.36"
10.240.1.45 - - [12/Sep/2017:09:38:39 +0000] "GET /randomPage.html HTTP/1.1" 200 738 "-" "Mozilla/5.0 (Windows NT 10.0; Win64; x64) AppleWebKit/537.36 (KHTML, like Gecko) Chrome/60.0.3112.113 Safari/537.36"
10.240.1.45 - - [12/Sep/2017:09:38:39 +0000] "GET /200_s.png HTTP/1.1" 404 520 "https://web-application-n0ne.c9users.io/randomPage.html" "Mozilla/5.0 (Windows NT 10.0; Win64; x64) AppleWebKit/537.36 (KHTML, like Gecko) Chrome/60.0.3112.113 Safari/537.36"
10.240.1.14 - - [12/Sep/2017:09:39:56 +0000] "GET /randomPage.html HTTP/1.1" 200 739 "-" "Mozilla/5.0 (Windows NT 10.0; Win64; x64) AppleWebKit/537.36 (KHTML, like Gecko) Chrome/60.0.3112.113 Safari/537.36"
10.240.1.45 - - [12/Sep/2017:09:39:57 +0000] "GET /img/200_s.png HTTP/1.1" 404 524 "https://web-application-n0ne.c9users.io/randomPage.html" "Mozilla/5.0 (Windows NT 10.0; Win64; x64) AppleWebKit/537.36 (KHTML, like Gecko) Chrome/60.0.3112.113 Safari/537.36"
10.240.0.189 - - [12/Sep/2017:09:41:19 +0000] "GET /randomPage.html HTTP/1.1" 200 741 "-" "Mozilla/5.0 (Windows NT 10.0; Win64; x64) AppleWebKit/537.36 (KHTML, like Gecko) Chrome/60.0.3112.113 Safari/537.36"
10.240.1.45 - - [12/Sep/2017:09:41:19 +0000] "GET /img/200_s.gif HTTP/1.1" 200 3130 "https://web-application-n0ne.c9users.io/randomPage.html" "Mozilla/5.0 (Windows NT 10.0; Win64; x64) AppleWebKit/537.36 (KHTML, like Gecko) Chrome/60.0.3112.113 Safari/537.36"
10.240.1.14 - - [12/Sep/2017:09:51:43 +0000] "GET /randomPage.html HTTP/1.1" 200 744 "-" "Mozilla/5.0 (Windows NT 10.0; Win64; x64) AppleWebKit/537.36 (KHTML, like Gecko) Chrome/60.0.3112.113 Safari/537.36"
10.240.0.224 - - [12/Sep/2017:09:51:44 +0000] "GET /img/200_s.gif HTTP/1.1" 304 180 "https://web-application-n0ne.c9users.io/randomPage.html" "Mozilla/5.0 (Windows NT 10.0; Win64; x64) AppleWebKit/537.36 (KHTML, like Gecko) Chrome/60.0.3112.113 Safari/537.36"
10.240.0.224 - - [12/Sep/2017:09:54:40 +0000] "GET /randomPage.html HTTP/1.1" 200 744 "-" "Mozilla/5.0 (Windows NT 10.0; Win64; x64) AppleWebKit/537.36 (KHTML, like Gecko) Chrome/60.0.3112.113 Safari/537.36"
10.240.0.224 - - [12/Sep/2017:09:54:40 +0000] "GET /img/200_s.gif HTTP/1.1" 200 3010 "https://web-application-n0ne.c9users.io/randomPage.html" "Mozilla/5.0 (Windows NT 10.0; Win64; x64) AppleWebKit/537.36 (KHTML, like Gecko) Chrome/60.0.3112.113 Safari/537.36"
10.240.1.45 - - [12/Sep/2017:09:58:11 +0000] "GET /randomPage.html HTTP/1.1" 200 743 "-" "Mozilla/5.0 (Windows NT 10.0; Win64; x64) AppleWebKit/537.36 (KHTML, like Gecko) Chrome/60.0.3112.113 Safari/537.36"
10.240.0.189 - - [12/Sep/2017:09:58:20 +0000] "GET /randomPage.html HTTP/1.1" 200 744 "-" "Mozilla/5.0 (Windows NT 10.0; Win64; x64) AppleWebKit/537.36 (KHTML, like Gecko) Chrome/60.0.3112.113 Safari/537.36"
10.240.1.4 - - [12/Sep/2017:10:01:31 +0000] "GET /randomPage.html HTTP/1.1" 200 744 "-" "Mozilla/5.0 (Windows NT 10.0; Win64; x64) AppleWebKit/537.36 (KHTML, like Gecko) Chrome/60.0.3112.113 Safari/537.36"
10.240.1.18 - - [12/Sep/2017:10:01:46 +0000] "GET /homePagee.html HTTP/1.1" 200 487 "-" "Mozilla/5.0 (Windows NT 10.0; Win64; x64) AppleWebKit/537.36 (KHTML, like Gecko) Chrome/60.0.3112.113 Safari/537.36"
10.240.0.189 - - [12/Sep/2017:12:20:03 +0000] "GET /homePagee.html HTTP/1.1" 200 487 "-" "Mozilla/5.0 (Windows NT 10.0; Win64; x64) AppleWebKit/537.36 (KHTML, like Gecko) Chrome/60.0.3112.113 Safari/537.36"
10.240.0.189 - - [12/Sep/2017:12:20:03 +0000] "GET /favicon.ico HTTP/1.1" 404 522 "https://web-application-n0ne.c9users.io/homePagee.html" "Mozilla/5.0 (Windows NT 10.0; Win64; x64) AppleWebKit/537.36 (KHTML, like Gecko) Chrome/60.0.3112.113 Safari/537.36"
10.240.0.189 - - [12/Sep/2017:12:20:21 +0000] "GET /homePagee.html HTTP/1.1" 200 487 "-" "Mozilla/5.0 (Windows NT 10.0; Win64; x64) AppleWebKit/537.36 (KHTML, like Gecko) Chrome/60.0.3112.113 Safari/537.36"
10.240.1.67 - - [12/Sep/2017:12:20:30 +0000] "GET /homePage.html HTTP/1.1" 200 854 "-" "Mozilla/5.0 (Windows NT 10.0; Win64; x64) AppleWebKit/537.36 (KHTML, like Gecko) Chrome/60.0.3112.113 Safari/537.36"
10.240.0.224 - - [12/Sep/2017:12:20:31 +0000] "GET /img/kirito.jpg HTTP/1.1" 404 525 "https://web-application-n0ne.c9users.io/homePage.html" "Mozilla/5.0 (Windows NT 10.0; Win64; x64) AppleWebKit/537.36 (KHTML, like Gecko) Chrome/60.0.3112.113 Safari/537.36"
10.240.0.224 - - [12/Sep/2017:12:36:22 +0000] "GET /gameInstruction.html HTTP/1.1" 200 728 "-" "Mozilla/5.0 (Windows NT 10.0; Win64; x64) AppleWebKit/537.36 (KHTML, like Gecko) Chrome/60.0.3112.113 Safari/537.36"
10.240.0.224 - - [12/Sep/2017:12:36:22 +0000] "GET /img/arrows.png HTTP/1.1" 404 525 "https://web-application-n0ne.c9users.io/gameInstruction.html" "Mozilla/5.0 (Windows NT 10.0; Win64; x64) AppleWebKit/537.36 (KHTML, like Gecko) Chrome/60.0.3112.113 Safari/537.36"
10.240.0.224 - - [12/Sep/2017:12:36:22 +0000] "GET /img/stealingKunai.png HTTP/1.1" 404 532 "https://web-application-n0ne.c9users.io/gameInstruction.html" "Mozilla/5.0 (Windows NT 10.0; Win64; x64) AppleWebKit/537.36 (KHTML, like Gecko) Chrome/60.0.3112.113 Safari/537.36"
10.240.1.45 - - [12/Sep/2017:12:36:23 +0000] "GET /img/enemyRadars.png HTTP/1.1" 404 530 "https://web-application-n0ne.c9users.io/gameInstruction.html" "Mozilla/5.0 (Windows NT 10.0; Win64; x64) AppleWebKit/537.36 (KHTML, like Gecko) Chrome/60.0.3112.113 Safari/537.36"
10.240.0.224 - - [12/Sep/2017:12:40:48 +0000] "GET /gameInstruction.html HTTP/1.1" 200 770 "-" "Mozilla/5.0 (Windows NT 10.0; Win64; x64) AppleWebKit/537.36 (KHTML, like Gecko) Chrome/60.0.3112.113 Safari/537.36"
10.240.0.224 - - [12/Sep/2017:12:40:48 +0000] "GET /img/gameInstruction/arrowKeys.png HTTP/1.1" 200 15222 "https://web-application-n0ne.c9users.io/gameInstruction.html" "Mozilla/5.0 (Windows NT 10.0; Win64; x64) AppleWebKit/537.36 (KHTML, like Gecko) Chrome/60.0.3112.113 Safari/537.36"
10.240.0.224 - - [12/Sep/2017:12:40:48 +0000] "GET /img/gameInstruction/stealingKunai.png HTTP/1.1" 404 548 "https://web-application-n0ne.c9users.io/gameInstruction.html" "Mozilla/5.0 (Windows NT 10.0; Win64; x64) AppleWebKit/537.36 (KHTML, like Gecko) Chrome/60.0.3112.113 Safari/537.36"
10.240.0.224 - - [12/Sep/2017:12:40:48 +0000] "GET /img/gameInstruction/enemyRadars.png HTTP/1.1" 404 546 "https://web-application-n0ne.c9users.io/gameInstruction.html" "Mozilla/5.0 (Windows NT 10.0; Win64; x64) AppleWebKit/537.36 (KHTML, like Gecko) Chrome/60.0.3112.113 Safari/537.36"
10.240.0.189 - - [12/Sep/2017:12:41:50 +0000] "GET /gameInstruction.html HTTP/1.1" 200 777 "-" "Mozilla/5.0 (Windows NT 10.0; Win64; x64) AppleWebKit/537.36 (KHTML, like Gecko) Chrome/60.0.3112.113 Safari/537.36"
10.240.1.67 - - [12/Sep/2017:12:41:50 +0000] "GET /img/gameInstruction/arrowKeys.png HTTP/1.1" 304 181 "https://web-application-n0ne.c9users.io/gameInstruction.html" "Mozilla/5.0 (Windows NT 10.0; Win64; x64) AppleWebKit/537.36 (KHTML, like Gecko) Chrome/60.0.3112.113 Safari/537.36"
10.240.1.67 - - [12/Sep/2017:12:41:50 +0000] "GET /img/gameInstruction/enemyRadars.png HTTP/1.1" 404 546 "https://web-application-n0ne.c9users.io/gameInstruction.html" "Mozilla/5.0 (Windows NT 10.0; Win64; x64) AppleWebKit/537.36 (KHTML, like Gecko) Chrome/60.0.3112.113 Safari/537.36"
10.240.0.224 - - [12/Sep/2017:12:41:50 +0000] "GET /img/gameInstruction/stealingKunai.png HTTP/1.1" 404 548 "https://web-application-n0ne.c9users.io/gameInstruction.html" "Mozilla/5.0 (Windows NT 10.0; Win64; x64) AppleWebKit/537.36 (KHTML, like Gecko) Chrome/60.0.3112.113 Safari/537.36"
10.240.1.31 - - [12/Sep/2017:12:42:14 +0000] "GET /homepage.html HTTP/1.1" 404 524 "-" "Mozilla/5.0 (Windows NT 10.0; Win64; x64) AppleWebKit/537.36 (KHTML, like Gecko) Chrome/60.0.3112.113 Safari/537.36"
10.240.0.224 - - [12/Sep/2017:12:42:18 +0000] "GET /homePage.html HTTP/1.1" 200 878 "-" "Mozilla/5.0 (Windows NT 10.0; Win64; x64) AppleWebKit/537.36 (KHTML, like Gecko) Chrome/60.0.3112.113 Safari/537.36"
10.240.0.224 - - [12/Sep/2017:12:42:18 +0000] "GET /img/kirito.jpg HTTP/1.1" 404 525 "https://web-application-n0ne.c9users.io/homePage.html" "Mozilla/5.0 (Windows NT 10.0; Win64; x64) AppleWebKit/537.36 (KHTML, like Gecko) Chrome/60.0.3112.113 Safari/537.36"
10.240.0.224 - - [12/Sep/2017:12:42:22 +0000] "GET /ac.aup.edu/a95920/games/ninja HTTP/1.1" 404 540 "https://web-application-n0ne.c9users.io/homePage.html" "Mozilla/5.0 (Windows NT 10.0; Win64; x64) AppleWebKit/537.36 (KHTML, like Gecko) Chrome/60.0.3112.113 Safari/537.36"
10.240.1.67 - - [12/Sep/2017:12:42:27 +0000] "GET /gameInstruction.html HTTP/1.1" 200 777 "https://web-application-n0ne.c9users.io/homePage.html" "Mozilla/5.0 (Windows NT 10.0; Win64; x64) AppleWebKit/537.36 (KHTML, like Gecko) Chrome/60.0.3112.113 Safari/537.36"
10.240.0.189 - - [12/Sep/2017:12:42:27 +0000] "GET /img/gameInstruction/arrowKeys.png HTTP/1.1" 304 181 "https://web-application-n0ne.c9users.io/gameInstruction.html" "Mozilla/5.0 (Windows NT 10.0; Win64; x64) AppleWebKit/537.36 (KHTML, like Gecko) Chrome/60.0.3112.113 Safari/537.36"
10.240.0.189 - - [12/Sep/2017:12:42:27 +0000] "GET /img/gameInstruction/stealingKunai.png HTTP/1.1" 404 548 "https://web-application-n0ne.c9users.io/gameInstruction.html" "Mozilla/5.0 (Windows NT 10.0; Win64; x64) AppleWebKit/537.36 (KHTML, like Gecko) Chrome/60.0.3112.113 Safari/537.36"
10.240.0.189 - - [12/Sep/2017:12:42:27 +0000] "GET /img/gameInstruction/enemyRadars.png HTTP/1.1" 404 546 "https://web-application-n0ne.c9users.io/gameInstruction.html" "Mozilla/5.0 (Windows NT 10.0; Win64; x64) AppleWebKit/537.36 (KHTML, like Gecko) Chrome/60.0.3112.113 Safari/537.36"
10.240.1.4 - - [12/Sep/2017:12:43:09 +0000] "GET /ac.aup.edu/a95920/games/ninja HTTP/1.1" 404 540 "https://web-application-n0ne.c9users.io/homePage.html" "Mozilla/5.0 (Windows NT 10.0; Win64; x64) AppleWebKit/537.36 (KHTML, like Gecko) Chrome/60.0.3112.113 Safari/537.36"
10.240.1.67 - - [12/Sep/2017:12:44:11 +0000] "GET /homePage.html HTTP/1.1" 200 882 "-" "Mozilla/5.0 (Windows NT 10.0; Win64; x64) AppleWebKit/537.36 (KHTML, like Gecko) Chrome/60.0.3112.113 Safari/537.36"
10.240.1.4 - - [12/Sep/2017:12:44:12 +0000] "GET /img/kirito.jpg HTTP/1.1" 404 525 "https://web-application-n0ne.c9users.io/homePage.html" "Mozilla/5.0 (Windows NT 10.0; Win64; x64) AppleWebKit/537.36 (KHTML, like Gecko) Chrome/60.0.3112.113 Safari/537.36"
10.240.1.14 - - [12/Sep/2017:12:44:35 +0000] "GET /homePage.html HTTP/1.1" 200 878 "-" "Mozilla/5.0 (Windows NT 10.0; Win64; x64) AppleWebKit/537.36 (KHTML, like Gecko) Chrome/60.0.3112.113 Safari/537.36"
10.240.0.224 - - [12/Sep/2017:12:44:36 +0000] "GET /img/kirito.jpg HTTP/1.1" 404 525 "https://web-application-n0ne.c9users.io/homePage.html" "Mozilla/5.0 (Windows NT 10.0; Win64; x64) AppleWebKit/537.36 (KHTML, like Gecko) Chrome/60.0.3112.113 Safari/537.36"
10.240.1.67 - - [12/Sep/2017:12:44:48 +0000] "GET /homePage.html HTTP/1.1" 200 878 "-" "Mozilla/5.0 (Windows NT 10.0; Win64; x64) AppleWebKit/537.36 (KHTML, like Gecko) Chrome/60.0.3112.113 Safari/537.36"
10.240.1.18 - - [12/Sep/2017:12:44:49 +0000] "GET /img/kirito.jpg HTTP/1.1" 404 525 "https://web-application-n0ne.c9users.io/homePage.html" "Mozilla/5.0 (Windows NT 10.0; Win64; x64) AppleWebKit/537.36 (KHTML, like Gecko) Chrome/60.0.3112.113 Safari/537.36"
10.240.1.14 - - [12/Sep/2017:12:45:23 +0000] "GET /homePage.html HTTP/1.1" 200 878 "-" "Mozilla/5.0 (Windows NT 10.0; Win64; x64) AppleWebKit/537.36 (KHTML, like Gecko) Chrome/60.0.3112.113 Safari/537.36"
10.240.1.4 - - [12/Sep/2017:12:45:23 +0000] "GET /img/kirito.jpg HTTP/1.1" 404 525 "https://web-application-n0ne.c9users.io/homePage.html" "Mozilla/5.0 (Windows NT 10.0; Win64; x64) AppleWebKit/537.36 (KHTML, like Gecko) Chrome/60.0.3112.113 Safari/537.36"
10.240.0.189 - - [12/Sep/2017:12:48:57 +0000] "GET /homePage.html HTTP/1.1" 200 878 "-" "Mozilla/5.0 (Windows NT 10.0; Win64; x64) AppleWebKit/537.36 (KHTML, like Gecko) Chrome/60.0.3112.113 Safari/537.36"
10.240.1.18 - - [12/Sep/2017:12:48:57 +0000] "GET /img/kirito.jpg HTTP/1.1" 404 525 "https://web-application-n0ne.c9users.io/homePage.html" "Mozilla/5.0 (Windows NT 10.0; Win64; x64) AppleWebKit/537.36 (KHTML, like Gecko) Chrome/60.0.3112.113 Safari/537.36"
10.240.1.18 - - [12/Sep/2017:12:49:15 +0000] "GET /gameInstruction.html HTTP/1.1" 200 823 "https://web-application-n0ne.c9users.io/homePage.html" "Mozilla/5.0 (Windows NT 10.0; Win64; x64) AppleWebKit/537.36 (KHTML, like Gecko) Chrome/60.0.3112.113 Safari/537.36"
10.240.1.18 - - [12/Sep/2017:12:49:15 +0000] "GET /img/gameInstruction/arrowKeys.png HTTP/1.1" 304 181 "https://web-application-n0ne.c9users.io/gameInstruction.html" "Mozilla/5.0 (Windows NT 10.0; Win64; x64) AppleWebKit/537.36 (KHTML, like Gecko) Chrome/60.0.3112.113 Safari/537.36"
10.240.1.4 - - [12/Sep/2017:12:49:16 +0000] "GET /img/gameInstruction/stealingKunai.png HTTP/1.1" 404 548 "https://web-application-n0ne.c9users.io/gameInstruction.html" "Mozilla/5.0 (Windows NT 10.0; Win64; x64) AppleWebKit/537.36 (KHTML, like Gecko) Chrome/60.0.3112.113 Safari/537.36"
10.240.1.14 - - [12/Sep/2017:12:49:16 +0000] "GET /img/gameInstruction/door.png HTTP/1.1" 404 539 "https://web-application-n0ne.c9users.io/gameInstruction.html" "Mozilla/5.0 (Windows NT 10.0; Win64; x64) AppleWebKit/537.36 (KHTML, like Gecko) Chrome/60.0.3112.113 Safari/537.36"
10.240.1.67 - - [12/Sep/2017:12:49:16 +0000] "GET /img/gameInstruction/enemyRadars.png HTTP/1.1" 404 546 "https://web-application-n0ne.c9users.io/gameInstruction.html" "Mozilla/5.0 (Windows NT 10.0; Win64; x64) AppleWebKit/537.36 (KHTML, like Gecko) Chrome/60.0.3112.113 Safari/537.36"
10.240.0.224 - - [12/Sep/2017:12:51:06 +0000] "GET /gameInstruction.html HTTP/1.1" 200 827 "https://web-application-n0ne.c9users.io/homePage.html" "Mozilla/5.0 (Windows NT 10.0; Win64; x64) AppleWebKit/537.36 (KHTML, like Gecko) Chrome/60.0.3112.113 Safari/537.36"
10.240.0.224 - - [12/Sep/2017:12:51:07 +0000] "GET /img/gameInstruction/door.png HTTP/1.1" 404 539 "https://web-application-n0ne.c9users.io/gameInstruction.html" "Mozilla/5.0 (Windows NT 10.0; Win64; x64) AppleWebKit/537.36 (KHTML, like Gecko) Chrome/60.0.3112.113 Safari/537.36"
10.240.0.189 - - [12/Sep/2017:12:51:07 +0000] "GET /img/gameInstruction/arrowKeys.png HTTP/1.1" 304 181 "https://web-application-n0ne.c9users.io/gameInstruction.html" "Mozilla/5.0 (Windows NT 10.0; Win64; x64) AppleWebKit/537.36 (KHTML, like Gecko) Chrome/60.0.3112.113 Safari/537.36"
10.240.1.18 - - [12/Sep/2017:12:51:07 +0000] "GET /img/gameInstruction/stealingKunai.png HTTP/1.1" 404 548 "https://web-application-n0ne.c9users.io/gameInstruction.html" "Mozilla/5.0 (Windows NT 10.0; Win64; x64) AppleWebKit/537.36 (KHTML, like Gecko) Chrome/60.0.3112.113 Safari/537.36"
10.240.1.4 - - [12/Sep/2017:12:51:07 +0000] "GET /img/gameInstruction/enemyRadars.png HTTP/1.1" 404 546 "https://web-application-n0ne.c9users.io/gameInstruction.html" "Mozilla/5.0 (Windows NT 10.0; Win64; x64) AppleWebKit/537.36 (KHTML, like Gecko) Chrome/60.0.3112.113 Safari/537.36"
10.240.1.67 - - [12/Sep/2017:12:51:28 +0000] "GET /gameInstruction.html HTTP/1.1" 200 838 "https://web-application-n0ne.c9users.io/homePage.html" "Mozilla/5.0 (Windows NT 10.0; Win64; x64) AppleWebKit/537.36 (KHTML, like Gecko) Chrome/60.0.3112.113 Safari/537.36"
10.240.1.67 - - [12/Sep/2017:12:51:29 +0000] "GET /img/gameInstruction/stealingKunai.png HTTP/1.1" 404 548 "https://web-application-n0ne.c9users.io/gameInstruction.html" "Mozilla/5.0 (Windows NT 10.0; Win64; x64) AppleWebKit/537.36 (KHTML, like Gecko) Chrome/60.0.3112.113 Safari/537.36"
10.240.1.67 - - [12/Sep/2017:12:51:29 +0000] "GET /img/gameInstruction/enemyRadars.png HTTP/1.1" 404 546 "https://web-application-n0ne.c9users.io/gameInstruction.html" "Mozilla/5.0 (Windows NT 10.0; Win64; x64) AppleWebKit/537.36 (KHTML, like Gecko) Chrome/60.0.3112.113 Safari/537.36"
10.240.1.67 - - [12/Sep/2017:12:51:29 +0000] "GET /img/gameInstruction/door.png HTTP/1.1" 404 539 "https://web-application-n0ne.c9users.io/gameInstruction.html" "Mozilla/5.0 (Windows NT 10.0; Win64; x64) AppleWebKit/537.36 (KHTML, like Gecko) Chrome/60.0.3112.113 Safari/537.36"
10.240.0.189 - - [12/Sep/2017:12:51:37 +0000] "GET /gameInstruction.html HTTP/1.1" 200 837 "https://web-application-n0ne.c9users.io/homePage.html" "Mozilla/5.0 (Windows NT 10.0; Win64; x64) AppleWebKit/537.36 (KHTML, like Gecko) Chrome/60.0.3112.113 Safari/537.36"
10.240.0.189 - - [12/Sep/2017:12:51:37 +0000] "GET /img/gameInstruction/enemyRadars.png HTTP/1.1" 404 546 "https://web-application-n0ne.c9users.io/gameInstruction.html" "Mozilla/5.0 (Windows NT 10.0; Win64; x64) AppleWebKit/537.36 (KHTML, like Gecko) Chrome/60.0.3112.113 Safari/537.36"
10.240.1.45 - - [12/Sep/2017:12:51:37 +0000] "GET /img/gameInstruction/stealingKunai.png HTTP/1.1" 404 548 "https://web-application-n0ne.c9users.io/gameInstruction.html" "Mozilla/5.0 (Windows NT 10.0; Win64; x64) AppleWebKit/537.36 (KHTML, like Gecko) Chrome/60.0.3112.113 Safari/537.36"
10.240.1.14 - - [12/Sep/2017:12:51:37 +0000] "GET /img/gameInstruction/door.png HTTP/1.1" 404 539 "https://web-application-n0ne.c9users.io/gameInstruction.html" "Mozilla/5.0 (Windows NT 10.0; Win64; x64) AppleWebKit/537.36 (KHTML, like Gecko) Chrome/60.0.3112.113 Safari/537.36"
10.240.1.18 - - [12/Sep/2017:12:55:40 +0000] "GET /gameInstruction.html HTTP/1.1" 200 837 "https://web-application-n0ne.c9users.io/homePage.html" "Mozilla/5.0 (Windows NT 10.0; Win64; x64) AppleWebKit/537.36 (KHTML, like Gecko) Chrome/60.0.3112.113 Safari/537.36"
10.240.1.18 - - [12/Sep/2017:12:55:40 +0000] "GET /img/gameInstruction/door.png HTTP/1.1" 404 539 "https://web-application-n0ne.c9users.io/gameInstruction.html" "Mozilla/5.0 (Windows NT 10.0; Win64; x64) AppleWebKit/537.36 (KHTML, like Gecko) Chrome/60.0.3112.113 Safari/537.36"
10.240.1.4 - - [12/Sep/2017:12:55:41 +0000] "GET /img/gameInstruction/arrowKeys.png HTTP/1.1" 304 181 "https://web-application-n0ne.c9users.io/gameInstruction.html" "Mozilla/5.0 (Windows NT 10.0; Win64; x64) AppleWebKit/537.36 (KHTML, like Gecko) Chrome/60.0.3112.113 Safari/537.36"
10.240.1.14 - - [12/Sep/2017:12:55:41 +0000] "GET /img/gameInstruction/stealingKunai.png HTTP/1.1" 200 74204 "https://web-application-n0ne.c9users.io/gameInstruction.html" "Mozilla/5.0 (Windows NT 10.0; Win64; x64) AppleWebKit/537.36 (KHTML, like Gecko) Chrome/60.0.3112.113 Safari/537.36"
10.240.1.67 - - [12/Sep/2017:12:55:41 +0000] "GET /img/gameInstruction/enemyRadars.png HTTP/1.1" 404 546 "https://web-application-n0ne.c9users.io/gameInstruction.html" "Mozilla/5.0 (Windows NT 10.0; Win64; x64) AppleWebKit/537.36 (KHTML, like Gecko) Chrome/60.0.3112.113 Safari/537.36"
10.240.1.45 - - [12/Sep/2017:12:56:05 +0000] "GET /gameInstruction.html HTTP/1.1" 200 837 "https://web-application-n0ne.c9users.io/homePage.html" "Mozilla/5.0 (Windows NT 10.0; Win64; x64) AppleWebKit/537.36 (KHTML, like Gecko) Chrome/60.0.3112.113 Safari/537.36"
10.240.1.67 - - [12/Sep/2017:12:56:06 +0000] "GET /img/gameInstruction/door.png HTTP/1.1" 404 539 "https://web-application-n0ne.c9users.io/gameInstruction.html" "Mozilla/5.0 (Windows NT 10.0; Win64; x64) AppleWebKit/537.36 (KHTML, like Gecko) Chrome/60.0.3112.113 Safari/537.36"
10.240.0.224 - - [12/Sep/2017:12:56:06 +0000] "GET /img/gameInstruction/stealingKunai.png HTTP/1.1" 200 63236 "https://web-application-n0ne.c9users.io/gameInstruction.html" "Mozilla/5.0 (Windows NT 10.0; Win64; x64) AppleWebKit/537.36 (KHTML, like Gecko) Chrome/60.0.3112.113 Safari/537.36"
10.240.1.31 - - [12/Sep/2017:12:56:06 +0000] "GET /img/gameInstruction/enemyRadars.png HTTP/1.1" 404 546 "https://web-application-n0ne.c9users.io/gameInstruction.html" "Mozilla/5.0 (Windows NT 10.0; Win64; x64) AppleWebKit/537.36 (KHTML, like Gecko) Chrome/60.0.3112.113 Safari/537.36"
10.240.1.67 - - [12/Sep/2017:12:57:04 +0000] "GET /gameInstruction.html HTTP/1.1" 200 869 "https://web-application-n0ne.c9users.io/homePage.html" "Mozilla/5.0 (Windows NT 10.0; Win64; x64) AppleWebKit/537.36 (KHTML, like Gecko) Chrome/60.0.3112.113 Safari/537.36"
10.240.1.14 - - [12/Sep/2017:12:57:05 +0000] "GET /img/gameInstruction/stealingKunai.png HTTP/1.1" 304 181 "https://web-application-n0ne.c9users.io/gameInstruction.html" "Mozilla/5.0 (Windows NT 10.0; Win64; x64) AppleWebKit/537.36 (KHTML, like Gecko) Chrome/60.0.3112.113 Safari/537.36"
10.240.1.14 - - [12/Sep/2017:12:57:05 +0000] "GET /img/gameInstruction/door.png HTTP/1.1" 404 539 "https://web-application-n0ne.c9users.io/gameInstruction.html" "Mozilla/5.0 (Windows NT 10.0; Win64; x64) AppleWebKit/537.36 (KHTML, like Gecko) Chrome/60.0.3112.113 Safari/537.36"
10.240.0.189 - - [12/Sep/2017:12:57:05 +0000] "GET /img/gameInstruction/enemyRadars.png HTTP/1.1" 404 546 "https://web-application-n0ne.c9users.io/gameInstruction.html" "Mozilla/5.0 (Windows NT 10.0; Win64; x64) AppleWebKit/537.36 (KHTML, like Gecko) Chrome/60.0.3112.113 Safari/537.36"
10.240.1.14 - - [12/Sep/2017:12:58:59 +0000] "GET /gameInstruction.html HTTP/1.1" 200 888 "https://web-application-n0ne.c9users.io/homePage.html" "Mozilla/5.0 (Windows NT 10.0; Win64; x64) AppleWebKit/537.36 (KHTML, like Gecko) Chrome/60.0.3112.113 Safari/537.36"
10.240.1.45 - - [12/Sep/2017:12:58:59 +0000] "GET /img/gameInstruction/arrowKeys.png HTTP/1.1" 304 181 "https://web-application-n0ne.c9users.io/gameInstruction.html" "Mozilla/5.0 (Windows NT 10.0; Win64; x64) AppleWebKit/537.36 (KHTML, like Gecko) Chrome/60.0.3112.113 Safari/537.36"
10.240.1.31 - - [12/Sep/2017:12:59:00 +0000] "GET /img/gameInstruction/stealingKunai.png HTTP/1.1" 304 181 "https://web-application-n0ne.c9users.io/gameInstruction.html" "Mozilla/5.0 (Windows NT 10.0; Win64; x64) AppleWebKit/537.36 (KHTML, like Gecko) Chrome/60.0.3112.113 Safari/537.36"
10.240.1.4 - - [12/Sep/2017:12:59:00 +0000] "GET /img/gameInstruction/door.png HTTP/1.1" 404 539 "https://web-application-n0ne.c9users.io/gameInstruction.html" "Mozilla/5.0 (Windows NT 10.0; Win64; x64) AppleWebKit/537.36 (KHTML, like Gecko) Chrome/60.0.3112.113 Safari/537.36"
10.240.1.45 - - [12/Sep/2017:12:59:00 +0000] "GET /img/gameInstruction/enemyRadars.png HTTP/1.1" 404 546 "https://web-application-n0ne.c9users.io/gameInstruction.html" "Mozilla/5.0 (Windows NT 10.0; Win64; x64) AppleWebKit/537.36 (KHTML, like Gecko) Chrome/60.0.3112.113 Safari/537.36"
10.240.1.14 - - [12/Sep/2017:13:01:34 +0000] "GET /gameInstruction.html HTTP/1.1" 200 952 "https://web-application-n0ne.c9users.io/homePage.html" "Mozilla/5.0 (Windows NT 10.0; Win64; x64) AppleWebKit/537.36 (KHTML, like Gecko) Chrome/60.0.3112.113 Safari/537.36"
10.240.1.14 - - [12/Sep/2017:13:01:34 +0000] "GET /img/gameInstruction/arrowKeys.png HTTP/1.1" 304 181 "https://web-application-n0ne.c9users.io/gameInstruction.html" "Mozilla/5.0 (Windows NT 10.0; Win64; x64) AppleWebKit/537.36 (KHTML, like Gecko) Chrome/60.0.3112.113 Safari/537.36"
10.240.1.14 - - [12/Sep/2017:13:01:34 +0000] "GET /img/gameInstruction/enemyRadars.png HTTP/1.1" 404 546 "https://web-application-n0ne.c9users.io/gameInstruction.html" "Mozilla/5.0 (Windows NT 10.0; Win64; x64) AppleWebKit/537.36 (KHTML, like Gecko) Chrome/60.0.3112.113 Safari/537.36"
10.240.1.67 - - [12/Sep/2017:13:01:34 +0000] "GET /img/gameInstruction/stealingKunai.png HTTP/1.1" 304 181 "https://web-application-n0ne.c9users.io/gameInstruction.html" "Mozilla/5.0 (Windows NT 10.0; Win64; x64) AppleWebKit/537.36 (KHTML, like Gecko) Chrome/60.0.3112.113 Safari/537.36"
10.240.1.31 - - [12/Sep/2017:13:01:35 +0000] "GET /img/gameInstruction/key.png HTTP/1.1" 404 538 "https://web-application-n0ne.c9users.io/gameInstruction.html" "Mozilla/5.0 (Windows NT 10.0; Win64; x64) AppleWebKit/537.36 (KHTML, like Gecko) Chrome/60.0.3112.113 Safari/537.36"
10.240.1.67 - - [12/Sep/2017:13:01:35 +0000] "GET /img/gameInstruction/door.png HTTP/1.1" 404 539 "https://web-application-n0ne.c9users.io/gameInstruction.html" "Mozilla/5.0 (Windows NT 10.0; Win64; x64) AppleWebKit/537.36 (KHTML, like Gecko) Chrome/60.0.3112.113 Safari/537.36"
10.240.1.45 - - [12/Sep/2017:13:01:53 +0000] "GET /gameInstruction.html HTTP/1.1" 200 954 "https://web-application-n0ne.c9users.io/homePage.html" "Mozilla/5.0 (Windows NT 10.0; Win64; x64) AppleWebKit/537.36 (KHTML, like Gecko) Chrome/60.0.3112.113 Safari/537.36"
10.240.1.67 - - [12/Sep/2017:13:01:53 +0000] "GET /img/gameInstruction/enemyRadars.png HTTP/1.1" 404 546 "https://web-application-n0ne.c9users.io/gameInstruction.html" "Mozilla/5.0 (Windows NT 10.0; Win64; x64) AppleWebKit/537.36 (KHTML, like Gecko) Chrome/60.0.3112.113 Safari/537.36"
10.240.1.31 - - [12/Sep/2017:13:01:53 +0000] "GET /img/gameInstruction/key.png HTTP/1.1" 404 538 "https://web-application-n0ne.c9users.io/gameInstruction.html" "Mozilla/5.0 (Windows NT 10.0; Win64; x64) AppleWebKit/537.36 (KHTML, like Gecko) Chrome/60.0.3112.113 Safari/537.36"
10.240.1.67 - - [12/Sep/2017:13:01:53 +0000] "GET /img/gameInstruction/door.png HTTP/1.1" 404 539 "https://web-application-n0ne.c9users.io/gameInstruction.html" "Mozilla/5.0 (Windows NT 10.0; Win64; x64) AppleWebKit/537.36 (KHTML, like Gecko) Chrome/60.0.3112.113 Safari/537.36"
10.240.0.189 - - [12/Sep/2017:13:03:14 +0000] "GET /gameInstruction.html HTTP/1.1" 200 973 "https://web-application-n0ne.c9users.io/homePage.html" "Mozilla/5.0 (Windows NT 10.0; Win64; x64) AppleWebKit/537.36 (KHTML, like Gecko) Chrome/60.0.3112.113 Safari/537.36"
10.240.0.189 - - [12/Sep/2017:13:03:14 +0000] "GET /img/gameInstruction/key.png HTTP/1.1" 404 538 "https://web-application-n0ne.c9users.io/gameInstruction.html" "Mozilla/5.0 (Windows NT 10.0; Win64; x64) AppleWebKit/537.36 (KHTML, like Gecko) Chrome/60.0.3112.113 Safari/537.36"
10.240.0.224 - - [12/Sep/2017:13:03:14 +0000] "GET /img/gameInstruction/stealingKunai.png HTTP/1.1" 304 181 "https://web-application-n0ne.c9users.io/gameInstruction.html" "Mozilla/5.0 (Windows NT 10.0; Win64; x64) AppleWebKit/537.36 (KHTML, like Gecko) Chrome/60.0.3112.113 Safari/537.36"
10.240.0.224 - - [12/Sep/2017:13:03:15 +0000] "GET /img/gameInstruction/enemyRadars.png HTTP/1.1" 404 546 "https://web-application-n0ne.c9users.io/gameInstruction.html" "Mozilla/5.0 (Windows NT 10.0; Win64; x64) AppleWebKit/537.36 (KHTML, like Gecko) Chrome/60.0.3112.113 Safari/537.36"
10.240.1.4 - - [12/Sep/2017:13:03:15 +0000] "GET /img/gameInstruction/door.png HTTP/1.1" 404 539 "https://web-application-n0ne.c9users.io/gameInstruction.html" "Mozilla/5.0 (Windows NT 10.0; Win64; x64) AppleWebKit/537.36 (KHTML, like Gecko) Chrome/60.0.3112.113 Safari/537.36"
10.240.1.18 - - [12/Sep/2017:13:03:30 +0000] "GET /gameInstruction.html HTTP/1.1" 200 973 "https://web-application-n0ne.c9users.io/homePage.html" "Mozilla/5.0 (Windows NT 10.0; Win64; x64) AppleWebKit/537.36 (KHTML, like Gecko) Chrome/60.0.3112.113 Safari/537.36"
10.240.1.18 - - [12/Sep/2017:13:03:30 +0000] "GET /img/gameInstruction/enemyRadars.png HTTP/1.1" 404 546 "https://web-application-n0ne.c9users.io/gameInstruction.html" "Mozilla/5.0 (Windows NT 10.0; Win64; x64) AppleWebKit/537.36 (KHTML, like Gecko) Chrome/60.0.3112.113 Safari/537.36"
10.240.1.18 - - [12/Sep/2017:13:03:30 +0000] "GET /img/gameInstruction/key.png HTTP/1.1" 404 538 "https://web-application-n0ne.c9users.io/gameInstruction.html" "Mozilla/5.0 (Windows NT 10.0; Win64; x64) AppleWebKit/537.36 (KHTML, like Gecko) Chrome/60.0.3112.113 Safari/537.36"
10.240.1.18 - - [12/Sep/2017:13:03:30 +0000] "GET /img/gameInstruction/door.png HTTP/1.1" 404 539 "https://web-application-n0ne.c9users.io/gameInstruction.html" "Mozilla/5.0 (Windows NT 10.0; Win64; x64) AppleWebKit/537.36 (KHTML, like Gecko) Chrome/60.0.3112.113 Safari/537.36"
10.240.1.45 - - [12/Sep/2017:13:05:29 +0000] "GET /gameInstruction.html HTTP/1.1" 200 973 "https://web-application-n0ne.c9users.io/homePage.html" "Mozilla/5.0 (Windows NT 10.0; Win64; x64) AppleWebKit/537.36 (KHTML, like Gecko) Chrome/60.0.3112.113 Safari/537.36"
10.240.1.45 - - [12/Sep/2017:13:05:29 +0000] "GET /img/gameInstruction/arrowKeys.png HTTP/1.1" 304 181 "https://web-application-n0ne.c9users.io/gameInstruction.html" "Mozilla/5.0 (Windows NT 10.0; Win64; x64) AppleWebKit/537.36 (KHTML, like Gecko) Chrome/60.0.3112.113 Safari/537.36"
10.240.1.45 - - [12/Sep/2017:13:05:29 +0000] "GET /img/gameInstruction/stealingKunai.png HTTP/1.1" 304 181 "https://web-application-n0ne.c9users.io/gameInstruction.html" "Mozilla/5.0 (Windows NT 10.0; Win64; x64) AppleWebKit/537.36 (KHTML, like Gecko) Chrome/60.0.3112.113 Safari/537.36"
10.240.0.224 - - [12/Sep/2017:13:05:30 +0000] "GET /img/gameInstruction/enemyRadars.png HTTP/1.1" 404 546 "https://web-application-n0ne.c9users.io/gameInstruction.html" "Mozilla/5.0 (Windows NT 10.0; Win64; x64) AppleWebKit/537.36 (KHTML, like Gecko) Chrome/60.0.3112.113 Safari/537.36"
10.240.0.224 - - [12/Sep/2017:13:05:30 +0000] "GET /img/gameInstruction/door.png HTTP/1.1" 200 49442 "https://web-application-n0ne.c9users.io/gameInstruction.html" "Mozilla/5.0 (Windows NT 10.0; Win64; x64) AppleWebKit/537.36 (KHTML, like Gecko) Chrome/60.0.3112.113 Safari/537.36"
10.240.1.67 - - [12/Sep/2017:13:05:30 +0000] "GET /img/gameInstruction/key.png HTTP/1.1" 200 8046 "https://web-application-n0ne.c9users.io/gameInstruction.html" "Mozilla/5.0 (Windows NT 10.0; Win64; x64) AppleWebKit/537.36 (KHTML, like Gecko) Chrome/60.0.3112.113 Safari/537.36"
10.240.0.224 - - [12/Sep/2017:13:05:46 +0000] "GET /gameInstruction.html HTTP/1.1" 200 971 "https://web-application-n0ne.c9users.io/homePage.html" "Mozilla/5.0 (Windows NT 10.0; Win64; x64) AppleWebKit/537.36 (KHTML, like Gecko) Chrome/60.0.3112.113 Safari/537.36"
10.240.0.224 - - [12/Sep/2017:13:05:47 +0000] "GET /img/gameInstruction/door.png HTTP/1.1" 304 181 "https://web-application-n0ne.c9users.io/gameInstruction.html" "Mozilla/5.0 (Windows NT 10.0; Win64; x64) AppleWebKit/537.36 (KHTML, like Gecko) Chrome/60.0.3112.113 Safari/537.36"
10.240.1.18 - - [12/Sep/2017:13:05:47 +0000] "GET /img/gameInstruction/enemyRadars.png HTTP/1.1" 404 546 "https://web-application-n0ne.c9users.io/gameInstruction.html" "Mozilla/5.0 (Windows NT 10.0; Win64; x64) AppleWebKit/537.36 (KHTML, like Gecko) Chrome/60.0.3112.113 Safari/537.36"
10.240.1.14 - - [12/Sep/2017:13:05:47 +0000] "GET /img/gameInstruction/key.png HTTP/1.1" 304 181 "https://web-application-n0ne.c9users.io/gameInstruction.html" "Mozilla/5.0 (Windows NT 10.0; Win64; x64) AppleWebKit/537.36 (KHTML, like Gecko) Chrome/60.0.3112.113 Safari/537.36"
10.240.1.4 - - [12/Sep/2017:13:06:49 +0000] "GET /gameInstruction.html HTTP/1.1" 200 968 "https://web-application-n0ne.c9users.io/homePage.html" "Mozilla/5.0 (Windows NT 10.0; Win64; x64) AppleWebKit/537.36 (KHTML, like Gecko) Chrome/60.0.3112.113 Safari/537.36"
10.240.1.4 - - [12/Sep/2017:13:06:49 +0000] "GET /img/gameInstruction/enemyRadars.png HTTP/1.1" 404 546 "https://web-application-n0ne.c9users.io/gameInstruction.html" "Mozilla/5.0 (Windows NT 10.0; Win64; x64) AppleWebKit/537.36 (KHTML, like Gecko) Chrome/60.0.3112.113 Safari/537.36"
10.240.1.45 - - [12/Sep/2017:13:06:49 +0000] "GET /img/gameInstruction/stealingKunai.png HTTP/1.1" 304 181 "https://web-application-n0ne.c9users.io/gameInstruction.html" "Mozilla/5.0 (Windows NT 10.0; Win64; x64) AppleWebKit/537.36 (KHTML, like Gecko) Chrome/60.0.3112.113 Safari/537.36"
10.240.1.31 - - [12/Sep/2017:13:06:49 +0000] "GET /img/gameInstruction/door.png HTTP/1.1" 304 181 "https://web-application-n0ne.c9users.io/gameInstruction.html" "Mozilla/5.0 (Windows NT 10.0; Win64; x64) AppleWebKit/537.36 (KHTML, like Gecko) Chrome/60.0.3112.113 Safari/537.36"
10.240.1.45 - - [12/Sep/2017:13:06:49 +0000] "GET /img/gameInstruction/key.png HTTP/1.1" 304 181 "https://web-application-n0ne.c9users.io/gameInstruction.html" "Mozilla/5.0 (Windows NT 10.0; Win64; x64) AppleWebKit/537.36 (KHTML, like Gecko) Chrome/60.0.3112.113 Safari/537.36"
10.240.1.45 - - [12/Sep/2017:13:07:44 +0000] "GET /gameInstruction.html HTTP/1.1" 200 965 "https://web-application-n0ne.c9users.io/homePage.html" "Mozilla/5.0 (Windows NT 10.0; Win64; x64) AppleWebKit/537.36 (KHTML, like Gecko) Chrome/60.0.3112.113 Safari/537.36"
10.240.1.45 - - [12/Sep/2017:13:07:44 +0000] "GET /img/gameInstruction/key.png HTTP/1.1" 304 181 "https://web-application-n0ne.c9users.io/gameInstruction.html" "Mozilla/5.0 (Windows NT 10.0; Win64; x64) AppleWebKit/537.36 (KHTML, like Gecko) Chrome/60.0.3112.113 Safari/537.36"
