10.240.1.14 - - [21/Sep/2017:23:06:01 +0000] "GET /img/naruto.png HTTP/1.1" 304 182 "https://web-application-n0ne.c9users.io/homePage.html" "Mozilla/5.0 (X11; Linux x86_64; rv:45.0) Gecko/20100101 Firefox/45.0"
10.240.1.45 - - [21/Sep/2017:23:07:45 +0000] "GET /homePage.html HTTP/1.1" 200 1200 "-" "Mozilla/5.0 (X11; Linux x86_64; rv:45.0) Gecko/20100101 Firefox/45.0"
10.240.1.45 - - [21/Sep/2017:23:07:46 +0000] "GET /img/kirito.jpg HTTP/1.1" 404 525 "https://web-application-n0ne.c9users.io/homePage.html" "Mozilla/5.0 (X11; Linux x86_64; rv:45.0) Gecko/20100101 Firefox/45.0"
10.240.0.189 - - [21/Sep/2017:23:07:46 +0000] "GET /img/saitama.jpg HTTP/1.1" 304 182 "https://web-application-n0ne.c9users.io/homePage.html" "Mozilla/5.0 (X11; Linux x86_64; rv:45.0) Gecko/20100101 Firefox/45.0"
10.240.1.31 - - [21/Sep/2017:23:07:46 +0000] "GET /img/kirito.jpg HTTP/1.1" 404 525 "https://web-application-n0ne.c9users.io/homePage.html" "Mozilla/5.0 (X11; Linux x86_64; rv:45.0) Gecko/20100101 Firefox/45.0"
10.240.1.18 - - [21/Sep/2017:23:07:46 +0000] "GET /img/naruto.png HTTP/1.1" 304 182 "https://web-application-n0ne.c9users.io/homePage.html" "Mozilla/5.0 (X11; Linux x86_64; rv:45.0) Gecko/20100101 Firefox/45.0"
10.240.1.4 - - [21/Sep/2017:23:08:02 +0000] "GET /homePage.html HTTP/1.1" 200 1201 "-" "Mozilla/5.0 (X11; Linux x86_64; rv:45.0) Gecko/20100101 Firefox/45.0"
10.240.0.189 - - [21/Sep/2017:23:08:02 +0000] "GET /img/kirito.jpg HTTP/1.1" 404 525 "https://web-application-n0ne.c9users.io/homePage.html" "Mozilla/5.0 (X11; Linux x86_64; rv:45.0) Gecko/20100101 Firefox/45.0"
10.240.1.4 - - [21/Sep/2017:23:08:02 +0000] "GET /img/kirito.jpg HTTP/1.1" 404 525 "https://web-application-n0ne.c9users.io/homePage.html" "Mozilla/5.0 (X11; Linux x86_64; rv:45.0) Gecko/20100101 Firefox/45.0"
10.240.1.18 - - [21/Sep/2017:23:08:02 +0000] "GET /img/naruto.png HTTP/1.1" 304 182 "https://web-application-n0ne.c9users.io/homePage.html" "Mozilla/5.0 (X11; Linux x86_64; rv:45.0) Gecko/20100101 Firefox/45.0"
10.240.0.224 - - [21/Sep/2017:23:08:03 +0000] "GET /img/saitama.jpg HTTP/1.1" 304 182 "https://web-application-n0ne.c9users.io/homePage.html" "Mozilla/5.0 (X11; Linux x86_64; rv:45.0) Gecko/20100101 Firefox/45.0"
10.240.1.67 - - [21/Sep/2017:23:15:14 +0000] "GET /hello-world.html HTTP/1.1" 200 1234 "-" "Mozilla/5.0 (X11; Linux x86_64; rv:45.0) Gecko/20100101 Firefox/45.0"
10.240.0.224 - - [21/Sep/2017:23:17:14 +0000] "GET /hello-world.html HTTP/1.1" 200 1236 "-" "Mozilla/5.0 (X11; Linux x86_64; rv:45.0) Gecko/20100101 Firefox/45.0"
10.240.1.18 - - [21/Sep/2017:23:17:22 +0000] "GET /hello-world.html HTTP/1.1" 200 1235 "-" "Mozilla/5.0 (X11; Linux x86_64; rv:45.0) Gecko/20100101 Firefox/45.0"
10.240.1.4 - - [21/Sep/2017:23:17:31 +0000] "GET /hello-world.html HTTP/1.1" 200 1232 "-" "Mozilla/5.0 (X11; Linux x86_64; rv:45.0) Gecko/20100101 Firefox/45.0"
10.240.1.14 - - [21/Sep/2017:23:18:35 +0000] "GET /hello-world.html HTTP/1.1" 200 1240 "-" "Mozilla/5.0 (X11; Linux x86_64; rv:45.0) Gecko/20100101 Firefox/45.0"
10.240.1.67 - - [21/Sep/2017:23:18:58 +0000] "GET /hello-world.html HTTP/1.1" 200 1241 "-" "Mozilla/5.0 (X11; Linux x86_64; rv:45.0) Gecko/20100101 Firefox/45.0"
10.240.0.224 - - [21/Sep/2017:23:19:37 +0000] "GET /hello-world.html HTTP/1.1" 200 1248 "-" "Mozilla/5.0 (X11; Linux x86_64; rv:45.0) Gecko/20100101 Firefox/45.0"
10.240.1.45 - - [21/Sep/2017:23:20:49 +0000] "GET /hello-world.html HTTP/1.1" 200 1252 "-" "Mozilla/5.0 (X11; Linux x86_64; rv:45.0) Gecko/20100101 Firefox/45.0"
10.240.1.18 - - [21/Sep/2017:23:21:12 +0000] "GET /hello-world.html HTTP/1.1" 200 1249 "-" "Mozilla/5.0 (X11; Linux x86_64; rv:45.0) Gecko/20100101 Firefox/45.0"
10.240.0.189 - - [21/Sep/2017:23:21:19 +0000] "GET /hello-world.html HTTP/1.1" 200 1252 "-" "Mozilla/5.0 (X11; Linux x86_64; rv:45.0) Gecko/20100101 Firefox/45.0"
10.240.0.224 - - [21/Sep/2017:23:23:17 +0000] "GET /hello-world.html HTTP/1.1" 200 1252 "-" "Mozilla/5.0 (X11; Linux x86_64; rv:45.0) Gecko/20100101 Firefox/45.0"
10.240.0.224 - - [21/Sep/2017:23:23:39 +0000] "GET /hello-world.html HTTP/1.1" 200 1254 "-" "Mozilla/5.0 (X11; Linux x86_64; rv:45.0) Gecko/20100101 Firefox/45.0"
10.240.0.189 - - [21/Sep/2017:23:24:29 +0000] "GET /hello-world.html HTTP/1.1" 200 1274 "-" "Mozilla/5.0 (X11; Linux x86_64; rv:45.0) Gecko/20100101 Firefox/45.0"
10.240.0.189 - - [21/Sep/2017:23:24:47 +0000] "GET /hello-world.html HTTP/1.1" 200 1282 "-" "Mozilla/5.0 (X11; Linux x86_64; rv:45.0) Gecko/20100101 Firefox/45.0"
10.240.1.14 - - [21/Sep/2017:23:26:02 +0000] "GET /hello-world.html HTTP/1.1" 200 1294 "-" "Mozilla/5.0 (X11; Linux x86_64; rv:45.0) Gecko/20100101 Firefox/45.0"
10.240.1.45 - - [21/Sep/2017:23:29:44 +0000] "GET /hello-world.html HTTP/1.1" 200 1307 "-" "Mozilla/5.0 (X11; Linux x86_64; rv:45.0) Gecko/20100101 Firefox/45.0"
10.240.0.224 - - [21/Sep/2017:23:31:39 +0000] "GET /hello-world.html HTTP/1.1" 200 1341 "-" "Mozilla/5.0 (X11; Linux x86_64; rv:45.0) Gecko/20100101 Firefox/45.0"
10.240.1.31 - - [21/Sep/2017:23:32:58 +0000] "GET /hello-world.html HTTP/1.1" 200 1356 "-" "Mozilla/5.0 (X11; Linux x86_64; rv:45.0) Gecko/20100101 Firefox/45.0"
10.240.1.31 - - [21/Sep/2017:23:33:12 +0000] "GET /hello-world.html HTTP/1.1" 200 1354 "-" "Mozilla/5.0 (X11; Linux x86_64; rv:45.0) Gecko/20100101 Firefox/45.0"
10.240.1.14 - - [21/Sep/2017:23:37:25 +0000] "GET /hello-world.html HTTP/1.1" 200 1426 "-" "Mozilla/5.0 (X11; Linux x86_64; rv:45.0) Gecko/20100101 Firefox/45.0"
10.240.1.45 - - [21/Sep/2017:23:37:47 +0000] "GET /hello-world.html HTTP/1.1" 200 1432 "-" "Mozilla/5.0 (X11; Linux x86_64; rv:45.0) Gecko/20100101 Firefox/45.0"
10.240.1.67 - - [21/Sep/2017:23:38:36 +0000] "GET /hello-world.html HTTP/1.1" 200 1434 "-" "Mozilla/5.0 (X11; Linux x86_64; rv:45.0) Gecko/20100101 Firefox/45.0"
10.240.1.45 - - [21/Sep/2017:23:39:46 +0000] "GET /hello-world.html HTTP/1.1" 200 1463 "-" "Mozilla/5.0 (X11; Linux x86_64; rv:45.0) Gecko/20100101 Firefox/45.0"
10.240.1.18 - - [21/Sep/2017:23:40:25 +0000] "GET /hello-world.html HTTP/1.1" 200 1466 "-" "Mozilla/5.0 (X11; Linux x86_64; rv:45.0) Gecko/20100101 Firefox/45.0"
10.240.1.67 - - [21/Sep/2017:23:40:40 +0000] "GET /hello-world.html HTTP/1.1" 200 1467 "-" "Mozilla/5.0 (X11; Linux x86_64; rv:45.0) Gecko/20100101 Firefox/45.0"
10.240.1.14 - - [21/Sep/2017:23:41:30 +0000] "GET /hello-world.html HTTP/1.1" 200 1470 "-" "Mozilla/5.0 (X11; Linux x86_64; rv:45.0) Gecko/20100101 Firefox/45.0"
10.240.0.224 - - [21/Sep/2017:23:41:45 +0000] "GET /hello-world.html HTTP/1.1" 200 1469 "-" "Mozilla/5.0 (X11; Linux x86_64; rv:45.0) Gecko/20100101 Firefox/45.0"
10.240.1.45 - - [21/Sep/2017:23:42:43 +0000] "GET /hello-world.html HTTP/1.1" 200 1472 "-" "Mozilla/5.0 (X11; Linux x86_64; rv:45.0) Gecko/20100101 Firefox/45.0"
10.240.0.224 - - [21/Sep/2017:23:44:00 +0000] "GET /hello-world.html HTTP/1.1" 200 1477 "-" "Mozilla/5.0 (X11; Linux x86_64; rv:45.0) Gecko/20100101 Firefox/45.0"
10.240.1.67 - - [21/Sep/2017:23:49:52 +0000] "GET /hello-world.html HTTP/1.1" 200 1518 "-" "Mozilla/5.0 (X11; Linux x86_64; rv:45.0) Gecko/20100101 Firefox/45.0"
10.240.1.67 - - [21/Sep/2017:23:49:52 +0000] "GET /img/lights.jpg HTTP/1.1" 200 20749 "https://web-application-n0ne.c9users.io/hello-world.html" "Mozilla/5.0 (X11; Linux x86_64; rv:45.0) Gecko/20100101 Firefox/45.0"
10.240.1.67 - - [21/Sep/2017:23:52:00 +0000] "GET /hello-world.html HTTP/1.1" 200 1544 "-" "Mozilla/5.0 (X11; Linux x86_64; rv:45.0) Gecko/20100101 Firefox/45.0"
10.240.1.14 - - [21/Sep/2017:23:52:01 +0000] "GET /img/lights.jpg HTTP/1.1" 304 181 "https://web-application-n0ne.c9users.io/hello-world.html" "Mozilla/5.0 (X11; Linux x86_64; rv:45.0) Gecko/20100101 Firefox/45.0"
10.240.0.189 - - [21/Sep/2017:23:52:27 +0000] "GET /hello-world.html HTTP/1.1" 200 1550 "-" "Mozilla/5.0 (X11; Linux x86_64; rv:45.0) Gecko/20100101 Firefox/45.0"
10.240.0.224 - - [21/Sep/2017:23:52:28 +0000] "GET /img/lights.jpg HTTP/1.1" 304 181 "https://web-application-n0ne.c9users.io/hello-world.html" "Mozilla/5.0 (X11; Linux x86_64; rv:45.0) Gecko/20100101 Firefox/45.0"
10.240.1.31 - - [21/Sep/2017:23:52:40 +0000] "GET /hello-world.html HTTP/1.1" 200 1550 "-" "Mozilla/5.0 (X11; Linux x86_64; rv:45.0) Gecko/20100101 Firefox/45.0"
10.240.0.189 - - [21/Sep/2017:23:52:40 +0000] "GET /img/lights.jpg HTTP/1.1" 304 181 "https://web-application-n0ne.c9users.io/hello-world.html" "Mozilla/5.0 (X11; Linux x86_64; rv:45.0) Gecko/20100101 Firefox/45.0"
10.240.0.189 - - [21/Sep/2017:23:53:26 +0000] "GET /hello-world.html HTTP/1.1" 200 1556 "-" "Mozilla/5.0 (X11; Linux x86_64; rv:45.0) Gecko/20100101 Firefox/45.0"
10.240.1.67 - - [21/Sep/2017:23:53:27 +0000] "GET /img/lights.jpg HTTP/1.1" 304 181 "https://web-application-n0ne.c9users.io/hello-world.html" "Mozilla/5.0 (X11; Linux x86_64; rv:45.0) Gecko/20100101 Firefox/45.0"
10.240.0.189 - - [22/Sep/2017:00:26:34 +0000] "GET /hello-world.html HTTP/1.1" 200 1565 "-" "Mozilla/5.0 (X11; Linux x86_64; rv:45.0) Gecko/20100101 Firefox/45.0"
10.240.0.189 - - [22/Sep/2017:00:26:34 +0000] "GET /img/lights.jpg HTTP/1.1" 304 181 "https://web-application-n0ne.c9users.io/hello-world.html" "Mozilla/5.0 (X11; Linux x86_64; rv:45.0) Gecko/20100101 Firefox/45.0"
10.240.1.31 - - [22/Sep/2017:00:31:39 +0000] "GET /hello-world.html HTTP/1.1" 200 1563 "-" "Mozilla/5.0 (X11; Linux x86_64; rv:45.0) Gecko/20100101 Firefox/45.0"
10.240.1.31 - - [22/Sep/2017:00:31:39 +0000] "GET /img/lights.jpg HTTP/1.1" 304 181 "https://web-application-n0ne.c9users.io/hello-world.html" "Mozilla/5.0 (X11; Linux x86_64; rv:45.0) Gecko/20100101 Firefox/45.0"
10.240.1.67 - - [22/Sep/2017:00:31:48 +0000] "GET /hello-world.html HTTP/1.1" 200 1565 "-" "Mozilla/5.0 (X11; Linux x86_64; rv:45.0) Gecko/20100101 Firefox/45.0"
10.240.0.189 - - [22/Sep/2017:00:31:49 +0000] "GET /img/lights.jpg HTTP/1.1" 304 181 "https://web-application-n0ne.c9users.io/hello-world.html" "Mozilla/5.0 (X11; Linux x86_64; rv:45.0) Gecko/20100101 Firefox/45.0"
10.240.1.18 - - [22/Sep/2017:11:48:39 +0000] "GET /Static/homePage.html HTTP/1.1" 200 683 "-" "Mozilla/5.0 (Windows NT 10.0; Win64; x64) AppleWebKit/537.36 (KHTML, like Gecko) Chrome/60.0.3112.113 Safari/537.36"
10.240.1.18 - - [22/Sep/2017:11:48:39 +0000] "GET /Static/rickS.jpg HTTP/1.1" 404 527 "https://web-application-n0ne.c9users.io/Static/homePage.html" "Mozilla/5.0 (Windows NT 10.0; Win64; x64) AppleWebKit/537.36 (KHTML, like Gecko) Chrome/60.0.3112.113 Safari/537.36"
10.240.1.31 - - [22/Sep/2017:11:52:28 +0000] "GET /Static/homePage.html HTTP/1.1" 200 683 "-" "Mozilla/5.0 (Windows NT 10.0; Win64; x64) AppleWebKit/537.36 (KHTML, like Gecko) Chrome/60.0.3112.113 Safari/537.36"
10.240.0.189 - - [22/Sep/2017:11:52:29 +0000] "GET /Static/rickS.jpg HTTP/1.1" 404 527 "https://web-application-n0ne.c9users.io/Static/homePage.html" "Mozilla/5.0 (Windows NT 10.0; Win64; x64) AppleWebKit/537.36 (KHTML, like Gecko) Chrome/60.0.3112.113 Safari/537.36"
10.240.1.14 - - [22/Sep/2017:11:56:16 +0000] "GET /Static/homePage.html HTTP/1.1" 200 683 "-" "Mozilla/5.0 (Windows NT 10.0; Win64; x64) AppleWebKit/537.36 (KHTML, like Gecko) Chrome/60.0.3112.113 Safari/537.36"
10.240.1.14 - - [22/Sep/2017:11:56:16 +0000] "GET /Static/rickS.jpg HTTP/1.1" 404 527 "https://web-application-n0ne.c9users.io/Static/homePage.html" "Mozilla/5.0 (Windows NT 10.0; Win64; x64) AppleWebKit/537.36 (KHTML, like Gecko) Chrome/60.0.3112.113 Safari/537.36"
10.240.1.14 - - [22/Sep/2017:11:56:28 +0000] "GET /Static/homePage.html HTTP/1.1" 200 692 "-" "Mozilla/5.0 (Windows NT 10.0; Win64; x64) AppleWebKit/537.36 (KHTML, like Gecko) Chrome/60.0.3112.113 Safari/537.36"
10.240.1.45 - - [22/Sep/2017:11:56:28 +0000] "GET /Static/img/rickS.jpg HTTP/1.1" 200 55048 "https://web-application-n0ne.c9users.io/Static/homePage.html" "Mozilla/5.0 (Windows NT 10.0; Win64; x64) AppleWebKit/537.36 (KHTML, like Gecko) Chrome/60.0.3112.113 Safari/537.36"
10.240.1.14 - - [22/Sep/2017:12:02:31 +0000] "GET /Static/homePage.html HTTP/1.1" 200 769 "-" "Mozilla/5.0 (Windows NT 10.0; Win64; x64) AppleWebKit/537.36 (KHTML, like Gecko) Chrome/60.0.3112.113 Safari/537.36"
10.240.1.18 - - [22/Sep/2017:12:02:32 +0000] "GET /Static/img/rickS.jpg HTTP/1.1" 304 181 "https://web-application-n0ne.c9users.io/Static/homePage.html" "Mozilla/5.0 (Windows NT 10.0; Win64; x64) AppleWebKit/537.36 (KHTML, like Gecko) Chrome/60.0.3112.113 Safari/537.36"
10.240.1.14 - - [22/Sep/2017:12:02:39 +0000] "GET /Static/homePage.html HTTP/1.1" 200 770 "-" "Mozilla/5.0 (Windows NT 10.0; Win64; x64) AppleWebKit/537.36 (KHTML, like Gecko) Chrome/60.0.3112.113 Safari/537.36"
10.240.1.14 - - [22/Sep/2017:12:02:40 +0000] "GET /Static/homePage.html HTTP/1.1" 200 770 "-" "Mozilla/5.0 (Windows NT 10.0; Win64; x64) AppleWebKit/537.36 (KHTML, like Gecko) Chrome/60.0.3112.113 Safari/537.36"
10.240.1.14 - - [22/Sep/2017:12:03:33 +0000] "GET /Static/homePage.html HTTP/1.1" 200 769 "-" "Mozilla/5.0 (Windows NT 10.0; Win64; x64) AppleWebKit/537.36 (KHTML, like Gecko) Chrome/60.0.3112.113 Safari/537.36"
10.240.0.224 - - [22/Sep/2017:12:09:43 +0000] "GET /Static/homePage.html HTTP/1.1" 200 846 "-" "Mozilla/5.0 (Windows NT 10.0; Win64; x64) AppleWebKit/537.36 (KHTML, like Gecko) Chrome/60.0.3112.113 Safari/537.36"
10.240.1.45 - - [22/Sep/2017:12:09:43 +0000] "GET /Static/img/rickS.jpg HTTP/1.1" 304 181 "https://web-application-n0ne.c9users.io/Static/homePage.html" "Mozilla/5.0 (Windows NT 10.0; Win64; x64) AppleWebKit/537.36 (KHTML, like Gecko) Chrome/60.0.3112.113 Safari/537.36"
10.240.1.4 - - [22/Sep/2017:12:10:23 +0000] "GET /Static/homePage.html HTTP/1.1" 200 852 "-" "Mozilla/5.0 (Windows NT 10.0; Win64; x64) AppleWebKit/537.36 (KHTML, like Gecko) Chrome/60.0.3112.113 Safari/537.36"
10.240.1.45 - - [22/Sep/2017:12:12:35 +0000] "GET /Static/homePage.html HTTP/1.1" 200 902 "-" "Mozilla/5.0 (Windows NT 10.0; Win64; x64) AppleWebKit/537.36 (KHTML, like Gecko) Chrome/60.0.3112.113 Safari/537.36"
10.240.1.18 - - [22/Sep/2017:12:12:36 +0000] "GET /Static/img/rickS.jpg HTTP/1.1" 304 181 "https://web-application-n0ne.c9users.io/Static/homePage.html" "Mozilla/5.0 (Windows NT 10.0; Win64; x64) AppleWebKit/537.36 (KHTML, like Gecko) Chrome/60.0.3112.113 Safari/537.36"
10.240.1.18 - - [22/Sep/2017:12:12:53 +0000] "GET /Static/homePage.html HTTP/1.1" 200 904 "-" "Mozilla/5.0 (Windows NT 10.0; Win64; x64) AppleWebKit/537.36 (KHTML, like Gecko) Chrome/60.0.3112.113 Safari/537.36"
10.240.1.18 - - [22/Sep/2017:12:12:55 +0000] "GET /Static/homePage.html HTTP/1.1" 200 904 "-" "Mozilla/5.0 (Windows NT 10.0; Win64; x64) AppleWebKit/537.36 (KHTML, like Gecko) Chrome/60.0.3112.113 Safari/537.36"
10.240.1.14 - - [22/Sep/2017:12:13:13 +0000] "GET /Static/homePage.html HTTP/1.1" 200 902 "-" "Mozilla/5.0 (Windows NT 10.0; Win64; x64) AppleWebKit/537.36 (KHTML, like Gecko) Chrome/60.0.3112.113 Safari/537.36"
10.240.0.224 - - [22/Sep/2017:12:13:15 +0000] "GET /Static/homePage.html HTTP/1.1" 200 902 "-" "Mozilla/5.0 (Windows NT 10.0; Win64; x64) AppleWebKit/537.36 (KHTML, like Gecko) Chrome/60.0.3112.113 Safari/537.36"
10.240.1.14 - - [22/Sep/2017:12:14:33 +0000] "GET /Static/homePage.html HTTP/1.1" 200 914 "-" "Mozilla/5.0 (Windows NT 10.0; Win64; x64) AppleWebKit/537.36 (KHTML, like Gecko) Chrome/60.0.3112.113 Safari/537.36"
10.240.1.18 - - [22/Sep/2017:12:15:00 +0000] "GET /Static/homePage.html HTTP/1.1" 200 971 "-" "Mozilla/5.0 (Windows NT 10.0; Win64; x64) AppleWebKit/537.36 (KHTML, like Gecko) Chrome/60.0.3112.113 Safari/537.36"
10.240.1.14 - - [22/Sep/2017:12:15:21 +0000] "GET /Static/homePage.html HTTP/1.1" 200 967 "-" "Mozilla/5.0 (Windows NT 10.0; Win64; x64) AppleWebKit/537.36 (KHTML, like Gecko) Chrome/60.0.3112.113 Safari/537.36"
10.240.1.14 - - [22/Sep/2017:12:15:21 +0000] "GET /Static/img/rickS.jpg HTTP/1.1" 304 181 "https://web-application-n0ne.c9users.io/Static/homePage.html" "Mozilla/5.0 (Windows NT 10.0; Win64; x64) AppleWebKit/537.36 (KHTML, like Gecko) Chrome/60.0.3112.113 Safari/537.36"
10.240.1.67 - - [22/Sep/2017:12:17:34 +0000] "GET /Static/homePage.html HTTP/1.1" 200 966 "-" "Mozilla/5.0 (Windows NT 10.0; Win64; x64) AppleWebKit/537.36 (KHTML, like Gecko) Chrome/60.0.3112.113 Safari/537.36"
10.240.1.14 - - [22/Sep/2017:12:18:41 +0000] "GET /Static/homePage.html HTTP/1.1" 200 914 "-" "Mozilla/5.0 (Windows NT 10.0; Win64; x64) AppleWebKit/537.36 (KHTML, like Gecko) Chrome/60.0.3112.113 Safari/537.36"
10.240.1.4 - - [22/Sep/2017:12:18:41 +0000] "GET /Static/img/rickS.jpg HTTP/1.1" 304 181 "https://web-application-n0ne.c9users.io/Static/homePage.html" "Mozilla/5.0 (Windows NT 10.0; Win64; x64) AppleWebKit/537.36 (KHTML, like Gecko) Chrome/60.0.3112.113 Safari/537.36"
10.240.1.45 - - [22/Sep/2017:12:19:06 +0000] "GET /Static/homePage.html HTTP/1.1" 200 914 "-" "Mozilla/5.0 (Windows NT 10.0; Win64; x64) AppleWebKit/537.36 (KHTML, like Gecko) Chrome/60.0.3112.113 Safari/537.36"
10.240.1.14 - - [22/Sep/2017:12:19:33 +0000] "GET /Static/homePage.html HTTP/1.1" 200 919 "-" "Mozilla/5.0 (Windows NT 10.0; Win64; x64) AppleWebKit/537.36 (KHTML, like Gecko) Chrome/60.0.3112.113 Safari/537.36"
10.240.1.67 - - [22/Sep/2017:12:19:54 +0000] "GET /Static/homePage.html HTTP/1.1" 200 920 "-" "Mozilla/5.0 (Windows NT 10.0; Win64; x64) AppleWebKit/537.36 (KHTML, like Gecko) Chrome/60.0.3112.113 Safari/537.36"
10.240.0.224 - - [22/Sep/2017:12:20:08 +0000] "GET /Static/homePage.html HTTP/1.1" 200 921 "-" "Mozilla/5.0 (Windows NT 10.0; Win64; x64) AppleWebKit/537.36 (KHTML, like Gecko) Chrome/60.0.3112.113 Safari/537.36"
10.240.0.189 - - [22/Sep/2017:12:22:04 +0000] "GET /Static/homePage.html HTTP/1.1" 200 921 "-" "Mozilla/5.0 (Windows NT 10.0; Win64; x64) AppleWebKit/537.36 (KHTML, like Gecko) Chrome/60.0.3112.113 Safari/537.36"
10.240.0.224 - - [22/Sep/2017:12:22:05 +0000] "GET /Static/img/rickS.jpg HTTP/1.1" 304 181 "https://web-application-n0ne.c9users.io/Static/homePage.html" "Mozilla/5.0 (Windows NT 10.0; Win64; x64) AppleWebKit/537.36 (KHTML, like Gecko) Chrome/60.0.3112.113 Safari/537.36"
10.240.0.224 - - [22/Sep/2017:12:22:05 +0000] "GET /Static/homePage.html HTTP/1.1" 200 921 "-" "Mozilla/5.0 (Windows NT 10.0; Win64; x64) AppleWebKit/537.36 (KHTML, like Gecko) Chrome/60.0.3112.113 Safari/537.36"
10.240.1.14 - - [22/Sep/2017:12:22:17 +0000] "GET /Static/homePage.html HTTP/1.1" 200 906 "-" "Mozilla/5.0 (Windows NT 10.0; Win64; x64) AppleWebKit/537.36 (KHTML, like Gecko) Chrome/60.0.3112.113 Safari/537.36"
10.240.0.224 - - [22/Sep/2017:12:26:58 +0000] "GET /Static/homePage.html HTTP/1.1" 200 946 "-" "Mozilla/5.0 (Windows NT 10.0; Win64; x64) AppleWebKit/537.36 (KHTML, like Gecko) Chrome/60.0.3112.113 Safari/537.36"
10.240.0.189 - - [22/Sep/2017:12:26:58 +0000] "GET /Static/img/rickS.jpg HTTP/1.1" 304 181 "https://web-application-n0ne.c9users.io/Static/homePage.html" "Mozilla/5.0 (Windows NT 10.0; Win64; x64) AppleWebKit/537.36 (KHTML, like Gecko) Chrome/60.0.3112.113 Safari/537.36"
10.240.0.189 - - [22/Sep/2017:12:28:03 +0000] "GET /Static/homePage.html HTTP/1.1" 200 976 "-" "Mozilla/5.0 (Windows NT 10.0; Win64; x64) AppleWebKit/537.36 (KHTML, like Gecko) Chrome/60.0.3112.113 Safari/537.36"
10.240.1.67 - - [22/Sep/2017:12:31:08 +0000] "GET /Static/homePage.html HTTP/1.1" 200 1019 "-" "Mozilla/5.0 (Windows NT 10.0; Win64; x64) AppleWebKit/537.36 (KHTML, like Gecko) Chrome/60.0.3112.113 Safari/537.36"
10.240.1.31 - - [22/Sep/2017:12:31:08 +0000] "GET /Static/img/rickS.jpg HTTP/1.1" 304 181 "https://web-application-n0ne.c9users.io/Static/homePage.html" "Mozilla/5.0 (Windows NT 10.0; Win64; x64) AppleWebKit/537.36 (KHTML, like Gecko) Chrome/60.0.3112.113 Safari/537.36"
10.240.1.14 - - [22/Sep/2017:12:36:15 +0000] "GET /Static/homePage.html HTTP/1.1" 200 1033 "-" "Mozilla/5.0 (Windows NT 10.0; Win64; x64) AppleWebKit/537.36 (KHTML, like Gecko) Chrome/60.0.3112.113 Safari/537.36"
10.240.1.45 - - [22/Sep/2017:12:36:16 +0000] "GET /Static/img/rickS.jpg HTTP/1.1" 304 181 "https://web-application-n0ne.c9users.io/Static/homePage.html" "Mozilla/5.0 (Windows NT 10.0; Win64; x64) AppleWebKit/537.36 (KHTML, like Gecko) Chrome/60.0.3112.113 Safari/537.36"
10.240.1.31 - - [22/Sep/2017:12:36:25 +0000] "GET /Static/homePage.html HTTP/1.1" 200 1034 "-" "Mozilla/5.0 (Windows NT 10.0; Win64; x64) AppleWebKit/537.36 (KHTML, like Gecko) Chrome/60.0.3112.113 Safari/537.36"
10.240.1.45 - - [22/Sep/2017:12:38:10 +0000] "GET /Static/homePage.html HTTP/1.1" 200 1037 "-" "Mozilla/5.0 (Windows NT 10.0; Win64; x64) AppleWebKit/537.36 (KHTML, like Gecko) Chrome/60.0.3112.113 Safari/537.36"
10.240.0.224 - - [22/Sep/2017:12:41:30 +0000] "GET /Static/homePage.html HTTP/1.1" 200 1024 "-" "Mozilla/5.0 (Windows NT 10.0; Win64; x64) AppleWebKit/537.36 (KHTML, like Gecko) Chrome/60.0.3112.113 Safari/537.36"
10.240.1.18 - - [22/Sep/2017:12:41:30 +0000] "GET /Static/img/rickS.jpg HTTP/1.1" 304 181 "https://web-application-n0ne.c9users.io/Static/homePage.html" "Mozilla/5.0 (Windows NT 10.0; Win64; x64) AppleWebKit/537.36 (KHTML, like Gecko) Chrome/60.0.3112.113 Safari/537.36"
10.240.1.45 - - [22/Sep/2017:12:42:46 +0000] "GET /Static/homePage.html HTTP/1.1" 200 1028 "-" "Mozilla/5.0 (Windows NT 10.0; Win64; x64) AppleWebKit/537.36 (KHTML, like Gecko) Chrome/60.0.3112.113 Safari/537.36"
10.240.1.31 - - [22/Sep/2017:12:42:48 +0000] "GET /Static/homePage.html HTTP/1.1" 200 1028 "-" "Mozilla/5.0 (Windows NT 10.0; Win64; x64) AppleWebKit/537.36 (KHTML, like Gecko) Chrome/60.0.3112.113 Safari/537.36"
10.240.1.4 - - [22/Sep/2017:12:44:06 +0000] "GET /Static/homePage.html HTTP/1.1" 200 1030 "-" "Mozilla/5.0 (Windows NT 10.0; Win64; x64) AppleWebKit/537.36 (KHTML, like Gecko) Chrome/60.0.3112.113 Safari/537.36"
10.240.0.189 - - [22/Sep/2017:12:44:35 +0000] "GET /Static/homePage.html HTTP/1.1" 200 1013 "-" "Mozilla/5.0 (Windows NT 10.0; Win64; x64) AppleWebKit/537.36 (KHTML, like Gecko) Chrome/60.0.3112.113 Safari/537.36"
10.240.1.31 - - [22/Sep/2017:12:45:02 +0000] "GET /Static/homePage.html HTTP/1.1" 200 976 "-" "Mozilla/5.0 (Windows NT 10.0; Win64; x64) AppleWebKit/537.36 (KHTML, like Gecko) Chrome/60.0.3112.113 Safari/537.36"
10.240.1.18 - - [22/Sep/2017:12:45:26 +0000] "GET /Static/homePage.html HTTP/1.1" 200 976 "-" "Mozilla/5.0 (Windows NT 10.0; Win64; x64) AppleWebKit/537.36 (KHTML, like Gecko) Chrome/60.0.3112.113 Safari/537.36"
10.240.1.14 - - [22/Sep/2017:12:45:37 +0000] "GET /Static/homePage.html HTTP/1.1" 200 976 "-" "Mozilla/5.0 (Windows NT 10.0; Win64; x64) AppleWebKit/537.36 (KHTML, like Gecko) Chrome/60.0.3112.113 Safari/537.36"
10.240.0.224 - - [22/Sep/2017:12:52:13 +0000] "GET /Static/homePage.html HTTP/1.1" 200 1044 "-" "Mozilla/5.0 (Windows NT 10.0; Win64; x64) AppleWebKit/537.36 (KHTML, like Gecko) Chrome/60.0.3112.113 Safari/537.36"
10.240.0.224 - - [22/Sep/2017:12:52:13 +0000] "GET /Static/img/rickS.jpg HTTP/1.1" 304 181 "https://web-application-n0ne.c9users.io/Static/homePage.html" "Mozilla/5.0 (Windows NT 10.0; Win64; x64) AppleWebKit/537.36 (KHTML, like Gecko) Chrome/60.0.3112.113 Safari/537.36"
10.240.1.18 - - [22/Sep/2017:12:53:25 +0000] "GET /Static/homePage.html HTTP/1.1" 200 1039 "-" "Mozilla/5.0 (Windows NT 10.0; Win64; x64) AppleWebKit/537.36 (KHTML, like Gecko) Chrome/60.0.3112.113 Safari/537.36"
10.240.1.4 - - [22/Sep/2017:12:58:44 +0000] "GET /Static/homePage.html HTTP/1.1" 200 1076 "-" "Mozilla/5.0 (Windows NT 10.0; Win64; x64) AppleWebKit/537.36 (KHTML, like Gecko) Chrome/60.0.3112.113 Safari/537.36"
10.240.1.4 - - [22/Sep/2017:12:58:44 +0000] "GET /Static/img/rickS.jpg HTTP/1.1" 304 181 "https://web-application-n0ne.c9users.io/Static/homePage.html" "Mozilla/5.0 (Windows NT 10.0; Win64; x64) AppleWebKit/537.36 (KHTML, like Gecko) Chrome/60.0.3112.113 Safari/537.36"
10.240.1.4 - - [22/Sep/2017:12:58:44 +0000] "GET /Static/img/dracolose.png HTTP/1.1" 404 535 "https://web-application-n0ne.c9users.io/Static/homePage.html" "Mozilla/5.0 (Windows NT 10.0; Win64; x64) AppleWebKit/537.36 (KHTML, like Gecko) Chrome/60.0.3112.113 Safari/537.36"
10.240.1.45 - - [22/Sep/2017:12:58:57 +0000] "GET /Static/homePage.html HTTP/1.1" 200 1077 "-" "Mozilla/5.0 (Windows NT 10.0; Win64; x64) AppleWebKit/537.36 (KHTML, like Gecko) Chrome/60.0.3112.113 Safari/537.36"
10.240.1.31 - - [22/Sep/2017:12:59:16 +0000] "GET /Static/homePage.html HTTP/1.1" 200 1077 "-" "Mozilla/5.0 (Windows NT 10.0; Win64; x64) AppleWebKit/537.36 (KHTML, like Gecko) Chrome/60.0.3112.113 Safari/537.36"
10.240.1.14 - - [22/Sep/2017:12:59:17 +0000] "GET /Static/img/dracolose.png HTTP/1.1" 404 535 "https://web-application-n0ne.c9users.io/Static/homePage.html" "Mozilla/5.0 (Windows NT 10.0; Win64; x64) AppleWebKit/537.36 (KHTML, like Gecko) Chrome/60.0.3112.113 Safari/537.36"
10.240.1.67 - - [22/Sep/2017:12:59:36 +0000] "GET /Static/homePage.html HTTP/1.1" 200 1078 "-" "Mozilla/5.0 (Windows NT 10.0; Win64; x64) AppleWebKit/537.36 (KHTML, like Gecko) Chrome/60.0.3112.113 Safari/537.36"
10.240.1.4 - - [22/Sep/2017:12:59:36 +0000] "GET /Static/img/dracolose.png HTTP/1.1" 404 535 "https://web-application-n0ne.c9users.io/Static/homePage.html" "Mozilla/5.0 (Windows NT 10.0; Win64; x64) AppleWebKit/537.36 (KHTML, like Gecko) Chrome/60.0.3112.113 Safari/537.36"
10.240.1.18 - - [22/Sep/2017:13:00:07 +0000] "GET /Static/homePage.html HTTP/1.1" 200 1067 "-" "Mozilla/5.0 (Windows NT 10.0; Win64; x64) AppleWebKit/537.36 (KHTML, like Gecko) Chrome/60.0.3112.113 Safari/537.36"
10.240.0.189 - - [22/Sep/2017:13:00:07 +0000] "GET /Static/img/dracolose.png HTTP/1.1" 404 535 "https://web-application-n0ne.c9users.io/Static/homePage.html" "Mozilla/5.0 (Windows NT 10.0; Win64; x64) AppleWebKit/537.36 (KHTML, like Gecko) Chrome/60.0.3112.113 Safari/537.36"
10.240.1.4 - - [22/Sep/2017:13:00:26 +0000] "GET /Static/homePage.html HTTP/1.1" 200 1078 "-" "Mozilla/5.0 (Windows NT 10.0; Win64; x64) AppleWebKit/537.36 (KHTML, like Gecko) Chrome/60.0.3112.113 Safari/537.36"
10.240.0.189 - - [22/Sep/2017:13:00:26 +0000] "GET /Static/img/dracolosse.png HTTP/1.1" 200 76338 "https://web-application-n0ne.c9users.io/Static/homePage.html" "Mozilla/5.0 (Windows NT 10.0; Win64; x64) AppleWebKit/537.36 (KHTML, like Gecko) Chrome/60.0.3112.113 Safari/537.36"
10.240.0.224 - - [22/Sep/2017:13:00:48 +0000] "GET /Static/homePage.html HTTP/1.1" 200 1079 "-" "Mozilla/5.0 (Windows NT 10.0; Win64; x64) AppleWebKit/537.36 (KHTML, like Gecko) Chrome/60.0.3112.113 Safari/537.36"
10.240.1.4 - - [22/Sep/2017:13:00:48 +0000] "GET /Static/img/dracolosse.png HTTP/1.1" 304 182 "https://web-application-n0ne.c9users.io/Static/homePage.html" "Mozilla/5.0 (Windows NT 10.0; Win64; x64) AppleWebKit/537.36 (KHTML, like Gecko) Chrome/60.0.3112.113 Safari/537.36"
10.240.0.224 - - [22/Sep/2017:13:01:13 +0000] "GET /Static/homePage.html HTTP/1.1" 200 1085 "-" "Mozilla/5.0 (Windows NT 10.0; Win64; x64) AppleWebKit/537.36 (KHTML, like Gecko) Chrome/60.0.3112.113 Safari/537.36"
10.240.0.224 - - [22/Sep/2017:13:01:13 +0000] "GET /Static/img/dracolosse.png HTTP/1.1" 304 182 "https://web-application-n0ne.c9users.io/Static/homePage.html" "Mozilla/5.0 (Windows NT 10.0; Win64; x64) AppleWebKit/537.36 (KHTML, like Gecko) Chrome/60.0.3112.113 Safari/537.36"
10.240.1.4 - - [22/Sep/2017:13:02:16 +0000] "GET /Static/homePage.html HTTP/1.1" 200 1098 "-" "Mozilla/5.0 (Windows NT 10.0; Win64; x64) AppleWebKit/537.36 (KHTML, like Gecko) Chrome/60.0.3112.113 Safari/537.36"
10.240.0.224 - - [22/Sep/2017:13:02:43 +0000] "GET /Static/homePage.html HTTP/1.1" 200 1100 "-" "Mozilla/5.0 (Windows NT 10.0; Win64; x64) AppleWebKit/537.36 (KHTML, like Gecko) Chrome/60.0.3112.113 Safari/537.36"
10.240.0.224 - - [22/Sep/2017:13:02:43 +0000] "GET /Static/img/dracolosse.png HTTP/1.1" 304 182 "https://web-application-n0ne.c9users.io/Static/homePage.html" "Mozilla/5.0 (Windows NT 10.0; Win64; x64) AppleWebKit/537.36 (KHTML, like Gecko) Chrome/60.0.3112.113 Safari/537.36"
10.240.0.224 - - [22/Sep/2017:13:02:44 +0000] "GET /Static/pokepedia.fr/dracolosse HTTP/1.1" 404 541 "https://web-application-n0ne.c9users.io/Static/homePage.html" "Mozilla/5.0 (Windows NT 10.0; Win64; x64) AppleWebKit/537.36 (KHTML, like Gecko) Chrome/60.0.3112.113 Safari/537.36"
10.240.0.224 - - [22/Sep/2017:13:02:54 +0000] "GET /Static/pokepedia.fr/dracolosse HTTP/1.1" 404 541 "https://web-application-n0ne.c9users.io/Static/homePage.html" "Mozilla/5.0 (Windows NT 10.0; Win64; x64) AppleWebKit/537.36 (KHTML, like Gecko) Chrome/60.0.3112.113 Safari/537.36"
10.240.0.224 - - [22/Sep/2017:13:02:56 +0000] "GET /Static/pokepedia.fr/dracolosse HTTP/1.1" 404 541 "https://web-application-n0ne.c9users.io/Static/homePage.html" "Mozilla/5.0 (Windows NT 10.0; Win64; x64) AppleWebKit/537.36 (KHTML, like Gecko) Chrome/60.0.3112.113 Safari/537.36"
10.240.1.18 - - [22/Sep/2017:13:03:22 +0000] "GET /Static/homePage.html HTTP/1.1" 200 1106 "-" "Mozilla/5.0 (Windows NT 10.0; Win64; x64) AppleWebKit/537.36 (KHTML, like Gecko) Chrome/60.0.3112.113 Safari/537.36"
10.240.1.18 - - [22/Sep/2017:13:03:22 +0000] "GET /Static/img/dracolosse.png HTTP/1.1" 304 182 "https://web-application-n0ne.c9users.io/Static/homePage.html" "Mozilla/5.0 (Windows NT 10.0; Win64; x64) AppleWebKit/537.36 (KHTML, like Gecko) Chrome/60.0.3112.113 Safari/537.36"
10.240.0.224 - - [22/Sep/2017:13:03:44 +0000] "GET /Static/homePage.html HTTP/1.1" 200 1126 "-" "Mozilla/5.0 (Windows NT 10.0; Win64; x64) AppleWebKit/537.36 (KHTML, like Gecko) Chrome/60.0.3112.113 Safari/537.36"
10.240.1.45 - - [22/Sep/2017:13:04:10 +0000] "GET /Static/homePage.html HTTP/1.1" 200 1121 "-" "Mozilla/5.0 (Windows NT 10.0; Win64; x64) AppleWebKit/537.36 (KHTML, like Gecko) Chrome/60.0.3112.113 Safari/537.36"
10.240.1.45 - - [22/Sep/2017:13:04:10 +0000] "GET /Static/img/dracolosse.png HTTP/1.1" 304 182 "https://web-application-n0ne.c9users.io/Static/homePage.html" "Mozilla/5.0 (Windows NT 10.0; Win64; x64) AppleWebKit/537.36 (KHTML, like Gecko) Chrome/60.0.3112.113 Safari/537.36"
10.240.1.14 - - [22/Sep/2017:13:04:26 +0000] "GET /Static/homePage.html HTTP/1.1" 200 1120 "-" "Mozilla/5.0 (Windows NT 10.0; Win64; x64) AppleWebKit/537.36 (KHTML, like Gecko) Chrome/60.0.3112.113 Safari/537.36"
10.240.1.67 - - [22/Sep/2017:13:04:34 +0000] "GET /Static/homePage.html HTTP/1.1" 200 1119 "-" "Mozilla/5.0 (Windows NT 10.0; Win64; x64) AppleWebKit/537.36 (KHTML, like Gecko) Chrome/60.0.3112.113 Safari/537.36"
10.240.1.31 - - [22/Sep/2017:13:04:46 +0000] "GET /Static/homePage.html HTTP/1.1" 200 1122 "-" "Mozilla/5.0 (Windows NT 10.0; Win64; x64) AppleWebKit/537.36 (KHTML, like Gecko) Chrome/60.0.3112.113 Safari/537.36"
10.240.1.14 - - [22/Sep/2017:13:04:46 +0000] "GET /Static/img/dracolosse.png HTTP/1.1" 304 182 "https://web-application-n0ne.c9users.io/Static/homePage.html" "Mozilla/5.0 (Windows NT 10.0; Win64; x64) AppleWebKit/537.36 (KHTML, like Gecko) Chrome/60.0.3112.113 Safari/537.36"
10.240.1.14 - - [22/Sep/2017:13:05:20 +0000] "GET /Static/homePage.html HTTP/1.1" 200 1132 "-" "Mozilla/5.0 (Windows NT 10.0; Win64; x64) AppleWebKit/537.36 (KHTML, like Gecko) Chrome/60.0.3112.113 Safari/537.36"
10.240.1.45 - - [22/Sep/2017:13:05:44 +0000] "GET /Static/homePage.html HTTP/1.1" 200 1153 "-" "Mozilla/5.0 (Windows NT 10.0; Win64; x64) AppleWebKit/537.36 (KHTML, like Gecko) Chrome/60.0.3112.113 Safari/537.36"
10.240.1.45 - - [22/Sep/2017:13:05:44 +0000] "GET /Static/img/dracolosse.png HTTP/1.1" 304 182 "https://web-application-n0ne.c9users.io/Static/homePage.html" "Mozilla/5.0 (Windows NT 10.0; Win64; x64) AppleWebKit/537.36 (KHTML, like Gecko) Chrome/60.0.3112.113 Safari/537.36"
10.240.0.224 - - [22/Sep/2017:13:06:11 +0000] "GET /Static/homePage.html HTTP/1.1" 200 1154 "-" "Mozilla/5.0 (Windows NT 10.0; Win64; x64) AppleWebKit/537.36 (KHTML, like Gecko) Chrome/60.0.3112.113 Safari/537.36"
10.240.1.18 - - [22/Sep/2017:13:06:12 +0000] "GET /Static/img/rickS.jpg HTTP/1.1" 304 181 "https://web-application-n0ne.c9users.io/Static/homePage.html" "Mozilla/5.0 (Windows NT 10.0; Win64; x64) AppleWebKit/537.36 (KHTML, like Gecko) Chrome/60.0.3112.113 Safari/537.36"
10.240.1.31 - - [22/Sep/2017:13:06:15 +0000] "GET /Static/homePage.html HTTP/1.1" 200 1154 "-" "Mozilla/5.0 (Windows NT 10.0; Win64; x64) AppleWebKit/537.36 (KHTML, like Gecko) Chrome/60.0.3112.113 Safari/537.36"
10.240.1.4 - - [22/Sep/2017:13:06:48 +0000] "GET /Static/homePage.html HTTP/1.1" 200 1154 "-" "Mozilla/5.0 (Windows NT 10.0; Win64; x64) AppleWebKit/537.36 (KHTML, like Gecko) Chrome/60.0.3112.113 Safari/537.36"
10.240.1.31 - - [22/Sep/2017:13:06:48 +0000] "GET /Static/img/dracolosse.png HTTP/1.1" 304 182 "https://web-application-n0ne.c9users.io/Static/homePage.html" "Mozilla/5.0 (Windows NT 10.0; Win64; x64) AppleWebKit/537.36 (KHTML, like Gecko) Chrome/60.0.3112.113 Safari/537.36"
10.240.1.31 - - [22/Sep/2017:13:10:13 +0000] "GET /Static/homePage.html HTTP/1.1" 200 1194 "-" "Mozilla/5.0 (Windows NT 10.0; Win64; x64) AppleWebKit/537.36 (KHTML, like Gecko) Chrome/60.0.3112.113 Safari/537.36"
10.240.1.67 - - [22/Sep/2017:13:10:14 +0000] "GET /Static/img/dracolosse.png HTTP/1.1" 304 182 "https://web-application-n0ne.c9users.io/Static/homePage.html" "Mozilla/5.0 (Windows NT 10.0; Win64; x64) AppleWebKit/537.36 (KHTML, like Gecko) Chrome/60.0.3112.113 Safari/537.36"
10.240.1.18 - - [22/Sep/2017:13:10:14 +0000] "GET /Static/img/meliodas.jpg HTTP/1.1" 200 23173 "https://web-application-n0ne.c9users.io/Static/homePage.html" "Mozilla/5.0 (Windows NT 10.0; Win64; x64) AppleWebKit/537.36 (KHTML, like Gecko) Chrome/60.0.3112.113 Safari/537.36"
10.240.0.224 - - [22/Sep/2017:13:10:37 +0000] "GET /Static/homePage.html HTTP/1.1" 200 1193 "-" "Mozilla/5.0 (Windows NT 10.0; Win64; x64) AppleWebKit/537.36 (KHTML, like Gecko) Chrome/60.0.3112.113 Safari/537.36"
10.240.0.224 - - [22/Sep/2017:13:10:37 +0000] "GET /Static/img/meliodas.jpg HTTP/1.1" 304 181 "https://web-application-n0ne.c9users.io/Static/homePage.html" "Mozilla/5.0 (Windows NT 10.0; Win64; x64) AppleWebKit/537.36 (KHTML, like Gecko) Chrome/60.0.3112.113 Safari/537.36"
10.240.1.45 - - [22/Sep/2017:13:10:44 +0000] "GET /Static/homePage.html HTTP/1.1" 200 1194 "-" "Mozilla/5.0 (Windows NT 10.0; Win64; x64) AppleWebKit/537.36 (KHTML, like Gecko) Chrome/60.0.3112.113 Safari/537.36"
10.240.0.189 - - [22/Sep/2017:13:10:55 +0000] "GET /Static/homePage.html HTTP/1.1" 200 1190 "-" "Mozilla/5.0 (Windows NT 10.0; Win64; x64) AppleWebKit/537.36 (KHTML, like Gecko) Chrome/60.0.3112.113 Safari/537.36"
10.240.1.45 - - [22/Sep/2017:13:10:55 +0000] "GET /Static/img/meliodas.jpg HTTP/1.1" 304 181 "https://web-application-n0ne.c9users.io/Static/homePage.html" "Mozilla/5.0 (Windows NT 10.0; Win64; x64) AppleWebKit/537.36 (KHTML, like Gecko) Chrome/60.0.3112.113 Safari/537.36"
10.240.1.14 - - [22/Sep/2017:13:12:57 +0000] "GET /Static/homePage.html HTTP/1.1" 200 1190 "-" "Mozilla/5.0 (Windows NT 10.0; Win64; x64) AppleWebKit/537.36 (KHTML, like Gecko) Chrome/60.0.3112.113 Safari/537.36"
10.240.1.14 - - [22/Sep/2017:13:12:57 +0000] "GET /Static/img/dracolosse.png HTTP/1.1" 304 182 "https://web-application-n0ne.c9users.io/Static/homePage.html" "Mozilla/5.0 (Windows NT 10.0; Win64; x64) AppleWebKit/537.36 (KHTML, like Gecko) Chrome/60.0.3112.113 Safari/537.36"
10.240.0.224 - - [22/Sep/2017:13:12:57 +0000] "GET /Static/img/meliodas.jpg HTTP/1.1" 304 181 "https://web-application-n0ne.c9users.io/Static/homePage.html" "Mozilla/5.0 (Windows NT 10.0; Win64; x64) AppleWebKit/537.36 (KHTML, like Gecko) Chrome/60.0.3112.113 Safari/537.36"
10.240.1.31 - - [22/Sep/2017:14:41:08 +0000] "GET /favicon.ico HTTP/1.1" 404 522 "https://web-application-n0ne.c9users.io/Static/homePage.html" "Mozilla/5.0 (Windows NT 10.0; WOW64) AppleWebKit/537.36 (KHTML, like Gecko) Chrome/61.0.3163.100 Safari/537.36"
10.240.1.18 - - [22/Sep/2017:14:41:09 +0000] "GET /Static/homePage.html HTTP/1.1" 200 1203 "https://web-application-n0ne.c9users.io/Static/homePage.html" "Mozilla/5.0 (Windows NT 10.0; WOW64) AppleWebKit/537.36 (KHTML, like Gecko) Chrome/61.0.3163.100 Safari/537.36"
10.240.1.31 - - [22/Sep/2017:14:41:09 +0000] "GET /Static/img/meliodas.jpg HTTP/1.1" 200 23173 "https://web-application-n0ne.c9users.io/Static/homePage.html" "Mozilla/5.0 (Windows NT 10.0; WOW64) AppleWebKit/537.36 (KHTML, like Gecko) Chrome/61.0.3163.100 Safari/537.36"
10.240.0.224 - - [22/Sep/2017:14:41:09 +0000] "GET /Static/img/dracolosse.png HTTP/1.1" 200 76338 "https://web-application-n0ne.c9users.io/Static/homePage.html" "Mozilla/5.0 (Windows NT 10.0; WOW64) AppleWebKit/537.36 (KHTML, like Gecko) Chrome/61.0.3163.100 Safari/537.36"
10.240.1.4 - - [22/Sep/2017:14:41:09 +0000] "GET /Static/img/rickS.jpg HTTP/1.1" 200 55048 "https://web-application-n0ne.c9users.io/Static/homePage.html" "Mozilla/5.0 (Windows NT 10.0; WOW64) AppleWebKit/537.36 (KHTML, like Gecko) Chrome/61.0.3163.100 Safari/537.36"
10.240.1.67 - - [22/Sep/2017:14:42:52 +0000] "GET /Static/homePage.html HTTP/1.1" 200 1229 "https://web-application-n0ne.c9users.io/Static/homePage.html" "Mozilla/5.0 (Windows NT 10.0; WOW64) AppleWebKit/537.36 (KHTML, like Gecko) Chrome/61.0.3163.100 Safari/537.36"
10.240.1.67 - - [22/Sep/2017:14:43:18 +0000] "GET /Static/homePage.html HTTP/1.1" 200 1234 "https://web-application-n0ne.c9users.io/Static/homePage.html" "Mozilla/5.0 (Windows NT 10.0; WOW64) AppleWebKit/537.36 (KHTML, like Gecko) Chrome/61.0.3163.100 Safari/537.36"
10.240.1.45 - - [22/Sep/2017:14:43:33 +0000] "GET /Static/homePage.html HTTP/1.1" 200 1232 "https://web-application-n0ne.c9users.io/Static/homePage.html" "Mozilla/5.0 (Windows NT 10.0; WOW64) AppleWebKit/537.36 (KHTML, like Gecko) Chrome/61.0.3163.100 Safari/537.36"
10.240.1.45 - - [22/Sep/2017:14:44:09 +0000] "GET /Static/homePage.html HTTP/1.1" 200 1231 "https://web-application-n0ne.c9users.io/Static/homePage.html" "Mozilla/5.0 (Windows NT 10.0; WOW64) AppleWebKit/537.36 (KHTML, like Gecko) Chrome/61.0.3163.100 Safari/537.36"
10.240.1.18 - - [22/Sep/2017:14:44:47 +0000] "GET /Static/homePage.html HTTP/1.1" 200 1237 "https://web-application-n0ne.c9users.io/Static/homePage.html" "Mozilla/5.0 (Windows NT 10.0; WOW64) AppleWebKit/537.36 (KHTML, like Gecko) Chrome/61.0.3163.100 Safari/537.36"
10.240.1.45 - - [22/Sep/2017:14:45:46 +0000] "GET /Static/homePage.html HTTP/1.1" 200 1234 "https://web-application-n0ne.c9users.io/Static/homePage.html" "Mozilla/5.0 (Windows NT 10.0; WOW64) AppleWebKit/537.36 (KHTML, like Gecko) Chrome/61.0.3163.100 Safari/537.36"
10.240.0.224 - - [22/Sep/2017:14:45:50 +0000] "GET /Static/homePage.html HTTP/1.1" 200 1234 "https://web-application-n0ne.c9users.io/Static/homePage.html" "Mozilla/5.0 (Windows NT 10.0; WOW64) AppleWebKit/537.36 (KHTML, like Gecko) Chrome/61.0.3163.100 Safari/537.36"
10.240.1.67 - - [22/Sep/2017:14:46:04 +0000] "GET /Static/homePage.html HTTP/1.1" 200 1237 "https://web-application-n0ne.c9users.io/Static/homePage.html" "Mozilla/5.0 (Windows NT 10.0; WOW64) AppleWebKit/537.36 (KHTML, like Gecko) Chrome/61.0.3163.100 Safari/537.36"
10.240.1.45 - - [22/Sep/2017:14:46:07 +0000] "GET /Static/homePage.html HTTP/1.1" 200 1237 "https://web-application-n0ne.c9users.io/Static/homePage.html" "Mozilla/5.0 (Windows NT 10.0; WOW64) AppleWebKit/537.36 (KHTML, like Gecko) Chrome/61.0.3163.100 Safari/537.36"
10.240.1.31 - - [22/Sep/2017:14:46:18 +0000] "GET /Static/homePage.html HTTP/1.1" 200 1234 "https://web-application-n0ne.c9users.io/Static/homePage.html" "Mozilla/5.0 (Windows NT 10.0; WOW64) AppleWebKit/537.36 (KHTML, like Gecko) Chrome/61.0.3163.100 Safari/537.36"
10.240.0.224 - - [22/Sep/2017:14:54:30 +0000] "GET /Static/homePage.html HTTP/1.1" 200 1356 "https://web-application-n0ne.c9users.io/Static/homePage.html" "Mozilla/5.0 (Windows NT 10.0; WOW64) AppleWebKit/537.36 (KHTML, like Gecko) Chrome/61.0.3163.100 Safari/537.36"
10.240.1.45 - - [22/Sep/2017:14:54:30 +0000] "GET /Static/img/dracolosse.png HTTP/1.1" 304 182 "https://web-application-n0ne.c9users.io/Static/homePage.html" "Mozilla/5.0 (Windows NT 10.0; WOW64) AppleWebKit/537.36 (KHTML, like Gecko) Chrome/61.0.3163.100 Safari/537.36"
10.240.1.18 - - [22/Sep/2017:14:54:31 +0000] "GET /Static/img/meliodas.jpg HTTP/1.1" 304 181 "https://web-application-n0ne.c9users.io/Static/homePage.html" "Mozilla/5.0 (Windows NT 10.0; WOW64) AppleWebKit/537.36 (KHTML, like Gecko) Chrome/61.0.3163.100 Safari/537.36"
10.240.1.45 - - [22/Sep/2017:14:54:31 +0000] "GET /Static/meliodas.jpg HTTP/1.1" 404 530 "https://web-application-n0ne.c9users.io/Static/homePage.html" "Mozilla/5.0 (Windows NT 10.0; WOW64) AppleWebKit/537.36 (KHTML, like Gecko) Chrome/61.0.3163.100 Safari/537.36"
10.240.1.45 - - [22/Sep/2017:14:55:06 +0000] "GET /Static/homePage.html HTTP/1.1" 200 1350 "https://web-application-n0ne.c9users.io/Static/homePage.html" "Mozilla/5.0 (Windows NT 10.0; WOW64) AppleWebKit/537.36 (KHTML, like Gecko) Chrome/61.0.3163.100 Safari/537.36"
10.240.1.18 - - [22/Sep/2017:14:55:06 +0000] "GET /Static/meliodas.jpg HTTP/1.1" 404 530 "https://web-application-n0ne.c9users.io/Static/homePage.html" "Mozilla/5.0 (Windows NT 10.0; WOW64) AppleWebKit/537.36 (KHTML, like Gecko) Chrome/61.0.3163.100 Safari/537.36"
10.240.0.189 - - [22/Sep/2017:14:55:50 +0000] "GET /Static/homePage.html HTTP/1.1" 200 1355 "https://web-application-n0ne.c9users.io/Static/homePage.html" "Mozilla/5.0 (Windows NT 10.0; WOW64) AppleWebKit/537.36 (KHTML, like Gecko) Chrome/61.0.3163.100 Safari/537.36"
10.240.0.189 - - [22/Sep/2017:14:58:41 +0000] "GET /Static/homePage.html HTTP/1.1" 200 1370 "https://web-application-n0ne.c9users.io/Static/homePage.html" "Mozilla/5.0 (Windows NT 10.0; WOW64) AppleWebKit/537.36 (KHTML, like Gecko) Chrome/61.0.3163.100 Safari/537.36"
10.240.1.45 - - [22/Sep/2017:14:58:42 +0000] "GET /Static/img/rickS.jpg HTTP/1.1" 304 181 "https://web-application-n0ne.c9users.io/Static/homePage.html" "Mozilla/5.0 (Windows NT 10.0; WOW64) AppleWebKit/537.36 (KHTML, like Gecko) Chrome/61.0.3163.100 Safari/537.36"
10.240.1.45 - - [22/Sep/2017:14:59:08 +0000] "GET /Static/homePage.html HTTP/1.1" 200 1373 "https://web-application-n0ne.c9users.io/Static/homePage.html" "Mozilla/5.0 (Windows NT 10.0; WOW64) AppleWebKit/537.36 (KHTML, like Gecko) Chrome/61.0.3163.100 Safari/537.36"
10.240.1.14 - - [22/Sep/2017:14:59:46 +0000] "GET /Static/homePage.html HTTP/1.1" 200 1376 "https://web-application-n0ne.c9users.io/Static/homePage.html" "Mozilla/5.0 (Windows NT 10.0; WOW64) AppleWebKit/537.36 (KHTML, like Gecko) Chrome/61.0.3163.100 Safari/537.36"
10.240.1.14 - - [22/Sep/2017:15:01:59 +0000] "GET /Static/homePage.html HTTP/1.1" 200 1412 "https://web-application-n0ne.c9users.io/Static/homePage.html" "Mozilla/5.0 (Windows NT 10.0; WOW64) AppleWebKit/537.36 (KHTML, like Gecko) Chrome/61.0.3163.100 Safari/537.36"
10.240.0.189 - - [22/Sep/2017:15:02:00 +0000] "GET /Static/img/escanor.jpg HTTP/1.1" 200 38384 "https://web-application-n0ne.c9users.io/Static/homePage.html" "Mozilla/5.0 (Windows NT 10.0; WOW64) AppleWebKit/537.36 (KHTML, like Gecko) Chrome/61.0.3163.100 Safari/537.36"
10.240.0.189 - - [22/Sep/2017:15:02:13 +0000] "GET /Static/homePage.html HTTP/1.1" 200 1414 "https://web-application-n0ne.c9users.io/Static/homePage.html" "Mozilla/5.0 (Windows NT 10.0; WOW64) AppleWebKit/537.36 (KHTML, like Gecko) Chrome/61.0.3163.100 Safari/537.36"
10.240.1.4 - - [22/Sep/2017:15:02:14 +0000] "GET /Static/img/escanor.jpg HTTP/1.1" 304 181 "https://web-application-n0ne.c9users.io/Static/homePage.html" "Mozilla/5.0 (Windows NT 10.0; WOW64) AppleWebKit/537.36 (KHTML, like Gecko) Chrome/61.0.3163.100 Safari/537.36"
10.240.1.14 - - [22/Sep/2017:15:02:55 +0000] "GET /Static/homePage.html HTTP/1.1" 200 1416 "https://web-application-n0ne.c9users.io/Static/homePage.html" "Mozilla/5.0 (Windows NT 10.0; WOW64) AppleWebKit/537.36 (KHTML, like Gecko) Chrome/61.0.3163.100 Safari/537.36"
10.240.1.31 - - [22/Sep/2017:15:02:56 +0000] "GET /Static/img/escanor.jpg HTTP/1.1" 304 181 "https://web-application-n0ne.c9users.io/Static/homePage.html" "Mozilla/5.0 (Windows NT 10.0; WOW64) AppleWebKit/537.36 (KHTML, like Gecko) Chrome/61.0.3163.100 Safari/537.36"
10.240.1.14 - - [22/Sep/2017:15:03:36 +0000] "GET /Static/homePage.html HTTP/1.1" 200 1413 "https://web-application-n0ne.c9users.io/Static/homePage.html" "Mozilla/5.0 (Windows NT 10.0; WOW64) AppleWebKit/537.36 (KHTML, like Gecko) Chrome/61.0.3163.100 Safari/537.36"
10.240.1.4 - - [22/Sep/2017:15:03:36 +0000] "GET /Static/img/escanor.jpg HTTP/1.1" 304 181 "https://web-application-n0ne.c9users.io/Static/homePage.html" "Mozilla/5.0 (Windows NT 10.0; WOW64) AppleWebKit/537.36 (KHTML, like Gecko) Chrome/61.0.3163.100 Safari/537.36"
10.240.0.189 - - [22/Sep/2017:15:08:20 +0000] "GET /Static/homePage.html HTTP/1.1" 200 1410 "https://web-application-n0ne.c9users.io/Static/homePage.html" "Mozilla/5.0 (Windows NT 10.0; WOW64) AppleWebKit/537.36 (KHTML, like Gecko) Chrome/61.0.3163.100 Safari/537.36"
10.240.1.14 - - [22/Sep/2017:15:08:21 +0000] "GET /Static/img/dracolosse.png HTTP/1.1" 304 182 "https://web-application-n0ne.c9users.io/Static/homePage.html" "Mozilla/5.0 (Windows NT 10.0; WOW64) AppleWebKit/537.36 (KHTML, like Gecko) Chrome/61.0.3163.100 Safari/537.36"
10.240.1.4 - - [22/Sep/2017:15:08:21 +0000] "GET /Static/img/escanor.jpg HTTP/1.1" 304 181 "https://web-application-n0ne.c9users.io/Static/homePage.html" "Mozilla/5.0 (Windows NT 10.0; WOW64) AppleWebKit/537.36 (KHTML, like Gecko) Chrome/61.0.3163.100 Safari/537.36"
10.240.1.14 - - [22/Sep/2017:15:08:21 +0000] "GET /Static/img/meliodas.jpg HTTP/1.1" 304 181 "https://web-application-n0ne.c9users.io/Static/homePage.html" "Mozilla/5.0 (Windows NT 10.0; WOW64) AppleWebKit/537.36 (KHTML, like Gecko) Chrome/61.0.3163.100 Safari/537.36"
10.240.1.18 - - [22/Sep/2017:15:09:34 +0000] "GET /Static/homePage.html HTTP/1.1" 200 1425 "https://web-application-n0ne.c9users.io/Static/homePage.html" "Mozilla/5.0 (Windows NT 10.0; WOW64) AppleWebKit/537.36 (KHTML, like Gecko) Chrome/61.0.3163.100 Safari/537.36"
10.240.1.4 - - [22/Sep/2017:15:09:35 +0000] "GET /Static/img/escanor.jpg HTTP/1.1" 304 181 "https://web-application-n0ne.c9users.io/Static/homePage.html" "Mozilla/5.0 (Windows NT 10.0; WOW64) AppleWebKit/537.36 (KHTML, like Gecko) Chrome/61.0.3163.100 Safari/537.36"
10.240.0.189 - - [22/Sep/2017:15:10:30 +0000] "GET /Static/homePage.html HTTP/1.1" 200 1426 "https://web-application-n0ne.c9users.io/Static/homePage.html" "Mozilla/5.0 (Windows NT 10.0; WOW64) AppleWebKit/537.36 (KHTML, like Gecko) Chrome/61.0.3163.100 Safari/537.36"
10.240.1.45 - - [22/Sep/2017:15:10:30 +0000] "GET /Static/img/escanor.jpg HTTP/1.1" 304 181 "https://web-application-n0ne.c9users.io/Static/homePage.html" "Mozilla/5.0 (Windows NT 10.0; WOW64) AppleWebKit/537.36 (KHTML, like Gecko) Chrome/61.0.3163.100 Safari/537.36"
10.240.0.224 - - [22/Sep/2017:15:10:46 +0000] "GET /Static/homePage.html HTTP/1.1" 200 1422 "https://web-application-n0ne.c9users.io/Static/homePage.html" "Mozilla/5.0 (Windows NT 10.0; WOW64) AppleWebKit/537.36 (KHTML, like Gecko) Chrome/61.0.3163.100 Safari/537.36"
10.240.1.14 - - [22/Sep/2017:15:29:44 +0000] "GET /Static/homePage.html HTTP/1.1" 200 1425 "https://web-application-n0ne.c9users.io/Static/homePage.html" "Mozilla/5.0 (Windows NT 10.0; WOW64) AppleWebKit/537.36 (KHTML, like Gecko) Chrome/61.0.3163.100 Safari/537.36"
10.240.1.14 - - [22/Sep/2017:15:29:44 +0000] "GET /Static/img/dracolosse.png HTTP/1.1" 304 182 "https://web-application-n0ne.c9users.io/Static/homePage.html" "Mozilla/5.0 (Windows NT 10.0; WOW64) AppleWebKit/537.36 (KHTML, like Gecko) Chrome/61.0.3163.100 Safari/537.36"
10.240.1.14 - - [22/Sep/2017:15:29:44 +0000] "GET /Static/img/meliodas.jpg HTTP/1.1" 304 181 "https://web-application-n0ne.c9users.io/Static/homePage.html" "Mozilla/5.0 (Windows NT 10.0; WOW64) AppleWebKit/537.36 (KHTML, like Gecko) Chrome/61.0.3163.100 Safari/537.36"
10.240.1.45 - - [22/Sep/2017:15:29:45 +0000] "GET /Static/img/rickS.jpg HTTP/1.1" 304 181 "https://web-application-n0ne.c9users.io/Static/homePage.html" "Mozilla/5.0 (Windows NT 10.0; WOW64) AppleWebKit/537.36 (KHTML, like Gecko) Chrome/61.0.3163.100 Safari/537.36"
10.240.1.4 - - [22/Sep/2017:15:29:45 +0000] "GET /Static/img/escanor.jpg HTTP/1.1" 304 181 "https://web-application-n0ne.c9users.io/Static/homePage.html" "Mozilla/5.0 (Windows NT 10.0; WOW64) AppleWebKit/537.36 (KHTML, like Gecko) Chrome/61.0.3163.100 Safari/537.36"
10.240.0.189 - - [22/Sep/2017:15:30:48 +0000] "GET /Static/homePage.html HTTP/1.1" 200 1425 "https://web-application-n0ne.c9users.io/Static/homePage.html" "Mozilla/5.0 (Windows NT 10.0; WOW64) AppleWebKit/537.36 (KHTML, like Gecko) Chrome/61.0.3163.100 Safari/537.36"
10.240.0.189 - - [22/Sep/2017:15:34:59 +0000] "GET /Static/homePage.html HTTP/1.1" 200 1443 "https://web-application-n0ne.c9users.io/Static/homePage.html" "Mozilla/5.0 (Windows NT 10.0; WOW64) AppleWebKit/537.36 (KHTML, like Gecko) Chrome/61.0.3163.100 Safari/537.36"
10.240.1.14 - - [22/Sep/2017:15:35:00 +0000] "GET /Static/img/escanor.jpg HTTP/1.1" 304 181 "https://web-application-n0ne.c9users.io/Static/homePage.html" "Mozilla/5.0 (Windows NT 10.0; WOW64) AppleWebKit/537.36 (KHTML, like Gecko) Chrome/61.0.3163.100 Safari/537.36"
10.240.1.14 - - [22/Sep/2017:15:35:38 +0000] "GET /Static/homePage.html HTTP/1.1" 200 1436 "https://web-application-n0ne.c9users.io/Static/homePage.html" "Mozilla/5.0 (Windows NT 10.0; WOW64) AppleWebKit/537.36 (KHTML, like Gecko) Chrome/61.0.3163.100 Safari/537.36"
10.240.1.14 - - [22/Sep/2017:15:35:56 +0000] "GET /Static/homePage.html HTTP/1.1" 200 1432 "https://web-application-n0ne.c9users.io/Static/homePage.html" "Mozilla/5.0 (Windows NT 10.0; WOW64) AppleWebKit/537.36 (KHTML, like Gecko) Chrome/61.0.3163.100 Safari/537.36"
10.240.1.14 - - [22/Sep/2017:15:38:57 +0000] "GET /Static/homePage.html HTTP/1.1" 200 1464 "https://web-application-n0ne.c9users.io/Static/homePage.html" "Mozilla/5.0 (Windows NT 10.0; WOW64) AppleWebKit/537.36 (KHTML, like Gecko) Chrome/61.0.3163.100 Safari/537.36"
