10.240.1.31 - - [12/Sep/2017:13:07:44 +0000] "GET /img/gameInstruction/door.png HTTP/1.1" 304 181 "https://web-application-n0ne.c9users.io/gameInstruction.html" "Mozilla/5.0 (Windows NT 10.0; Win64; x64) AppleWebKit/537.36 (KHTML, like Gecko) Chrome/60.0.3112.113 Safari/537.36"
10.240.1.14 - - [12/Sep/2017:13:07:44 +0000] "GET /img/gameInstruction/enemyRadars.png HTTP/1.1" 404 546 "https://web-application-n0ne.c9users.io/gameInstruction.html" "Mozilla/5.0 (Windows NT 10.0; Win64; x64) AppleWebKit/537.36 (KHTML, like Gecko) Chrome/60.0.3112.113 Safari/537.36"
10.240.1.67 - - [12/Sep/2017:13:07:52 +0000] "GET /gameInstruction.html HTTP/1.1" 200 967 "https://web-application-n0ne.c9users.io/homePage.html" "Mozilla/5.0 (Windows NT 10.0; Win64; x64) AppleWebKit/537.36 (KHTML, like Gecko) Chrome/60.0.3112.113 Safari/537.36"
10.240.1.67 - - [12/Sep/2017:13:07:52 +0000] "GET /img/gameInstruction/enemyRadars.png HTTP/1.1" 404 546 "https://web-application-n0ne.c9users.io/gameInstruction.html" "Mozilla/5.0 (Windows NT 10.0; Win64; x64) AppleWebKit/537.36 (KHTML, like Gecko) Chrome/60.0.3112.113 Safari/537.36"
10.240.1.14 - - [12/Sep/2017:13:08:48 +0000] "GET /gameInstruction.html HTTP/1.1" 200 980 "https://web-application-n0ne.c9users.io/homePage.html" "Mozilla/5.0 (Windows NT 10.0; Win64; x64) AppleWebKit/537.36 (KHTML, like Gecko) Chrome/60.0.3112.113 Safari/537.36"
10.240.1.67 - - [12/Sep/2017:13:08:48 +0000] "GET /img/gameInstruction/stealingKunai.png HTTP/1.1" 304 181 "https://web-application-n0ne.c9users.io/gameInstruction.html" "Mozilla/5.0 (Windows NT 10.0; Win64; x64) AppleWebKit/537.36 (KHTML, like Gecko) Chrome/60.0.3112.113 Safari/537.36"
10.240.1.4 - - [12/Sep/2017:13:08:48 +0000] "GET /img/gameInstruction/arrowKeys.png HTTP/1.1" 304 181 "https://web-application-n0ne.c9users.io/gameInstruction.html" "Mozilla/5.0 (Windows NT 10.0; Win64; x64) AppleWebKit/537.36 (KHTML, like Gecko) Chrome/60.0.3112.113 Safari/537.36"
10.240.0.224 - - [12/Sep/2017:13:08:48 +0000] "GET /img/gameInstruction/key.png HTTP/1.1" 304 181 "https://web-application-n0ne.c9users.io/gameInstruction.html" "Mozilla/5.0 (Windows NT 10.0; Win64; x64) AppleWebKit/537.36 (KHTML, like Gecko) Chrome/60.0.3112.113 Safari/537.36"
10.240.1.18 - - [12/Sep/2017:13:08:48 +0000] "GET /img/gameInstruction/door.png HTTP/1.1" 304 181 "https://web-application-n0ne.c9users.io/gameInstruction.html" "Mozilla/5.0 (Windows NT 10.0; Win64; x64) AppleWebKit/537.36 (KHTML, like Gecko) Chrome/60.0.3112.113 Safari/537.36"
10.240.1.45 - - [12/Sep/2017:13:08:48 +0000] "GET /img/gameInstruction/enemyRadars.png HTTP/1.1" 404 546 "https://web-application-n0ne.c9users.io/gameInstruction.html" "Mozilla/5.0 (Windows NT 10.0; Win64; x64) AppleWebKit/537.36 (KHTML, like Gecko) Chrome/60.0.3112.113 Safari/537.36"
10.240.0.224 - - [12/Sep/2017:13:09:01 +0000] "GET /gameInstruction.html HTTP/1.1" 200 979 "https://web-application-n0ne.c9users.io/homePage.html" "Mozilla/5.0 (Windows NT 10.0; Win64; x64) AppleWebKit/537.36 (KHTML, like Gecko) Chrome/60.0.3112.113 Safari/537.36"
10.240.0.189 - - [12/Sep/2017:13:09:02 +0000] "GET /img/gameInstruction/enemyRadars.png HTTP/1.1" 404 546 "https://web-application-n0ne.c9users.io/gameInstruction.html" "Mozilla/5.0 (Windows NT 10.0; Win64; x64) AppleWebKit/537.36 (KHTML, like Gecko) Chrome/60.0.3112.113 Safari/537.36"
10.240.1.4 - - [12/Sep/2017:13:09:30 +0000] "GET /gameInstruction.html HTTP/1.1" 200 981 "https://web-application-n0ne.c9users.io/homePage.html" "Mozilla/5.0 (Windows NT 10.0; Win64; x64) AppleWebKit/537.36 (KHTML, like Gecko) Chrome/60.0.3112.113 Safari/537.36"
10.240.1.4 - - [12/Sep/2017:13:09:30 +0000] "GET /img/gameInstruction/enemyRadars.png HTTP/1.1" 404 546 "https://web-application-n0ne.c9users.io/gameInstruction.html" "Mozilla/5.0 (Windows NT 10.0; Win64; x64) AppleWebKit/537.36 (KHTML, like Gecko) Chrome/60.0.3112.113 Safari/537.36"
10.240.1.4 - - [12/Sep/2017:13:09:30 +0000] "GET /img/gameInstruction/key.png HTTP/1.1" 304 181 "https://web-application-n0ne.c9users.io/gameInstruction.html" "Mozilla/5.0 (Windows NT 10.0; Win64; x64) AppleWebKit/537.36 (KHTML, like Gecko) Chrome/60.0.3112.113 Safari/537.36"
10.240.1.4 - - [12/Sep/2017:13:09:30 +0000] "GET /img/gameInstruction/door.png HTTP/1.1" 304 181 "https://web-application-n0ne.c9users.io/gameInstruction.html" "Mozilla/5.0 (Windows NT 10.0; Win64; x64) AppleWebKit/537.36 (KHTML, like Gecko) Chrome/60.0.3112.113 Safari/537.36"
10.240.0.224 - - [12/Sep/2017:13:09:55 +0000] "GET /gameInstruction.html HTTP/1.1" 200 982 "https://web-application-n0ne.c9users.io/homePage.html" "Mozilla/5.0 (Windows NT 10.0; Win64; x64) AppleWebKit/537.36 (KHTML, like Gecko) Chrome/60.0.3112.113 Safari/537.36"
10.240.1.45 - - [12/Sep/2017:13:09:56 +0000] "GET /img/gameInstruction/enemyRadars.png HTTP/1.1" 404 546 "https://web-application-n0ne.c9users.io/gameInstruction.html" "Mozilla/5.0 (Windows NT 10.0; Win64; x64) AppleWebKit/537.36 (KHTML, like Gecko) Chrome/60.0.3112.113 Safari/537.36"
10.240.1.14 - - [12/Sep/2017:13:09:56 +0000] "GET /img/gameInstruction/door.png HTTP/1.1" 304 181 "https://web-application-n0ne.c9users.io/gameInstruction.html" "Mozilla/5.0 (Windows NT 10.0; Win64; x64) AppleWebKit/537.36 (KHTML, like Gecko) Chrome/60.0.3112.113 Safari/537.36"
10.240.1.4 - - [12/Sep/2017:13:10:54 +0000] "GET /gameInstruction.html HTTP/1.1" 200 984 "https://web-application-n0ne.c9users.io/homePage.html" "Mozilla/5.0 (Windows NT 10.0; Win64; x64) AppleWebKit/537.36 (KHTML, like Gecko) Chrome/60.0.3112.113 Safari/537.36"
10.240.0.224 - - [12/Sep/2017:13:10:54 +0000] "GET /img/gameInstruction/door.png HTTP/1.1" 304 181 "https://web-application-n0ne.c9users.io/gameInstruction.html" "Mozilla/5.0 (Windows NT 10.0; Win64; x64) AppleWebKit/537.36 (KHTML, like Gecko) Chrome/60.0.3112.113 Safari/537.36"
10.240.1.45 - - [12/Sep/2017:13:10:54 +0000] "GET /img/gameInstruction/enemyRadars.png HTTP/1.1" 404 546 "https://web-application-n0ne.c9users.io/gameInstruction.html" "Mozilla/5.0 (Windows NT 10.0; Win64; x64) AppleWebKit/537.36 (KHTML, like Gecko) Chrome/60.0.3112.113 Safari/537.36"
10.240.1.18 - - [12/Sep/2017:13:10:54 +0000] "GET /img/gameInstruction/stealingKunai.png HTTP/1.1" 304 181 "https://web-application-n0ne.c9users.io/gameInstruction.html" "Mozilla/5.0 (Windows NT 10.0; Win64; x64) AppleWebKit/537.36 (KHTML, like Gecko) Chrome/60.0.3112.113 Safari/537.36"
10.240.1.31 - - [12/Sep/2017:13:10:54 +0000] "GET /img/gameInstruction/key.png HTTP/1.1" 304 181 "https://web-application-n0ne.c9users.io/gameInstruction.html" "Mozilla/5.0 (Windows NT 10.0; Win64; x64) AppleWebKit/537.36 (KHTML, like Gecko) Chrome/60.0.3112.113 Safari/537.36"
10.240.0.224 - - [12/Sep/2017:13:11:27 +0000] "GET /gameInstruction.html HTTP/1.1" 200 974 "https://web-application-n0ne.c9users.io/homePage.html" "Mozilla/5.0 (Windows NT 10.0; Win64; x64) AppleWebKit/537.36 (KHTML, like Gecko) Chrome/60.0.3112.113 Safari/537.36"
10.240.1.31 - - [12/Sep/2017:13:11:27 +0000] "GET /img/gameInstruction/door.png HTTP/1.1" 304 181 "https://web-application-n0ne.c9users.io/gameInstruction.html" "Mozilla/5.0 (Windows NT 10.0; Win64; x64) AppleWebKit/537.36 (KHTML, like Gecko) Chrome/60.0.3112.113 Safari/537.36"
10.240.1.14 - - [12/Sep/2017:13:11:27 +0000] "GET /img/gameInstruction/enemyRadars.png HTTP/1.1" 404 546 "https://web-application-n0ne.c9users.io/gameInstruction.html" "Mozilla/5.0 (Windows NT 10.0; Win64; x64) AppleWebKit/537.36 (KHTML, like Gecko) Chrome/60.0.3112.113 Safari/537.36"
10.240.0.224 - - [12/Sep/2017:13:12:26 +0000] "GET /gameInstruction.html HTTP/1.1" 200 984 "https://web-application-n0ne.c9users.io/homePage.html" "Mozilla/5.0 (Windows NT 10.0; Win64; x64) AppleWebKit/537.36 (KHTML, like Gecko) Chrome/60.0.3112.113 Safari/537.36"
10.240.1.14 - - [12/Sep/2017:13:12:26 +0000] "GET /img/gameInstruction/enemyRadars.png HTTP/1.1" 404 546 "https://web-application-n0ne.c9users.io/gameInstruction.html" "Mozilla/5.0 (Windows NT 10.0; Win64; x64) AppleWebKit/537.36 (KHTML, like Gecko) Chrome/60.0.3112.113 Safari/537.36"
10.240.1.4 - - [12/Sep/2017:13:12:26 +0000] "GET /img/gameInstruction/arrowKeys.png HTTP/1.1" 304 181 "https://web-application-n0ne.c9users.io/gameInstruction.html" "Mozilla/5.0 (Windows NT 10.0; Win64; x64) AppleWebKit/537.36 (KHTML, like Gecko) Chrome/60.0.3112.113 Safari/537.36"
10.240.1.4 - - [12/Sep/2017:13:12:27 +0000] "GET /img/gameInstruction/stealingKunai.png HTTP/1.1" 304 181 "https://web-application-n0ne.c9users.io/gameInstruction.html" "Mozilla/5.0 (Windows NT 10.0; Win64; x64) AppleWebKit/537.36 (KHTML, like Gecko) Chrome/60.0.3112.113 Safari/537.36"
10.240.1.18 - - [12/Sep/2017:13:12:27 +0000] "GET /img/gameInstruction/key.png HTTP/1.1" 304 181 "https://web-application-n0ne.c9users.io/gameInstruction.html" "Mozilla/5.0 (Windows NT 10.0; Win64; x64) AppleWebKit/537.36 (KHTML, like Gecko) Chrome/60.0.3112.113 Safari/537.36"
10.240.1.31 - - [12/Sep/2017:13:12:27 +0000] "GET /img/gameInstruction/door.png HTTP/1.1" 304 181 "https://web-application-n0ne.c9users.io/gameInstruction.html" "Mozilla/5.0 (Windows NT 10.0; Win64; x64) AppleWebKit/537.36 (KHTML, like Gecko) Chrome/60.0.3112.113 Safari/537.36"
10.240.1.45 - - [12/Sep/2017:13:12:39 +0000] "GET /gameInstruction.html HTTP/1.1" 200 984 "https://web-application-n0ne.c9users.io/homePage.html" "Mozilla/5.0 (Windows NT 10.0; Win64; x64) AppleWebKit/537.36 (KHTML, like Gecko) Chrome/60.0.3112.113 Safari/537.36"
10.240.1.4 - - [12/Sep/2017:13:12:39 +0000] "GET /img/gameInstruction/enemyRadars.png HTTP/1.1" 404 546 "https://web-application-n0ne.c9users.io/gameInstruction.html" "Mozilla/5.0 (Windows NT 10.0; Win64; x64) AppleWebKit/537.36 (KHTML, like Gecko) Chrome/60.0.3112.113 Safari/537.36"
10.240.0.224 - - [12/Sep/2017:13:12:53 +0000] "GET /gameInstruction.html HTTP/1.1" 200 986 "https://web-application-n0ne.c9users.io/homePage.html" "Mozilla/5.0 (Windows NT 10.0; Win64; x64) AppleWebKit/537.36 (KHTML, like Gecko) Chrome/60.0.3112.113 Safari/537.36"
10.240.1.4 - - [12/Sep/2017:13:12:53 +0000] "GET /img/gameInstruction/enemyRadars.png HTTP/1.1" 404 546 "https://web-application-n0ne.c9users.io/gameInstruction.html" "Mozilla/5.0 (Windows NT 10.0; Win64; x64) AppleWebKit/537.36 (KHTML, like Gecko) Chrome/60.0.3112.113 Safari/537.36"
10.240.1.14 - - [12/Sep/2017:13:13:33 +0000] "GET /gameInstruction.html HTTP/1.1" 200 987 "https://web-application-n0ne.c9users.io/homePage.html" "Mozilla/5.0 (Windows NT 10.0; Win64; x64) AppleWebKit/537.36 (KHTML, like Gecko) Chrome/60.0.3112.113 Safari/537.36"
10.240.1.45 - - [12/Sep/2017:13:13:33 +0000] "GET /img/gameInstruction/key.png HTTP/1.1" 304 181 "https://web-application-n0ne.c9users.io/gameInstruction.html" "Mozilla/5.0 (Windows NT 10.0; Win64; x64) AppleWebKit/537.36 (KHTML, like Gecko) Chrome/60.0.3112.113 Safari/537.36"
10.240.1.4 - - [12/Sep/2017:13:13:33 +0000] "GET /img/gameInstruction/enemyRadars.png HTTP/1.1" 404 546 "https://web-application-n0ne.c9users.io/gameInstruction.html" "Mozilla/5.0 (Windows NT 10.0; Win64; x64) AppleWebKit/537.36 (KHTML, like Gecko) Chrome/60.0.3112.113 Safari/537.36"
10.240.1.4 - - [12/Sep/2017:13:13:34 +0000] "GET /img/gameInstruction/door.png HTTP/1.1" 304 181 "https://web-application-n0ne.c9users.io/gameInstruction.html" "Mozilla/5.0 (Windows NT 10.0; Win64; x64) AppleWebKit/537.36 (KHTML, like Gecko) Chrome/60.0.3112.113 Safari/537.36"
10.240.0.224 - - [15/Sep/2017:08:37:48 +0000] "GET /homePage.html HTTP/1.1" 200 902 "-" "Mozilla/5.0 (Windows NT 10.0; Win64; x64) AppleWebKit/537.36 (KHTML, like Gecko) Chrome/60.0.3112.113 Safari/537.36"
10.240.1.45 - - [15/Sep/2017:08:37:48 +0000] "GET /img/saitama.jpg HTTP/1.1" 304 182 "https://web-application-n0ne.c9users.io/homePage.html" "Mozilla/5.0 (Windows NT 10.0; Win64; x64) AppleWebKit/537.36 (KHTML, like Gecko) Chrome/60.0.3112.113 Safari/537.36"
10.240.1.18 - - [15/Sep/2017:08:37:49 +0000] "GET /img/kirito.jpg HTTP/1.1" 404 525 "https://web-application-n0ne.c9users.io/homePage.html" "Mozilla/5.0 (Windows NT 10.0; Win64; x64) AppleWebKit/537.36 (KHTML, like Gecko) Chrome/60.0.3112.113 Safari/537.36"
10.240.1.4 - - [15/Sep/2017:08:37:49 +0000] "GET /img/naruto.png HTTP/1.1" 304 182 "https://web-application-n0ne.c9users.io/homePage.html" "Mozilla/5.0 (Windows NT 10.0; Win64; x64) AppleWebKit/537.36 (KHTML, like Gecko) Chrome/60.0.3112.113 Safari/537.36"
10.240.1.45 - - [15/Sep/2017:08:37:49 +0000] "GET /favicon.ico HTTP/1.1" 404 522 "https://web-application-n0ne.c9users.io/homePage.html" "Mozilla/5.0 (Windows NT 10.0; Win64; x64) AppleWebKit/537.36 (KHTML, like Gecko) Chrome/60.0.3112.113 Safari/537.36"
10.240.1.4 - - [15/Sep/2017:08:38:18 +0000] "GET /homePage.html HTTP/1.1" 200 902 "-" "Mozilla/5.0 (Windows NT 10.0; Win64; x64) AppleWebKit/537.36 (KHTML, like Gecko) Chrome/60.0.3112.113 Safari/537.36"
10.240.1.45 - - [15/Sep/2017:08:38:18 +0000] "GET /img/kirito.jpg HTTP/1.1" 404 525 "https://web-application-n0ne.c9users.io/homePage.html" "Mozilla/5.0 (Windows NT 10.0; Win64; x64) AppleWebKit/537.36 (KHTML, like Gecko) Chrome/60.0.3112.113 Safari/537.36"
10.240.1.14 - - [15/Sep/2017:08:38:21 +0000] "GET /gameInstruction.html HTTP/1.1" 200 987 "https://web-application-n0ne.c9users.io/homePage.html" "Mozilla/5.0 (Windows NT 10.0; Win64; x64) AppleWebKit/537.36 (KHTML, like Gecko) Chrome/60.0.3112.113 Safari/537.36"
10.240.1.18 - - [15/Sep/2017:08:38:22 +0000] "GET /img/gameInstruction/arrowKeys.png HTTP/1.1" 304 181 "https://web-application-n0ne.c9users.io/gameInstruction.html" "Mozilla/5.0 (Windows NT 10.0; Win64; x64) AppleWebKit/537.36 (KHTML, like Gecko) Chrome/60.0.3112.113 Safari/537.36"
10.240.1.45 - - [15/Sep/2017:08:38:22 +0000] "GET /img/gameInstruction/enemyRadars.png HTTP/1.1" 404 546 "https://web-application-n0ne.c9users.io/gameInstruction.html" "Mozilla/5.0 (Windows NT 10.0; Win64; x64) AppleWebKit/537.36 (KHTML, like Gecko) Chrome/60.0.3112.113 Safari/537.36"
10.240.1.14 - - [15/Sep/2017:08:38:22 +0000] "GET /img/gameInstruction/key.png HTTP/1.1" 304 181 "https://web-application-n0ne.c9users.io/gameInstruction.html" "Mozilla/5.0 (Windows NT 10.0; Win64; x64) AppleWebKit/537.36 (KHTML, like Gecko) Chrome/60.0.3112.113 Safari/537.36"
10.240.1.18 - - [15/Sep/2017:08:38:22 +0000] "GET /img/gameInstruction/door.png HTTP/1.1" 304 181 "https://web-application-n0ne.c9users.io/gameInstruction.html" "Mozilla/5.0 (Windows NT 10.0; Win64; x64) AppleWebKit/537.36 (KHTML, like Gecko) Chrome/60.0.3112.113 Safari/537.36"
10.240.1.67 - - [15/Sep/2017:08:38:22 +0000] "GET /img/gameInstruction/stealingKunai.png HTTP/1.1" 304 181 "https://web-application-n0ne.c9users.io/gameInstruction.html" "Mozilla/5.0 (Windows NT 10.0; Win64; x64) AppleWebKit/537.36 (KHTML, like Gecko) Chrome/60.0.3112.113 Safari/537.36"
10.240.0.224 - - [15/Sep/2017:09:12:16 +0000] "GET /homePage.html HTTP/1.1" 200 986 "-" "Mozilla/5.0 (Windows NT 10.0; Win64; x64) AppleWebKit/537.36 (KHTML, like Gecko) Chrome/60.0.3112.113 Safari/537.36"
10.240.1.31 - - [15/Sep/2017:09:12:17 +0000] "GET /img/kirito.jpg HTTP/1.1" 404 525 "https://web-application-n0ne.c9users.io/homePage.html" "Mozilla/5.0 (Windows NT 10.0; Win64; x64) AppleWebKit/537.36 (KHTML, like Gecko) Chrome/60.0.3112.113 Safari/537.36"
10.240.1.4 - - [15/Sep/2017:09:13:11 +0000] "GET /favicon.ico HTTP/1.1" 404 521 "-" "Mozilla/5.0 (Android 7.0; Mobile; rv:55.0.2) Gecko/55.0.2 Firefox/55.0.2"
10.240.1.18 - - [15/Sep/2017:09:13:14 +0000] "GET /homePage.html HTTP/1.1" 200 986 "-" "Mozilla/5.0 (Android 7.0; Mobile; rv:55.0) Gecko/55.0 Firefox/55.0"
10.240.1.4 - - [15/Sep/2017:09:13:14 +0000] "GET /img/kirito.jpg HTTP/1.1" 404 524 "http://web-application-n0ne.c9users.io/homePage.html" "Mozilla/5.0 (Android 7.0; Mobile; rv:55.0) Gecko/55.0 Firefox/55.0"
10.240.1.45 - - [15/Sep/2017:09:13:14 +0000] "GET /img/saitama.jpg HTTP/1.1" 200 168085 "http://web-application-n0ne.c9users.io/homePage.html" "Mozilla/5.0 (Android 7.0; Mobile; rv:55.0) Gecko/55.0 Firefox/55.0"
10.240.1.14 - - [15/Sep/2017:09:13:14 +0000] "GET /img/naruto.png HTTP/1.1" 200 682057 "http://web-application-n0ne.c9users.io/homePage.html" "Mozilla/5.0 (Android 7.0; Mobile; rv:55.0) Gecko/55.0 Firefox/55.0"
10.240.1.67 - - [15/Sep/2017:09:13:40 +0000] "GET /img/kirito.jpg HTTP/1.1" 404 524 "http://web-application-n0ne.c9users.io/homePage.html" "Mozilla/5.0 (Android 7.0; Mobile; rv:55.0) Gecko/55.0 Firefox/55.0"
10.240.1.67 - - [15/Sep/2017:09:13:48 +0000] "GET /img/kirito.jpg HTTP/1.1" 404 524 "http://web-application-n0ne.c9users.io/homePage.html" "Mozilla/5.0 (Android 7.0; Mobile; rv:55.0) Gecko/55.0 Firefox/55.0"
10.240.1.45 - - [15/Sep/2017:09:17:02 +0000] "GET /img/gameInstruction/enemyRadars.png HTTP/1.1" 404 546 "https://web-application-n0ne.c9users.io/gameInstruction.html" "Mozilla/5.0 (Windows NT 10.0; Win64; x64) AppleWebKit/537.36 (KHTML, like Gecko) Chrome/60.0.3112.113 Safari/537.36"
10.240.1.4 - - [15/Sep/2017:09:24:47 +0000] "GET /homePage.html HTTP/1.1" 200 984 "-" "Mozilla/5.0 (Windows NT 10.0; Win64; x64) AppleWebKit/537.36 (KHTML, like Gecko) Chrome/60.0.3112.113 Safari/537.36"
10.240.0.224 - - [15/Sep/2017:09:24:48 +0000] "GET /img/kirito.jpg HTTP/1.1" 404 525 "https://web-application-n0ne.c9users.io/homePage.html" "Mozilla/5.0 (Windows NT 10.0; Win64; x64) AppleWebKit/537.36 (KHTML, like Gecko) Chrome/60.0.3112.113 Safari/537.36"
10.240.1.18 - - [15/Sep/2017:09:25:10 +0000] "GET /homePage.html HTTP/1.1" 200 986 "-" "Mozilla/5.0 (Windows NT 10.0; Win64; x64) AppleWebKit/537.36 (KHTML, like Gecko) Chrome/60.0.3112.113 Safari/537.36"
10.240.1.14 - - [15/Sep/2017:09:25:10 +0000] "GET /img/kirito.jpg HTTP/1.1" 404 525 "https://web-application-n0ne.c9users.io/homePage.html" "Mozilla/5.0 (Windows NT 10.0; Win64; x64) AppleWebKit/537.36 (KHTML, like Gecko) Chrome/60.0.3112.113 Safari/537.36"
10.240.0.189 - - [15/Sep/2017:09:25:24 +0000] "GET /homePage.html HTTP/1.1" 200 988 "-" "Mozilla/5.0 (Windows NT 10.0; Win64; x64) AppleWebKit/537.36 (KHTML, like Gecko) Chrome/60.0.3112.113 Safari/537.36"
10.240.0.224 - - [15/Sep/2017:09:25:24 +0000] "GET /img/kirito.jpg HTTP/1.1" 404 525 "https://web-application-n0ne.c9users.io/homePage.html" "Mozilla/5.0 (Windows NT 10.0; Win64; x64) AppleWebKit/537.36 (KHTML, like Gecko) Chrome/60.0.3112.113 Safari/537.36"
10.240.0.224 - - [15/Sep/2017:09:30:49 +0000] "GET /homePage.html HTTP/1.1" 200 1002 "-" "Mozilla/5.0 (Windows NT 10.0; Win64; x64) AppleWebKit/537.36 (KHTML, like Gecko) Chrome/60.0.3112.113 Safari/537.36"
10.240.0.224 - - [15/Sep/2017:09:30:49 +0000] "GET /img/kirito.jpg HTTP/1.1" 404 525 "https://web-application-n0ne.c9users.io/homePage.html" "Mozilla/5.0 (Windows NT 10.0; Win64; x64) AppleWebKit/537.36 (KHTML, like Gecko) Chrome/60.0.3112.113 Safari/537.36"
10.240.1.31 - - [15/Sep/2017:09:31:07 +0000] "GET /homePage.html HTTP/1.1" 200 1002 "-" "Mozilla/5.0 (Windows NT 10.0; Win64; x64) AppleWebKit/537.36 (KHTML, like Gecko) Chrome/60.0.3112.113 Safari/537.36"
10.240.1.31 - - [15/Sep/2017:09:31:07 +0000] "GET /img/kirito.jpg HTTP/1.1" 404 525 "https://web-application-n0ne.c9users.io/homePage.html" "Mozilla/5.0 (Windows NT 10.0; Win64; x64) AppleWebKit/537.36 (KHTML, like Gecko) Chrome/60.0.3112.113 Safari/537.36"
10.240.1.67 - - [15/Sep/2017:09:36:09 +0000] "GET /homePage.html HTTP/1.1" 200 988 "-" "Mozilla/5.0 (Windows NT 10.0; Win64; x64) AppleWebKit/537.36 (KHTML, like Gecko) Chrome/60.0.3112.113 Safari/537.36"
10.240.1.18 - - [15/Sep/2017:09:36:10 +0000] "GET /img/kirito.jpg HTTP/1.1" 404 525 "https://web-application-n0ne.c9users.io/homePage.html" "Mozilla/5.0 (Windows NT 10.0; Win64; x64) AppleWebKit/537.36 (KHTML, like Gecko) Chrome/60.0.3112.113 Safari/537.36"
10.240.1.45 - - [15/Sep/2017:09:36:28 +0000] "GET /homePage.html HTTP/1.1" 200 1002 "-" "Mozilla/5.0 (Windows NT 10.0; Win64; x64) AppleWebKit/537.36 (KHTML, like Gecko) Chrome/60.0.3112.113 Safari/537.36"
10.240.0.224 - - [15/Sep/2017:09:36:28 +0000] "GET /img/kirito.jpg HTTP/1.1" 404 525 "https://web-application-n0ne.c9users.io/homePage.html" "Mozilla/5.0 (Windows NT 10.0; Win64; x64) AppleWebKit/537.36 (KHTML, like Gecko) Chrome/60.0.3112.113 Safari/537.36"
10.240.1.67 - - [15/Sep/2017:09:36:37 +0000] "GET /homePage.html HTTP/1.1" 200 1000 "-" "Mozilla/5.0 (Windows NT 10.0; Win64; x64) AppleWebKit/537.36 (KHTML, like Gecko) Chrome/60.0.3112.113 Safari/537.36"
10.240.1.67 - - [15/Sep/2017:09:36:37 +0000] "GET /img/kirito.jpg HTTP/1.1" 404 525 "https://web-application-n0ne.c9users.io/homePage.html" "Mozilla/5.0 (Windows NT 10.0; Win64; x64) AppleWebKit/537.36 (KHTML, like Gecko) Chrome/60.0.3112.113 Safari/537.36"
10.240.1.67 - - [15/Sep/2017:09:36:39 +0000] "GET /homePage.html HTTP/1.1" 200 1000 "-" "Mozilla/5.0 (Windows NT 10.0; Win64; x64) AppleWebKit/537.36 (KHTML, like Gecko) Chrome/60.0.3112.113 Safari/537.36"
10.240.0.224 - - [15/Sep/2017:09:36:39 +0000] "GET /img/kirito.jpg HTTP/1.1" 404 525 "https://web-application-n0ne.c9users.io/homePage.html" "Mozilla/5.0 (Windows NT 10.0; Win64; x64) AppleWebKit/537.36 (KHTML, like Gecko) Chrome/60.0.3112.113 Safari/537.36"
10.240.1.67 - - [15/Sep/2017:09:36:44 +0000] "GET /homePage.html HTTP/1.1" 200 1000 "-" "Mozilla/5.0 (Windows NT 10.0; Win64; x64) AppleWebKit/537.36 (KHTML, like Gecko) Chrome/60.0.3112.113 Safari/537.36"
10.240.1.67 - - [15/Sep/2017:09:36:44 +0000] "GET /img/kirito.jpg HTTP/1.1" 404 525 "https://web-application-n0ne.c9users.io/homePage.html" "Mozilla/5.0 (Windows NT 10.0; Win64; x64) AppleWebKit/537.36 (KHTML, like Gecko) Chrome/60.0.3112.113 Safari/537.36"
10.240.1.45 - - [15/Sep/2017:09:37:09 +0000] "GET /homePage.html HTTP/1.1" 200 1006 "-" "Mozilla/5.0 (Windows NT 10.0; Win64; x64) AppleWebKit/537.36 (KHTML, like Gecko) Chrome/60.0.3112.113 Safari/537.36"
10.240.1.14 - - [15/Sep/2017:09:37:09 +0000] "GET /img/kirito.jpg HTTP/1.1" 404 525 "https://web-application-n0ne.c9users.io/homePage.html" "Mozilla/5.0 (Windows NT 10.0; Win64; x64) AppleWebKit/537.36 (KHTML, like Gecko) Chrome/60.0.3112.113 Safari/537.36"
10.240.1.18 - - [15/Sep/2017:09:37:58 +0000] "GET /homePage.html HTTP/1.1" 200 999 "-" "Mozilla/5.0 (Windows NT 10.0; Win64; x64) AppleWebKit/537.36 (KHTML, like Gecko) Chrome/60.0.3112.113 Safari/537.36"
10.240.1.67 - - [15/Sep/2017:09:37:58 +0000] "GET /img/kirito.jpg HTTP/1.1" 404 525 "https://web-application-n0ne.c9users.io/homePage.html" "Mozilla/5.0 (Windows NT 10.0; Win64; x64) AppleWebKit/537.36 (KHTML, like Gecko) Chrome/60.0.3112.113 Safari/537.36"
10.240.1.4 - - [15/Sep/2017:09:42:13 +0000] "GET /homePage.html HTTP/1.1" 200 986 "-" "Mozilla/5.0 (Windows NT 10.0; Win64; x64) AppleWebKit/537.36 (KHTML, like Gecko) Chrome/60.0.3112.113 Safari/537.36"
10.240.1.4 - - [15/Sep/2017:09:42:13 +0000] "GET /img/kirito.jpg HTTP/1.1" 404 525 "https://web-application-n0ne.c9users.io/homePage.html" "Mozilla/5.0 (Windows NT 10.0; Win64; x64) AppleWebKit/537.36 (KHTML, like Gecko) Chrome/60.0.3112.113 Safari/537.36"
10.240.0.189 - - [15/Sep/2017:09:42:31 +0000] "GET /homePage.html HTTP/1.1" 200 959 "-" "Mozilla/5.0 (Windows NT 10.0; Win64; x64) AppleWebKit/537.36 (KHTML, like Gecko) Chrome/60.0.3112.113 Safari/537.36"
10.240.1.14 - - [15/Sep/2017:09:42:31 +0000] "GET /img/kirito.jpg HTTP/1.1" 404 525 "https://web-application-n0ne.c9users.io/homePage.html" "Mozilla/5.0 (Windows NT 10.0; Win64; x64) AppleWebKit/537.36 (KHTML, like Gecko) Chrome/60.0.3112.113 Safari/537.36"
10.240.1.4 - - [15/Sep/2017:09:51:41 +0000] "GET /homePage.html HTTP/1.1" 200 977 "-" "Mozilla/5.0 (Windows NT 10.0; Win64; x64) AppleWebKit/537.36 (KHTML, like Gecko) Chrome/60.0.3112.113 Safari/537.36"
10.240.1.14 - - [15/Sep/2017:09:51:42 +0000] "GET /img/kirito.jpg HTTP/1.1" 404 525 "https://web-application-n0ne.c9users.io/homePage.html" "Mozilla/5.0 (Windows NT 10.0; Win64; x64) AppleWebKit/537.36 (KHTML, like Gecko) Chrome/60.0.3112.113 Safari/537.36"
10.240.1.67 - - [15/Sep/2017:09:52:04 +0000] "GET /homePage.html HTTP/1.1" 200 1000 "-" "Mozilla/5.0 (Windows NT 10.0; Win64; x64) AppleWebKit/537.36 (KHTML, like Gecko) Chrome/60.0.3112.113 Safari/537.36"
10.240.1.14 - - [15/Sep/2017:09:52:04 +0000] "GET /img/kirito.jpg HTTP/1.1" 404 525 "https://web-application-n0ne.c9users.io/homePage.html" "Mozilla/5.0 (Windows NT 10.0; Win64; x64) AppleWebKit/537.36 (KHTML, like Gecko) Chrome/60.0.3112.113 Safari/537.36"
10.240.0.189 - - [15/Sep/2017:09:52:27 +0000] "GET /homePage.html HTTP/1.1" 200 1000 "-" "Mozilla/5.0 (Windows NT 10.0; Win64; x64) AppleWebKit/537.36 (KHTML, like Gecko) Chrome/60.0.3112.113 Safari/537.36"
10.240.1.67 - - [15/Sep/2017:09:52:27 +0000] "GET /img/kirito.jpg HTTP/1.1" 404 525 "https://web-application-n0ne.c9users.io/homePage.html" "Mozilla/5.0 (Windows NT 10.0; Win64; x64) AppleWebKit/537.36 (KHTML, like Gecko) Chrome/60.0.3112.113 Safari/537.36"
10.240.0.189 - - [15/Sep/2017:11:33:19 +0000] "GET /favicon.ico HTTP/1.1" 404 522 "https://web-application-n0ne.c9users.io/html.html" "Mozilla/5.0 (Windows NT 10.0; Win64; x64) AppleWebKit/537.36 (KHTML, like Gecko) Chrome/60.0.3112.113 Safari/537.36"
10.240.1.31 - - [15/Sep/2017:11:33:21 +0000] "GET /html.html HTTP/1.1" 200 551 "https://web-application-n0ne.c9users.io/html.html" "Mozilla/5.0 (Windows NT 10.0; Win64; x64) AppleWebKit/537.36 (KHTML, like Gecko) Chrome/60.0.3112.113 Safari/537.36"
10.240.0.189 - - [15/Sep/2017:11:33:21 +0000] "GET /mystyle.css HTTP/1.1" 200 527 "https://web-application-n0ne.c9users.io/html.html" "Mozilla/5.0 (Windows NT 10.0; Win64; x64) AppleWebKit/537.36 (KHTML, like Gecko) Chrome/60.0.3112.113 Safari/537.36"
10.240.1.67 - - [15/Sep/2017:11:35:04 +0000] "GET /html.html HTTP/1.1" 200 551 "https://web-application-n0ne.c9users.io/html.html" "Mozilla/5.0 (Windows NT 10.0; Win64; x64) AppleWebKit/537.36 (KHTML, like Gecko) Chrome/60.0.3112.113 Safari/537.36"
10.240.1.67 - - [15/Sep/2017:11:35:04 +0000] "GET /mystyle.css HTTP/1.1" 200 538 "https://web-application-n0ne.c9users.io/html.html" "Mozilla/5.0 (Windows NT 10.0; Win64; x64) AppleWebKit/537.36 (KHTML, like Gecko) Chrome/60.0.3112.113 Safari/537.36"
10.240.0.224 - - [15/Sep/2017:11:35:47 +0000] "GET /html.html HTTP/1.1" 200 562 "https://web-application-n0ne.c9users.io/html.html" "Mozilla/5.0 (Windows NT 10.0; Win64; x64) AppleWebKit/537.36 (KHTML, like Gecko) Chrome/60.0.3112.113 Safari/537.36"
10.240.1.14 - - [15/Sep/2017:11:35:47 +0000] "GET /mystyle.css HTTP/1.1" 200 538 "https://web-application-n0ne.c9users.io/html.html" "Mozilla/5.0 (Windows NT 10.0; Win64; x64) AppleWebKit/537.36 (KHTML, like Gecko) Chrome/60.0.3112.113 Safari/537.36"
10.240.1.45 - - [15/Sep/2017:11:36:53 +0000] "GET /html.html HTTP/1.1" 200 563 "https://web-application-n0ne.c9users.io/html.html" "Mozilla/5.0 (Windows NT 10.0; Win64; x64) AppleWebKit/537.36 (KHTML, like Gecko) Chrome/60.0.3112.113 Safari/537.36"
10.240.1.31 - - [15/Sep/2017:11:36:54 +0000] "GET /mystyle.css HTTP/1.1" 200 538 "https://web-application-n0ne.c9users.io/html.html" "Mozilla/5.0 (Windows NT 10.0; Win64; x64) AppleWebKit/537.36 (KHTML, like Gecko) Chrome/60.0.3112.113 Safari/537.36"
10.240.0.189 - - [15/Sep/2017:11:38:18 +0000] "GET /html.html HTTP/1.1" 200 563 "https://web-application-n0ne.c9users.io/html.html" "Mozilla/5.0 (Windows NT 10.0; Win64; x64) AppleWebKit/537.36 (KHTML, like Gecko) Chrome/60.0.3112.113 Safari/537.36"
10.240.1.45 - - [15/Sep/2017:11:38:18 +0000] "GET /mystyle.css HTTP/1.1" 200 538 "https://web-application-n0ne.c9users.io/html.html" "Mozilla/5.0 (Windows NT 10.0; Win64; x64) AppleWebKit/537.36 (KHTML, like Gecko) Chrome/60.0.3112.113 Safari/537.36"
10.240.1.14 - - [15/Sep/2017:11:41:46 +0000] "GET /html.html HTTP/1.1" 200 553 "https://web-application-n0ne.c9users.io/html.html" "Mozilla/5.0 (Windows NT 10.0; Win64; x64) AppleWebKit/537.36 (KHTML, like Gecko) Chrome/60.0.3112.113 Safari/537.36"
10.240.1.14 - - [15/Sep/2017:11:41:46 +0000] "GET /mystyle.css HTTP/1.1" 200 569 "https://web-application-n0ne.c9users.io/html.html" "Mozilla/5.0 (Windows NT 10.0; Win64; x64) AppleWebKit/537.36 (KHTML, like Gecko) Chrome/60.0.3112.113 Safari/537.36"
10.240.1.14 - - [15/Sep/2017:11:43:53 +0000] "GET /html.html HTTP/1.1" 200 553 "https://web-application-n0ne.c9users.io/html.html" "Mozilla/5.0 (Windows NT 10.0; Win64; x64) AppleWebKit/537.36 (KHTML, like Gecko) Chrome/60.0.3112.113 Safari/537.36"
10.240.1.14 - - [15/Sep/2017:11:43:53 +0000] "GET /mystyle.css HTTP/1.1" 200 569 "https://web-application-n0ne.c9users.io/html.html" "Mozilla/5.0 (Windows NT 10.0; Win64; x64) AppleWebKit/537.36 (KHTML, like Gecko) Chrome/60.0.3112.113 Safari/537.36"
10.240.1.4 - - [15/Sep/2017:12:00:46 +0000] "GET /html.html HTTP/1.1" 200 555 "https://web-application-n0ne.c9users.io/html.html" "Mozilla/5.0 (Windows NT 10.0; Win64; x64) AppleWebKit/537.36 (KHTML, like Gecko) Chrome/60.0.3112.113 Safari/537.36"
10.240.0.189 - - [15/Sep/2017:12:00:47 +0000] "GET /mystyle.css HTTP/1.1" 200 647 "https://web-application-n0ne.c9users.io/html.html" "Mozilla/5.0 (Windows NT 10.0; Win64; x64) AppleWebKit/537.36 (KHTML, like Gecko) Chrome/60.0.3112.113 Safari/537.36"
10.240.0.224 - - [15/Sep/2017:20:29:09 +0000] "GET /html.html HTTP/1.1" 200 555 "-" "Mozilla/5.0 (X11; Linux x86_64) AppleWebKit/537.36 (KHTML, like Gecko) Chrome/57.0.2987.110 Safari/537.36"
10.240.0.224 - - [15/Sep/2017:20:29:09 +0000] "GET /mystyle.css HTTP/1.1" 200 675 "https://web-application-n0ne.c9users.io/html.html" "Mozilla/5.0 (X11; Linux x86_64) AppleWebKit/537.36 (KHTML, like Gecko) Chrome/57.0.2987.110 Safari/537.36"
10.240.1.4 - - [15/Sep/2017:20:29:10 +0000] "GET /favicon.ico HTTP/1.1" 404 522 "https://web-application-n0ne.c9users.io/html.html" "Mozilla/5.0 (X11; Linux x86_64) AppleWebKit/537.36 (KHTML, like Gecko) Chrome/57.0.2987.110 Safari/537.36"
10.240.1.18 - - [17/Sep/2017:11:17:11 +0000] "GET /favicon.ico HTTP/1.1" 404 521 "-" "Mozilla/5.0 (Android 7.0; Mobile; rv:55.0.2) Gecko/55.0.2 Firefox/55.0.2"
10.240.0.224 - - [17/Sep/2017:11:17:32 +0000] "GET /html.html HTTP/1.1" 200 536 "-" "Mozilla/5.0 (Android 7.0; Mobile; rv:55.0) Gecko/55.0 Firefox/55.0"
10.240.1.18 - - [17/Sep/2017:11:17:32 +0000] "GET /mystyle.css HTTP/1.1" 200 669 "http://web-application-n0ne.c9users.io/html.html" "Mozilla/5.0 (Android 7.0; Mobile; rv:55.0) Gecko/55.0 Firefox/55.0"
10.240.1.31 - - [17/Sep/2017:11:53:29 +0000] "GET /favicon.ico HTTP/1.1" 404 521 "http://web-application-n0ne.c9users.io/html.html" "Mozilla/5.0 (Linux; Android 7.0; SM-G935F Build/NRD90M) AppleWebKit/537.36 (KHTML, like Gecko) Chrome/60.0.3112.116 Mobile Safari/537.36"
10.240.0.224 - - [21/Sep/2017:08:30:14 +0000] "GET /favicon.ico HTTP/1.1" 404 522 "-" "Mozilla/5.0 (Windows NT 10.0; Win64; x64; rv:54.0) Gecko/20100101 Firefox/54.0"
10.240.0.224 - - [21/Sep/2017:08:30:15 +0000] "GET /html.html HTTP/1.1" 200 536 "-" "Mozilla/5.0 (Windows NT 10.0; Win64; x64; rv:54.0) Gecko/20100101 Firefox/54.0"
10.240.0.224 - - [21/Sep/2017:08:30:15 +0000] "GET /mystyle.css HTTP/1.1" 200 666 "https://web-application-n0ne.c9users.io/html.html" "Mozilla/5.0 (Windows NT 10.0; Win64; x64; rv:54.0) Gecko/20100101 Firefox/54.0"
10.240.1.67 - - [21/Sep/2017:22:27:33 +0000] "GET /homePage.html HTTP/1.1" 200 1177 "-" "Mozilla/5.0 (X11; Linux x86_64; rv:45.0) Gecko/20100101 Firefox/45.0"
10.240.1.67 - - [21/Sep/2017:22:27:33 +0000] "GET /img/saitama.jpg HTTP/1.1" 200 168085 "https://web-application-n0ne.c9users.io/homePage.html" "Mozilla/5.0 (X11; Linux x86_64; rv:45.0) Gecko/20100101 Firefox/45.0"
10.240.1.45 - - [21/Sep/2017:22:27:34 +0000] "GET /img/kirito.jpg HTTP/1.1" 404 525 "https://web-application-n0ne.c9users.io/homePage.html" "Mozilla/5.0 (X11; Linux x86_64; rv:45.0) Gecko/20100101 Firefox/45.0"
10.240.0.224 - - [21/Sep/2017:22:27:34 +0000] "GET /img/naruto.png HTTP/1.1" 200 682057 "https://web-application-n0ne.c9users.io/homePage.html" "Mozilla/5.0 (X11; Linux x86_64; rv:45.0) Gecko/20100101 Firefox/45.0"
10.240.1.18 - - [21/Sep/2017:22:28:03 +0000] "GET /homePage.html HTTP/1.1" 200 1177 "-" "Mozilla/5.0 (X11; Linux x86_64; rv:45.0) Gecko/20100101 Firefox/45.0"
10.240.1.67 - - [21/Sep/2017:22:28:03 +0000] "GET /img/saitama.jpg HTTP/1.1" 304 182 "https://web-application-n0ne.c9users.io/homePage.html" "Mozilla/5.0 (X11; Linux x86_64; rv:45.0) Gecko/20100101 Firefox/45.0"
10.240.1.45 - - [21/Sep/2017:22:28:03 +0000] "GET /img/naruto.png HTTP/1.1" 304 182 "https://web-application-n0ne.c9users.io/homePage.html" "Mozilla/5.0 (X11; Linux x86_64; rv:45.0) Gecko/20100101 Firefox/45.0"
10.240.0.189 - - [21/Sep/2017:22:28:03 +0000] "GET /img/kirito.jpg HTTP/1.1" 404 525 "https://web-application-n0ne.c9users.io/homePage.html" "Mozilla/5.0 (X11; Linux x86_64; rv:45.0) Gecko/20100101 Firefox/45.0"
10.240.1.18 - - [21/Sep/2017:22:30:46 +0000] "GET /homePage.html HTTP/1.1" 200 1204 "-" "Mozilla/5.0 (X11; Linux x86_64; rv:45.0) Gecko/20100101 Firefox/45.0"
10.240.1.67 - - [21/Sep/2017:22:30:47 +0000] "GET /css/bootstrap.min.css HTTP/1.1" 200 18946 "https://web-application-n0ne.c9users.io/homePage.html" "Mozilla/5.0 (X11; Linux x86_64; rv:45.0) Gecko/20100101 Firefox/45.0"
10.240.1.14 - - [21/Sep/2017:22:30:47 +0000] "GET /img/kirito.jpg HTTP/1.1" 404 525 "https://web-application-n0ne.c9users.io/homePage.html" "Mozilla/5.0 (X11; Linux x86_64; rv:45.0) Gecko/20100101 Firefox/45.0"
10.240.1.4 - - [21/Sep/2017:22:30:47 +0000] "GET /img/saitama.jpg HTTP/1.1" 304 182 "https://web-application-n0ne.c9users.io/homePage.html" "Mozilla/5.0 (X11; Linux x86_64; rv:45.0) Gecko/20100101 Firefox/45.0"
10.240.1.14 - - [21/Sep/2017:22:30:47 +0000] "GET /img/naruto.png HTTP/1.1" 304 182 "https://web-application-n0ne.c9users.io/homePage.html" "Mozilla/5.0 (X11; Linux x86_64; rv:45.0) Gecko/20100101 Firefox/45.0"
10.240.1.14 - - [21/Sep/2017:22:30:49 +0000] "GET /homePage.html HTTP/1.1" 200 1204 "-" "Mozilla/5.0 (X11; Linux x86_64; rv:45.0) Gecko/20100101 Firefox/45.0"
10.240.1.14 - - [21/Sep/2017:22:30:49 +0000] "GET /css/bootstrap.min.css HTTP/1.1" 200 18946 "https://web-application-n0ne.c9users.io/homePage.html" "Mozilla/5.0 (X11; Linux x86_64; rv:45.0) Gecko/20100101 Firefox/45.0"
10.240.1.14 - - [21/Sep/2017:22:30:50 +0000] "GET /img/kirito.jpg HTTP/1.1" 404 525 "https://web-application-n0ne.c9users.io/homePage.html" "Mozilla/5.0 (X11; Linux x86_64; rv:45.0) Gecko/20100101 Firefox/45.0"
10.240.1.14 - - [21/Sep/2017:22:30:50 +0000] "GET /img/saitama.jpg HTTP/1.1" 304 182 "https://web-application-n0ne.c9users.io/homePage.html" "Mozilla/5.0 (X11; Linux x86_64; rv:45.0) Gecko/20100101 Firefox/45.0"
10.240.1.31 - - [21/Sep/2017:22:30:50 +0000] "GET /img/naruto.png HTTP/1.1" 304 182 "https://web-application-n0ne.c9users.io/homePage.html" "Mozilla/5.0 (X11; Linux x86_64; rv:45.0) Gecko/20100101 Firefox/45.0"
10.240.1.4 - - [21/Sep/2017:22:30:57 +0000] "GET /homePage.html HTTP/1.1" 200 1204 "-" "Mozilla/5.0 (X11; Linux x86_64; rv:45.0) Gecko/20100101 Firefox/45.0"
10.240.0.189 - - [21/Sep/2017:22:30:57 +0000] "GET /img/kirito.jpg HTTP/1.1" 404 525 "https://web-application-n0ne.c9users.io/homePage.html" "Mozilla/5.0 (X11; Linux x86_64; rv:45.0) Gecko/20100101 Firefox/45.0"
10.240.1.31 - - [21/Sep/2017:22:31:07 +0000] "GET /homePage.html HTTP/1.1" 200 1204 "-" "Mozilla/5.0 (X11; Linux x86_64; rv:45.0) Gecko/20100101 Firefox/45.0"
10.240.0.224 - - [21/Sep/2017:22:31:08 +0000] "GET /css/bootstrap.min.css HTTP/1.1" 200 18946 "https://web-application-n0ne.c9users.io/homePage.html" "Mozilla/5.0 (X11; Linux x86_64; rv:45.0) Gecko/20100101 Firefox/45.0"
10.240.0.224 - - [21/Sep/2017:22:31:08 +0000] "GET /img/saitama.jpg HTTP/1.1" 304 182 "https://web-application-n0ne.c9users.io/homePage.html" "Mozilla/5.0 (X11; Linux x86_64; rv:45.0) Gecko/20100101 Firefox/45.0"
10.240.1.14 - - [21/Sep/2017:22:31:08 +0000] "GET /img/naruto.png HTTP/1.1" 304 182 "https://web-application-n0ne.c9users.io/homePage.html" "Mozilla/5.0 (X11; Linux x86_64; rv:45.0) Gecko/20100101 Firefox/45.0"
10.240.1.45 - - [21/Sep/2017:22:31:08 +0000] "GET /img/kirito.jpg HTTP/1.1" 404 525 "https://web-application-n0ne.c9users.io/homePage.html" "Mozilla/5.0 (X11; Linux x86_64; rv:45.0) Gecko/20100101 Firefox/45.0"
10.240.1.31 - - [21/Sep/2017:22:31:10 +0000] "GET /homePage.html HTTP/1.1" 200 1204 "-" "Mozilla/5.0 (X11; Linux x86_64; rv:45.0) Gecko/20100101 Firefox/45.0"
10.240.1.31 - - [21/Sep/2017:22:31:10 +0000] "GET /css/bootstrap.min.css HTTP/1.1" 200 18946 "https://web-application-n0ne.c9users.io/homePage.html" "Mozilla/5.0 (X11; Linux x86_64; rv:45.0) Gecko/20100101 Firefox/45.0"
10.240.0.224 - - [21/Sep/2017:22:31:10 +0000] "GET /img/kirito.jpg HTTP/1.1" 404 525 "https://web-application-n0ne.c9users.io/homePage.html" "Mozilla/5.0 (X11; Linux x86_64; rv:45.0) Gecko/20100101 Firefox/45.0"
10.240.0.224 - - [21/Sep/2017:22:31:10 +0000] "GET /img/saitama.jpg HTTP/1.1" 304 182 "https://web-application-n0ne.c9users.io/homePage.html" "Mozilla/5.0 (X11; Linux x86_64; rv:45.0) Gecko/20100101 Firefox/45.0"
10.240.0.224 - - [21/Sep/2017:22:31:10 +0000] "GET /img/naruto.png HTTP/1.1" 304 182 "https://web-application-n0ne.c9users.io/homePage.html" "Mozilla/5.0 (X11; Linux x86_64; rv:45.0) Gecko/20100101 Firefox/45.0"
10.240.1.18 - - [21/Sep/2017:22:32:22 +0000] "GET /homePage.html HTTP/1.1" 200 1205 "-" "Mozilla/5.0 (X11; Linux x86_64; rv:45.0) Gecko/20100101 Firefox/45.0"
10.240.1.4 - - [21/Sep/2017:22:32:23 +0000] "GET /css/bootstrap.min.css HTTP/1.1" 200 18946 "https://web-application-n0ne.c9users.io/homePage.html" "Mozilla/5.0 (X11; Linux x86_64; rv:45.0) Gecko/20100101 Firefox/45.0"
10.240.1.45 - - [21/Sep/2017:22:32:23 +0000] "GET /img/kirito.jpg HTTP/1.1" 404 525 "https://web-application-n0ne.c9users.io/homePage.html" "Mozilla/5.0 (X11; Linux x86_64; rv:45.0) Gecko/20100101 Firefox/45.0"
10.240.1.14 - - [21/Sep/2017:22:32:23 +0000] "GET /img/saitama.jpg HTTP/1.1" 304 182 "https://web-application-n0ne.c9users.io/homePage.html" "Mozilla/5.0 (X11; Linux x86_64; rv:45.0) Gecko/20100101 Firefox/45.0"
10.240.0.189 - - [21/Sep/2017:22:32:23 +0000] "GET /img/naruto.png HTTP/1.1" 304 182 "https://web-application-n0ne.c9users.io/homePage.html" "Mozilla/5.0 (X11; Linux x86_64; rv:45.0) Gecko/20100101 Firefox/45.0"
10.240.1.14 - - [21/Sep/2017:22:32:43 +0000] "GET /homePage.html HTTP/1.1" 200 1023 "-" "Mozilla/5.0 (X11; Linux x86_64; rv:45.0) Gecko/20100101 Firefox/45.0"
10.240.1.14 - - [21/Sep/2017:22:32:43 +0000] "GET /img/kirito.jpg HTTP/1.1" 404 525 "https://web-application-n0ne.c9users.io/homePage.html" "Mozilla/5.0 (X11; Linux x86_64; rv:45.0) Gecko/20100101 Firefox/45.0"
10.240.1.14 - - [21/Sep/2017:22:32:43 +0000] "GET /img/naruto.png HTTP/1.1" 304 182 "https://web-application-n0ne.c9users.io/homePage.html" "Mozilla/5.0 (X11; Linux x86_64; rv:45.0) Gecko/20100101 Firefox/45.0"
10.240.1.31 - - [21/Sep/2017:22:32:44 +0000] "GET /img/saitama.jpg HTTP/1.1" 304 182 "https://web-application-n0ne.c9users.io/homePage.html" "Mozilla/5.0 (X11; Linux x86_64; rv:45.0) Gecko/20100101 Firefox/45.0"
10.240.1.67 - - [21/Sep/2017:22:32:46 +0000] "GET /homePage.html HTTP/1.1" 200 1023 "-" "Mozilla/5.0 (X11; Linux x86_64; rv:45.0) Gecko/20100101 Firefox/45.0"
10.240.1.4 - - [21/Sep/2017:22:32:46 +0000] "GET /img/kirito.jpg HTTP/1.1" 404 525 "https://web-application-n0ne.c9users.io/homePage.html" "Mozilla/5.0 (X11; Linux x86_64; rv:45.0) Gecko/20100101 Firefox/45.0"
10.240.1.14 - - [21/Sep/2017:22:32:46 +0000] "GET /img/saitama.jpg HTTP/1.1" 304 182 "https://web-application-n0ne.c9users.io/homePage.html" "Mozilla/5.0 (X11; Linux x86_64; rv:45.0) Gecko/20100101 Firefox/45.0"
10.240.1.18 - - [21/Sep/2017:22:32:46 +0000] "GET /img/naruto.png HTTP/1.1" 304 182 "https://web-application-n0ne.c9users.io/homePage.html" "Mozilla/5.0 (X11; Linux x86_64; rv:45.0) Gecko/20100101 Firefox/45.0"
10.240.1.31 - - [21/Sep/2017:22:33:11 +0000] "GET /homePage.html HTTP/1.1" 200 1205 "-" "Mozilla/5.0 (X11; Linux x86_64; rv:45.0) Gecko/20100101 Firefox/45.0"
10.240.1.31 - - [21/Sep/2017:22:33:11 +0000] "GET /css/bootstrap.css HTTP/1.1" 200 20613 "https://web-application-n0ne.c9users.io/homePage.html" "Mozilla/5.0 (X11; Linux x86_64; rv:45.0) Gecko/20100101 Firefox/45.0"
10.240.1.31 - - [21/Sep/2017:22:33:11 +0000] "GET /img/kirito.jpg HTTP/1.1" 404 525 "https://web-application-n0ne.c9users.io/homePage.html" "Mozilla/5.0 (X11; Linux x86_64; rv:45.0) Gecko/20100101 Firefox/45.0"
10.240.0.189 - - [21/Sep/2017:22:33:11 +0000] "GET /img/saitama.jpg HTTP/1.1" 304 182 "https://web-application-n0ne.c9users.io/homePage.html" "Mozilla/5.0 (X11; Linux x86_64; rv:45.0) Gecko/20100101 Firefox/45.0"
10.240.1.31 - - [21/Sep/2017:22:33:11 +0000] "GET /img/naruto.png HTTP/1.1" 304 182 "https://web-application-n0ne.c9users.io/homePage.html" "Mozilla/5.0 (X11; Linux x86_64; rv:45.0) Gecko/20100101 Firefox/45.0"
10.240.0.189 - - [21/Sep/2017:22:36:03 +0000] "GET /homePage.html HTTP/1.1" 200 1207 "-" "Mozilla/5.0 (X11; Linux x86_64; rv:45.0) Gecko/20100101 Firefox/45.0"
10.240.0.189 - - [21/Sep/2017:22:36:03 +0000] "GET /bootstrap/css/bootstrap.css HTTP/1.1" 200 18696 "https://web-application-n0ne.c9users.io/homePage.html" "Mozilla/5.0 (X11; Linux x86_64; rv:45.0) Gecko/20100101 Firefox/45.0"
10.240.0.189 - - [21/Sep/2017:22:36:03 +0000] "GET /img/saitama.jpg HTTP/1.1" 304 182 "https://web-application-n0ne.c9users.io/homePage.html" "Mozilla/5.0 (X11; Linux x86_64; rv:45.0) Gecko/20100101 Firefox/45.0"
10.240.0.189 - - [21/Sep/2017:22:36:03 +0000] "GET /img/naruto.png HTTP/1.1" 304 182 "https://web-application-n0ne.c9users.io/homePage.html" "Mozilla/5.0 (X11; Linux x86_64; rv:45.0) Gecko/20100101 Firefox/45.0"
10.240.1.45 - - [21/Sep/2017:22:36:04 +0000] "GET /img/kirito.jpg HTTP/1.1" 404 525 "https://web-application-n0ne.c9users.io/homePage.html" "Mozilla/5.0 (X11; Linux x86_64; rv:45.0) Gecko/20100101 Firefox/45.0"
10.240.1.14 - - [21/Sep/2017:22:36:15 +0000] "GET /homePage.html HTTP/1.1" 200 1177 "-" "Mozilla/5.0 (X11; Linux x86_64; rv:45.0) Gecko/20100101 Firefox/45.0"
10.240.1.14 - - [21/Sep/2017:22:36:15 +0000] "GET /img/kirito.jpg HTTP/1.1" 404 525 "https://web-application-n0ne.c9users.io/homePage.html" "Mozilla/5.0 (X11; Linux x86_64; rv:45.0) Gecko/20100101 Firefox/45.0"
10.240.0.189 - - [21/Sep/2017:22:36:15 +0000] "GET /img/naruto.png HTTP/1.1" 304 182 "https://web-application-n0ne.c9users.io/homePage.html" "Mozilla/5.0 (X11; Linux x86_64; rv:45.0) Gecko/20100101 Firefox/45.0"
10.240.1.67 - - [21/Sep/2017:22:36:15 +0000] "GET /img/saitama.jpg HTTP/1.1" 304 182 "https://web-application-n0ne.c9users.io/homePage.html" "Mozilla/5.0 (X11; Linux x86_64; rv:45.0) Gecko/20100101 Firefox/45.0"
10.240.1.31 - - [21/Sep/2017:22:36:15 +0000] "GET /img/kirito.jpg HTTP/1.1" 404 525 "https://web-application-n0ne.c9users.io/homePage.html" "Mozilla/5.0 (X11; Linux x86_64; rv:45.0) Gecko/20100101 Firefox/45.0"
10.240.1.4 - - [21/Sep/2017:22:38:53 +0000] "GET /homePage.html HTTP/1.1" 200 1208 "-" "Mozilla/5.0 (X11; Linux x86_64; rv:45.0) Gecko/20100101 Firefox/45.0"
10.240.0.224 - - [21/Sep/2017:22:38:54 +0000] "GET /boostrap/css/bootstrap.css HTTP/1.1" 404 537 "https://web-application-n0ne.c9users.io/homePage.html" "Mozilla/5.0 (X11; Linux x86_64; rv:45.0) Gecko/20100101 Firefox/45.0"
10.240.1.4 - - [21/Sep/2017:22:38:54 +0000] "GET /img/kirito.jpg HTTP/1.1" 404 525 "https://web-application-n0ne.c9users.io/homePage.html" "Mozilla/5.0 (X11; Linux x86_64; rv:45.0) Gecko/20100101 Firefox/45.0"
10.240.1.18 - - [21/Sep/2017:22:38:54 +0000] "GET /img/saitama.jpg HTTP/1.1" 304 182 "https://web-application-n0ne.c9users.io/homePage.html" "Mozilla/5.0 (X11; Linux x86_64; rv:45.0) Gecko/20100101 Firefox/45.0"
10.240.1.67 - - [21/Sep/2017:22:38:55 +0000] "GET /img/naruto.png HTTP/1.1" 304 182 "https://web-application-n0ne.c9users.io/homePage.html" "Mozilla/5.0 (X11; Linux x86_64; rv:45.0) Gecko/20100101 Firefox/45.0"
10.240.1.45 - - [21/Sep/2017:22:38:56 +0000] "GET /homePage.html HTTP/1.1" 200 1208 "-" "Mozilla/5.0 (X11; Linux x86_64; rv:45.0) Gecko/20100101 Firefox/45.0"
10.240.1.4 - - [21/Sep/2017:22:38:56 +0000] "GET /boostrap/css/bootstrap.css HTTP/1.1" 404 537 "https://web-application-n0ne.c9users.io/homePage.html" "Mozilla/5.0 (X11; Linux x86_64; rv:45.0) Gecko/20100101 Firefox/45.0"
10.240.0.224 - - [21/Sep/2017:22:38:56 +0000] "GET /img/saitama.jpg HTTP/1.1" 304 182 "https://web-application-n0ne.c9users.io/homePage.html" "Mozilla/5.0 (X11; Linux x86_64; rv:45.0) Gecko/20100101 Firefox/45.0"
10.240.0.224 - - [21/Sep/2017:22:38:56 +0000] "GET /img/naruto.png HTTP/1.1" 304 182 "https://web-application-n0ne.c9users.io/homePage.html" "Mozilla/5.0 (X11; Linux x86_64; rv:45.0) Gecko/20100101 Firefox/45.0"
10.240.1.14 - - [21/Sep/2017:22:38:57 +0000] "GET /img/kirito.jpg HTTP/1.1" 404 525 "https://web-application-n0ne.c9users.io/homePage.html" "Mozilla/5.0 (X11; Linux x86_64; rv:45.0) Gecko/20100101 Firefox/45.0"
10.240.1.45 - - [21/Sep/2017:22:41:50 +0000] "GET /homePage.html HTTP/1.1" 200 1253 "-" "Mozilla/5.0 (X11; Linux x86_64; rv:45.0) Gecko/20100101 Firefox/45.0"
10.240.1.18 - - [21/Sep/2017:22:41:51 +0000] "GET /boostrap/css/bootstrap.css HTTP/1.1" 404 537 "https://web-application-n0ne.c9users.io/homePage.html" "Mozilla/5.0 (X11; Linux x86_64; rv:45.0) Gecko/20100101 Firefox/45.0"
10.240.1.18 - - [21/Sep/2017:22:41:51 +0000] "GET /img/naruto.png HTTP/1.1" 304 182 "https://web-application-n0ne.c9users.io/homePage.html" "Mozilla/5.0 (X11; Linux x86_64; rv:45.0) Gecko/20100101 Firefox/45.0"
10.240.1.4 - - [21/Sep/2017:22:41:51 +0000] "GET /img/kirito.jpg HTTP/1.1" 404 525 "https://web-application-n0ne.c9users.io/homePage.html" "Mozilla/5.0 (X11; Linux x86_64; rv:45.0) Gecko/20100101 Firefox/45.0"
10.240.1.14 - - [21/Sep/2017:22:41:51 +0000] "GET /img/saitama.jpg HTTP/1.1" 304 182 "https://web-application-n0ne.c9users.io/homePage.html" "Mozilla/5.0 (X11; Linux x86_64; rv:45.0) Gecko/20100101 Firefox/45.0"
10.240.1.31 - - [21/Sep/2017:22:42:26 +0000] "GET /homePage.html HTTP/1.1" 200 1287 "-" "Mozilla/5.0 (X11; Linux x86_64; rv:45.0) Gecko/20100101 Firefox/45.0"
10.240.1.18 - - [21/Sep/2017:22:42:26 +0000] "GET /boostrap/css/bootstrap.css HTTP/1.1" 404 537 "https://web-application-n0ne.c9users.io/homePage.html" "Mozilla/5.0 (X11; Linux x86_64; rv:45.0) Gecko/20100101 Firefox/45.0"
10.240.1.4 - - [21/Sep/2017:22:42:26 +0000] "GET /img/saitama.jpg HTTP/1.1" 304 182 "https://web-application-n0ne.c9users.io/homePage.html" "Mozilla/5.0 (X11; Linux x86_64; rv:45.0) Gecko/20100101 Firefox/45.0"
10.240.1.4 - - [21/Sep/2017:22:42:26 +0000] "GET /img/naruto.png HTTP/1.1" 304 182 "https://web-application-n0ne.c9users.io/homePage.html" "Mozilla/5.0 (X11; Linux x86_64; rv:45.0) Gecko/20100101 Firefox/45.0"
10.240.1.67 - - [21/Sep/2017:22:42:26 +0000] "GET /img/kirito.jpg HTTP/1.1" 404 525 "https://web-application-n0ne.c9users.io/homePage.html" "Mozilla/5.0 (X11; Linux x86_64; rv:45.0) Gecko/20100101 Firefox/45.0"
10.240.1.14 - - [21/Sep/2017:22:43:32 +0000] "GET /homePage.html HTTP/1.1" 200 1322 "-" "Mozilla/5.0 (X11; Linux x86_64; rv:45.0) Gecko/20100101 Firefox/45.0"
10.240.1.45 - - [21/Sep/2017:22:43:33 +0000] "GET /boostrap/css/bootstrap.css HTTP/1.1" 404 537 "https://web-application-n0ne.c9users.io/homePage.html" "Mozilla/5.0 (X11; Linux x86_64; rv:45.0) Gecko/20100101 Firefox/45.0"
10.240.1.14 - - [21/Sep/2017:22:43:33 +0000] "GET /img/saitama.jpg HTTP/1.1" 304 182 "https://web-application-n0ne.c9users.io/homePage.html" "Mozilla/5.0 (X11; Linux x86_64; rv:45.0) Gecko/20100101 Firefox/45.0"
10.240.1.31 - - [21/Sep/2017:22:43:33 +0000] "GET /img/kirito.jpg HTTP/1.1" 404 525 "https://web-application-n0ne.c9users.io/homePage.html" "Mozilla/5.0 (X11; Linux x86_64; rv:45.0) Gecko/20100101 Firefox/45.0"
10.240.1.67 - - [21/Sep/2017:22:43:33 +0000] "GET /img/naruto.png HTTP/1.1" 304 182 "https://web-application-n0ne.c9users.io/homePage.html" "Mozilla/5.0 (X11; Linux x86_64; rv:45.0) Gecko/20100101 Firefox/45.0"
10.240.1.67 - - [21/Sep/2017:22:46:35 +0000] "GET /homePage.html HTTP/1.1" 200 1319 "-" "Mozilla/5.0 (X11; Linux x86_64; rv:45.0) Gecko/20100101 Firefox/45.0"
10.240.1.67 - - [21/Sep/2017:22:46:36 +0000] "GET /boostrap/css/bootstrap.css HTTP/1.1" 404 537 "https://web-application-n0ne.c9users.io/homePage.html" "Mozilla/5.0 (X11; Linux x86_64; rv:45.0) Gecko/20100101 Firefox/45.0"
10.240.1.14 - - [21/Sep/2017:22:46:36 +0000] "GET /img/kirito.jpg HTTP/1.1" 404 525 "https://web-application-n0ne.c9users.io/homePage.html" "Mozilla/5.0 (X11; Linux x86_64; rv:45.0) Gecko/20100101 Firefox/45.0"
10.240.1.14 - - [21/Sep/2017:22:46:36 +0000] "GET /img/saitama.jpg HTTP/1.1" 304 182 "https://web-application-n0ne.c9users.io/homePage.html" "Mozilla/5.0 (X11; Linux x86_64; rv:45.0) Gecko/20100101 Firefox/45.0"
10.240.1.45 - - [21/Sep/2017:22:46:36 +0000] "GET /img/naruto.png HTTP/1.1" 304 182 "https://web-application-n0ne.c9users.io/homePage.html" "Mozilla/5.0 (X11; Linux x86_64; rv:45.0) Gecko/20100101 Firefox/45.0"
10.240.1.4 - - [21/Sep/2017:22:46:53 +0000] "GET /homePage.html HTTP/1.1" 200 1287 "-" "Mozilla/5.0 (X11; Linux x86_64; rv:45.0) Gecko/20100101 Firefox/45.0"
10.240.1.31 - - [21/Sep/2017:22:46:54 +0000] "GET /boostrap/css/bootstrap.css HTTP/1.1" 404 537 "https://web-application-n0ne.c9users.io/homePage.html" "Mozilla/5.0 (X11; Linux x86_64; rv:45.0) Gecko/20100101 Firefox/45.0"
10.240.1.31 - - [21/Sep/2017:22:46:54 +0000] "GET /img/kirito.jpg HTTP/1.1" 404 525 "https://web-application-n0ne.c9users.io/homePage.html" "Mozilla/5.0 (X11; Linux x86_64; rv:45.0) Gecko/20100101 Firefox/45.0"
10.240.1.67 - - [21/Sep/2017:22:46:54 +0000] "GET /img/saitama.jpg HTTP/1.1" 304 182 "https://web-application-n0ne.c9users.io/homePage.html" "Mozilla/5.0 (X11; Linux x86_64; rv:45.0) Gecko/20100101 Firefox/45.0"
10.240.1.67 - - [21/Sep/2017:22:46:54 +0000] "GET /img/naruto.png HTTP/1.1" 304 182 "https://web-application-n0ne.c9users.io/homePage.html" "Mozilla/5.0 (X11; Linux x86_64; rv:45.0) Gecko/20100101 Firefox/45.0"
10.240.1.14 - - [21/Sep/2017:22:47:10 +0000] "GET /homePage.html HTTP/1.1" 200 1287 "-" "Mozilla/5.0 (X11; Linux x86_64; rv:45.0) Gecko/20100101 Firefox/45.0"
